Archive member included to satisfy reference by file (symbol)

/Users/shinkichi/Documents/MCUXpressoIDE_10.0.2/workspace/LabProject-CAN/mbed/TARGET_LPC1768/TOOLCHAIN_GCC_CR/libmbed.a(pwmout_api.o)
                              ./MyLib2/StairCtrl2.o (pwmout_write)
/Users/shinkichi/Documents/MCUXpressoIDE_10.0.2/workspace/LabProject-CAN/mbed/TARGET_LPC1768/TOOLCHAIN_GCC_CR/libmbed.a(serial_api.o)
                              /Users/shinkichi/Documents/MCUXpressoIDE_10.0.2/workspace/LabProject-CAN/mbed/TARGET_LPC1768/TOOLCHAIN_GCC_CR/retarget.o (serial_getc)
/Users/shinkichi/Documents/MCUXpressoIDE_10.0.2/workspace/LabProject-CAN/mbed/TARGET_LPC1768/TOOLCHAIN_GCC_CR/libmbed.a(CAN.o)
                              ./main.o (mbed::CAN::~CAN())
/Users/shinkichi/Documents/MCUXpressoIDE_10.0.2/workspace/LabProject-CAN/mbed/TARGET_LPC1768/TOOLCHAIN_GCC_CR/libmbed.a(FilePath.o)
                              /Users/shinkichi/Documents/MCUXpressoIDE_10.0.2/workspace/LabProject-CAN/mbed/TARGET_LPC1768/TOOLCHAIN_GCC_CR/retarget.o (mbed::FilePath::FilePath(char const*))
/Users/shinkichi/Documents/MCUXpressoIDE_10.0.2/workspace/LabProject-CAN/mbed/TARGET_LPC1768/TOOLCHAIN_GCC_CR/libmbed.a(FileSystemLike.o)
                              /Users/shinkichi/Documents/MCUXpressoIDE_10.0.2/workspace/LabProject-CAN/mbed/TARGET_LPC1768/TOOLCHAIN_GCC_CR/retarget.o (mbed::FileSystemLike::opendir())
/Users/shinkichi/Documents/MCUXpressoIDE_10.0.2/workspace/LabProject-CAN/mbed/TARGET_LPC1768/TOOLCHAIN_GCC_CR/libmbed.a(assert.o)
                              ./MyLib2/StairCtrl2.o (mbed_assert_internal)
/Users/shinkichi/Documents/MCUXpressoIDE_10.0.2/workspace/LabProject-CAN/mbed/TARGET_LPC1768/TOOLCHAIN_GCC_CR/libmbed.a(error.o)
                              /Users/shinkichi/Documents/MCUXpressoIDE_10.0.2/workspace/LabProject-CAN/mbed/TARGET_LPC1768/TOOLCHAIN_GCC_CR/retarget.o (error)
/Users/shinkichi/Documents/MCUXpressoIDE_10.0.2/workspace/LabProject-CAN/mbed/TARGET_LPC1768/TOOLCHAIN_GCC_CR/libmbed.a(gpio.o)
                              /Users/shinkichi/Documents/MCUXpressoIDE_10.0.2/workspace/LabProject-CAN/mbed/TARGET_LPC1768/TOOLCHAIN_GCC_CR/libmbed.a(serial_api.o) (gpio_init_in)
/Users/shinkichi/Documents/MCUXpressoIDE_10.0.2/workspace/LabProject-CAN/mbed/TARGET_LPC1768/TOOLCHAIN_GCC_CR/libmbed.a(mbed_interface.o)
                              /Users/shinkichi/Documents/MCUXpressoIDE_10.0.2/workspace/LabProject-CAN/mbed/TARGET_LPC1768/TOOLCHAIN_GCC_CR/retarget.o (mbed_interface_connected)
/Users/shinkichi/Documents/MCUXpressoIDE_10.0.2/workspace/LabProject-CAN/mbed/TARGET_LPC1768/TOOLCHAIN_GCC_CR/libmbed.a(pinmap_common.o)
                              /Users/shinkichi/Documents/MCUXpressoIDE_10.0.2/workspace/LabProject-CAN/mbed/TARGET_LPC1768/TOOLCHAIN_GCC_CR/libmbed.a(pwmout_api.o) (pinmap_pinout)
/Users/shinkichi/Documents/MCUXpressoIDE_10.0.2/workspace/LabProject-CAN/mbed/TARGET_LPC1768/TOOLCHAIN_GCC_CR/libmbed.a(semihost_api.o)
                              /Users/shinkichi/Documents/MCUXpressoIDE_10.0.2/workspace/LabProject-CAN/mbed/TARGET_LPC1768/TOOLCHAIN_GCC_CR/retarget.o (semihost_exit)
/Users/shinkichi/Documents/MCUXpressoIDE_10.0.2/workspace/LabProject-CAN/mbed/TARGET_LPC1768/TOOLCHAIN_GCC_CR/libmbed.a(wait_api.o)
                              /Users/shinkichi/Documents/MCUXpressoIDE_10.0.2/workspace/LabProject-CAN/mbed/TARGET_LPC1768/TOOLCHAIN_GCC_CR/board.o (wait_ms)
/Users/shinkichi/Documents/MCUXpressoIDE_10.0.2/workspace/LabProject-CAN/mbed/TARGET_LPC1768/TOOLCHAIN_GCC_CR/libmbed.a(can_api.o)
                              /Users/shinkichi/Documents/MCUXpressoIDE_10.0.2/workspace/LabProject-CAN/mbed/TARGET_LPC1768/TOOLCHAIN_GCC_CR/libmbed.a(CAN.o) (can_mode)
/Users/shinkichi/Documents/MCUXpressoIDE_10.0.2/workspace/LabProject-CAN/mbed/TARGET_LPC1768/TOOLCHAIN_GCC_CR/libmbed.a(gpio_api.o)
                              /Users/shinkichi/Documents/MCUXpressoIDE_10.0.2/workspace/LabProject-CAN/mbed/TARGET_LPC1768/TOOLCHAIN_GCC_CR/libmbed.a(gpio.o) (gpio_init)
/Users/shinkichi/Documents/MCUXpressoIDE_10.0.2/workspace/LabProject-CAN/mbed/TARGET_LPC1768/TOOLCHAIN_GCC_CR/libmbed.a(pinmap.o)
                              /Users/shinkichi/Documents/MCUXpressoIDE_10.0.2/workspace/LabProject-CAN/mbed/TARGET_LPC1768/TOOLCHAIN_GCC_CR/libmbed.a(pinmap_common.o) (pin_function)
/Users/shinkichi/Documents/MCUXpressoIDE_10.0.2/workspace/LabProject-CAN/mbed/TARGET_LPC1768/TOOLCHAIN_GCC_CR/libmbed.a(us_ticker.o)
                              /Users/shinkichi/Documents/MCUXpressoIDE_10.0.2/workspace/LabProject-CAN/mbed/TARGET_LPC1768/TOOLCHAIN_GCC_CR/libmbed.a(wait_api.o) (us_ticker_read)
/Users/shinkichi/Documents/MCUXpressoIDE_10.0.2/workspace/LabProject-CAN/mbed/TARGET_LPC1768/TOOLCHAIN_GCC_CR/libmbed.a(FileBase.o)
                              /Users/shinkichi/Documents/MCUXpressoIDE_10.0.2/workspace/LabProject-CAN/mbed/TARGET_LPC1768/TOOLCHAIN_GCC_CR/libmbed.a(FileSystemLike.o) (mbed::FileBase::~FileBase())
[...]
Memory Configuration

Name             Origin             Length             Attributes
MFlash512        0x0000000000000000 0x0000000000080000 xr
RamLoc32         0x00000000100000c8 0x0000000000007f38 xrw
RamAHB_USB       0x000000002007c000 0x0000000000004000 xrw
RamAHB_Eth       0x0000000020080000 0x0000000000004000 xrw
*default*        0x0000000000000000 0xffffffffffffffff

Linker script and memory map

LOAD ./MyLib2/StairCtrl2.o
LOAD ./main.o
LOAD /Users/shinkichi/Documents/MCUXpressoIDE_10.0.2/workspace/LabProject-CAN/mbed/TARGET_LPC1768/TOOLCHAIN_GCC_CR/board.o
LOAD /Users/shinkichi/Documents/MCUXpressoIDE_10.0.2/workspace/LabProject-CAN/mbed/TARGET_LPC1768/TOOLCHAIN_GCC_CR/cmsis_nvic.o
LOAD /Users/shinkichi/Documents/MCUXpressoIDE_10.0.2/workspace/LabProject-CAN/mbed/TARGET_LPC1768/TOOLCHAIN_GCC_CR/retarget.o
LOAD /Users/shinkichi/Documents/MCUXpressoIDE_10.0.2/workspace/LabProject-CAN/mbed/TARGET_LPC1768/TOOLCHAIN_GCC_CR/startup_LPC17xx.o
LOAD /Users/shinkichi/Documents/MCUXpressoIDE_10.0.2/workspace/LabProject-CAN/mbed/TARGET_LPC1768/TOOLCHAIN_GCC_CR/system_LPC17xx.o
LOAD /Users/shinkichi/Documents/MCUXpressoIDE_10.0.2/workspace/LabProject-CAN/mbed/TARGET_LPC1768/TOOLCHAIN_GCC_CR/libmbed.a
START GROUP
LOAD /Applications/MCUXpressoIDE_10.0.2_411/ide/tools/bin/../lib/gcc/arm-none-eabi/5.4.1/armv7-m/libgcc.a
LOAD /Applications/MCUXpressoIDE_10.0.2_411/ide/tools/bin/../lib/gcc/arm-none-eabi/5.4.1/../../../../arm-none-eabi/lib/armv7-m/libc.a
LOAD /Applications/MCUXpressoIDE_10.0.2_411/ide/tools/bin/../lib/gcc/arm-none-eabi/5.4.1/../../../../arm-none-eabi/lib/armv7-m/libstdc++.a
LOAD /Applications/MCUXpressoIDE_10.0.2_411/ide/tools/bin/../lib/gcc/arm-none-eabi/5.4.1/../../../../arm-none-eabi/lib/armv7-m/libm.a
LOAD /Applications/MCUXpressoIDE_10.0.2_411/ide/tools/bin/../lib/gcc/arm-none-eabi/5.4.1/../../../../arm-none-eabi/lib/armv7-m/libcr_newlib_nohost.a
LOAD /Applications/MCUXpressoIDE_10.0.2_411/ide/tools/bin/../lib/gcc/arm-none-eabi/5.4.1/armv7-m/crti.o
LOAD /Applications/MCUXpressoIDE_10.0.2_411/ide/tools/bin/../lib/gcc/arm-none-eabi/5.4.1/armv7-m/crtn.o
LOAD /Applications/MCUXpressoIDE_10.0.2_411/ide/tools/bin/../lib/gcc/arm-none-eabi/5.4.1/armv7-m/crtbegin.o
LOAD /Applications/MCUXpressoIDE_10.0.2_411/ide/tools/bin/../lib/gcc/arm-none-eabi/5.4.1/armv7-m/crtend.o
END GROUP
                0x0000000000080000                __top_MFlash512 = 0x80000
                0x0000000010008000                __top_RamLoc32 = 0x10008000
                0x0000000020084000                __top_RamAHB32 = 0x20084000

.text           0x0000000000000000     0x9000
 FILL mask 0xff
 *(.isr_vector)
 .isr_vector    0x0000000000000000       0xcc /Users/shinkichi/Documents/MCUXpressoIDE_10.0.2/workspace/LabProject-CAN/mbed/TARGET_LPC1768/TOOLCHAIN_GCC_CR/startup_LPC17xx.o
                0x0000000000000000                g_pfnVectors
                0x00000000000000cc                . = ALIGN (0x4)
                0x00000000000000cc                __section_table_start = .
                0x00000000000000cc                __data_section_table = .
                0x00000000000000cc        0x4 LONG 0x9008 LOADADDR (.data)
                0x00000000000000d0        0x4 LONG 0x100000c8 ADDR (.data)
                0x00000000000000d4        0x4 LONG 0x9d0 SIZEOF (.data)
                0x00000000000000d8        0x4 LONG 0x9008 LOADADDR (.data_RAM2)
                0x00000000000000dc        0x4 LONG 0x2007c000 ADDR (.data_RAM2)
                0x00000000000000e0        0x4 LONG 0x0 SIZEOF (.data_RAM2)
                0x00000000000000e4                __data_section_table_end = .
                0x00000000000000e4                __bss_section_table = .
                0x00000000000000e4        0x4 LONG 0x10000a98 ADDR (.bss)
                0x00000000000000e8        0x4 LONG 0x4b0 SIZEOF (.bss)
                0x00000000000000ec        0x4 LONG 0x2007c000 ADDR (.bss_RAM2)
                0x00000000000000f0        0x4 LONG 0x0 SIZEOF (.bss_RAM2)
                0x00000000000000f4                __bss_section_table_end = .
                0x00000000000000f4                __section_table_end = .
 *(.after_vectors*)
 .after_vectors
                0x00000000000000f4       0xd0 /Users/shinkichi/Documents/MCUXpressoIDE_10.0.2/workspace/LabProject-CAN/mbed/TARGET_LPC1768/TOOLCHAIN_GCC_CR/startup_LPC17xx.o
                0x00000000000000f4                NMI_Handler
                0x00000000000000f8                HardFault_Handler
                0x00000000000000fc                MemManage_Handler
                0x0000000000000100                BusFault_Handler
                0x0000000000000104                UsageFault_Handler
                0x0000000000000108                SVC_Handler
                0x000000000000010c                DebugMon_Handler
                0x0000000000000110                PendSV_Handler
                0x0000000000000114                SysTick_Handler
                0x0000000000000118                CANActivity_IRQHandler
                0x0000000000000118                TIMER3_IRQHandler
                0x0000000000000118                UART0_IRQHandler
                0x0000000000000118                IntDefaultHandler
                0x0000000000000118                PLL0_IRQHandler
                0x0000000000000118                CAN_IRQHandler
                0x0000000000000118                PLL1_IRQHandler
                0x0000000000000118                SSP0_IRQHandler
                0x0000000000000118                I2S_IRQHandler
                0x0000000000000118                I2C2_IRQHandler
                0x0000000000000118                RTC_IRQHandler
                0x0000000000000118                TIMER0_IRQHandler
                0x0000000000000118                SPI_IRQHandler
                0x0000000000000118                EINT1_IRQHandler
                0x0000000000000118                TIMER1_IRQHandler
                0x0000000000000118                UART2_IRQHandler
                0x0000000000000118                ADC_IRQHandler
                0x0000000000000118                SSP1_IRQHandler
                0x0000000000000118                USB_IRQHandler
                0x0000000000000118                BOD_IRQHandler
                0x0000000000000118                WDT_IRQHandler
                0x0000000000000118                ENET_IRQHandler
                0x0000000000000118                RIT_IRQHandler
                0x0000000000000118                I2C0_IRQHandler
                0x0000000000000118                USBActivity_IRQHandler
                0x0000000000000118                PWM1_IRQHandler
                0x0000000000000118                I2C1_IRQHandler
                0x0000000000000118                EINT2_IRQHandler
                0x0000000000000118                UART1_IRQHandler
                0x0000000000000118                EINT3_IRQHandler
                0x0000000000000118                UART3_IRQHandler
                0x0000000000000118                MCPWM_IRQHandler
                0x0000000000000118                TIMER2_IRQHandler
                0x0000000000000118                QEI_IRQHandler
                0x0000000000000118                EINT0_IRQHandler
                0x0000000000000118                DMA_IRQHandler
                0x000000000000011c                ResetISR
                0x000000000000019c                data_init
                0x00000000000001b4                bss_init
 *(.text*)
 .text.gpio_write
                0x00000000000001c4       0x2c ./MyLib2/StairCtrl2.o
 .text.gpio_read
                0x00000000000001f0       0x2c ./MyLib2/StairCtrl2.o
 .text._ZN4mbed10DigitalOutaSERS0_
                0x000000000000021c       0x16 ./MyLib2/StairCtrl2.o
                0x000000000000021c                mbed::DigitalOut::operator=(mbed::DigitalOut&)
 *fill*         0x0000000000000232        0x2 ff
 .text._ZN10StairCtrl2C2Ev
                0x0000000000000234       0x1c ./MyLib2/StairCtrl2.o
                0x0000000000000234                StairCtrl2::StairCtrl2()
                0x0000000000000234                StairCtrl2::StairCtrl2()
 .text._ZN10StairCtrl26PwmPinEPN4mbed6PwmOutES2_S2_S2_d
                0x0000000000000250       0x42 ./MyLib2/StairCtrl2.o
                0x0000000000000250                StairCtrl2::PwmPin(mbed::PwmOut*, mbed::PwmOut*, mbed::PwmOut*, mbed::PwmOut*, double)
 .text._ZN10StairCtrl210DigitalPinEPN4mbed10DigitalOutES2_S2_S2_
                0x0000000000000292       0x28 ./MyLib2/StairCtrl2.o
                0x0000000000000292                StairCtrl2::DigitalPin(mbed::DigitalOut*, mbed::DigitalOut*, mbed::DigitalOut*, mbed::DigitalOut*)
 *fill*         0x00000000000002ba        0x2 ff
 .text._ZN10StairCtrl26setPwmEv
                0x00000000000002bc       0x10 ./MyLib2/StairCtrl2.o
                0x00000000000002bc                StairCtrl2::setPwm()
 *fill*         0x00000000000002cc        0x4 ff
 .text._ZN10StairCtrl27OperateEhhhh
                0x00000000000002d0      0x1e0 ./MyLib2/StairCtrl2.o
                0x00000000000002d0                StairCtrl2::Operate(unsigned char, unsigned char, unsigned char, unsigned char)
 .text.gpio_write
                0x00000000000004b0       0x2c ./main.o
 .text._ZN4mbed10DigitalOutC2E7PinName
                0x00000000000004dc       0x1a ./main.o
                0x00000000000004dc                mbed::DigitalOut::DigitalOut(PinName)
                0x00000000000004dc                mbed::DigitalOut::DigitalOut(PinName)
 *fill*         0x00000000000004f6        0x2 ff
 .text._Z5setupv
                0x00000000000004f8       0xbc ./main.o
                0x00000000000004f8                setup()
 .text._Z3canv  0x00000000000005b4       0x48 ./main.o
                0x00000000000005b4                can()
 .text._Z4movev
                0x00000000000005fc       0x28 ./main.o
                0x00000000000005fc                move()
 .text._Z7actuatev
                0x0000000000000624       0x3c ./main.o
                0x0000000000000624                actuate()
 .text._Z4loopv
                0x0000000000000660       0x24 ./main.o
                0x0000000000000660                loop()
 .text.startup.main
                0x0000000000000684        0xc ./main.o
                0x0000000000000684                main
 .text.startup._GLOBAL__sub_I_hekken
                0x0000000000000690      0x138 ./main.o
 .text.mbed_die
                0x00000000000007c8      0x10c /Users/shinkichi/Documents/MCUXpressoIDE_10.0.2/workspace/LabProject-CAN/mbed/TARGET_LPC1768/TOOLCHAIN_GCC_CR/board.o
                0x00000000000007c8                mbed_die
 .text.NVIC_SetVector
                0x00000000000008d4       0x3c /Users/shinkichi/Documents/MCUXpressoIDE_10.0.2/workspace/LabProject-CAN/mbed/TARGET_LPC1768/TOOLCHAIN_GCC_CR/cmsis_nvic.o
                0x00000000000008d4                NVIC_SetVector
 .text._ZL11init_serialv.part.0
                0x0000000000000910       0x18 /Users/shinkichi/Documents/MCUXpressoIDE_10.0.2/workspace/LabProject-CAN/mbed/TARGET_LPC1768/TOOLCHAIN_GCC_CR/retarget.o
 .text._close   0x0000000000000928       0x2c /Users/shinkichi/Documents/MCUXpressoIDE_10.0.2/workspace/LabProject-CAN/mbed/TARGET_LPC1768/TOOLCHAIN_GCC_CR/retarget.o
                0x0000000000000928                _close
 .text._write   0x0000000000000954       0x50 /Users/shinkichi/Documents/MCUXpressoIDE_10.0.2/workspace/LabProject-CAN/mbed/TARGET_LPC1768/TOOLCHAIN_GCC_CR/retarget.o
                0x0000000000000954                _write
 .text._read    0x00000000000009a4       0x4c /Users/shinkichi/Documents/MCUXpressoIDE_10.0.2/workspace/LabProject-CAN/mbed/TARGET_LPC1768/TOOLCHAIN_GCC_CR/retarget.o
                0x00000000000009a4                _read
 .text._isatty  0x00000000000009f0       0x28 /Users/shinkichi/Documents/MCUXpressoIDE_10.0.2/workspace/LabProject-CAN/mbed/TARGET_LPC1768/TOOLCHAIN_GCC_CR/retarget.o
                0x00000000000009f0                _isatty
 .text._lseek   0x0000000000000a18       0x28 /Users/shinkichi/Documents/MCUXpressoIDE_10.0.2/workspace/LabProject-CAN/mbed/TARGET_LPC1768/TOOLCHAIN_GCC_CR/retarget.o
                0x0000000000000a18                _lseek
 .text._fstat   0x0000000000000a40       0x20 /Users/shinkichi/Documents/MCUXpressoIDE_10.0.2/workspace/LabProject-CAN/mbed/TARGET_LPC1768/TOOLCHAIN_GCC_CR/retarget.o
                0x0000000000000a40                _fstat
 .text.exit     0x0000000000000a60       0x30 /Users/shinkichi/Documents/MCUXpressoIDE_10.0.2/workspace/LabProject-CAN/mbed/TARGET_LPC1768/TOOLCHAIN_GCC_CR/retarget.o
                0x0000000000000a60                exit
 .text.__aeabi_atexit
                0x0000000000000a90        0x4 /Users/shinkichi/Documents/MCUXpressoIDE_10.0.2/workspace/LabProject-CAN/mbed/TARGET_LPC1768/TOOLCHAIN_GCC_CR/startup_LPC17xx.o
                0x0000000000000a90                __aeabi_atexit
 .text._ZdlPv   0x0000000000000a94        0x4 /Users/shinkichi/Documents/MCUXpressoIDE_10.0.2/workspace/LabProject-CAN/mbed/TARGET_LPC1768/TOOLCHAIN_GCC_CR/startup_LPC17xx.o
                0x0000000000000a94                operator delete(void*)
 .text.SystemInit
                0x0000000000000a98       0xb8 /Users/shinkichi/Documents/MCUXpressoIDE_10.0.2/workspace/LabProject-CAN/mbed/TARGET_LPC1768/TOOLCHAIN_GCC_CR/system_LPC17xx.o
                0x0000000000000a98                SystemInit
 .text.pwmout_write
                0x0000000000000b50       0x5c /Users/shinkichi/Documents/MCUXpressoIDE_10.0.2/workspace/LabProject-CAN/mbed/TARGET_LPC1768/TOOLCHAIN_GCC_CR/libmbed.a(pwmout_api.o)
                0x0000000000000b50                pwmout_write
 .text.pwmout_period_us
                0x0000000000000bac       0x44 /Users/shinkichi/Documents/MCUXpressoIDE_10.0.2/workspace/LabProject-CAN/mbed/TARGET_LPC1768/TOOLCHAIN_GCC_CR/libmbed.a(pwmout_api.o)
                0x0000000000000bac                pwmout_period_us
 .text.pwmout_init
                0x0000000000000bf0       0xd8 /Users/shinkichi/Documents/MCUXpressoIDE_10.0.2/workspace/LabProject-CAN/mbed/TARGET_LPC1768/TOOLCHAIN_GCC_CR/libmbed.a(pwmout_api.o)
                0x0000000000000bf0                pwmout_init
 .text.uart2_irq
                0x0000000000000cc8       0x64 /Users/shinkichi/Documents/MCUXpressoIDE_10.0.2/workspace/LabProject-CAN/mbed/TARGET_LPC1768/TOOLCHAIN_GCC_CR/libmbed.a(serial_api.o)
                0x0000000000000cc8                uart2_irq
 .text.serial_irq_set_internal
                0x0000000000000d2c       0xcc /Users/shinkichi/Documents/MCUXpressoIDE_10.0.2/workspace/LabProject-CAN/mbed/TARGET_LPC1768/TOOLCHAIN_GCC_CR/libmbed.a(serial_api.o)
 .text.uart0_irq
                0x0000000000000df8       0x64 /Users/shinkichi/Documents/MCUXpressoIDE_10.0.2/workspace/LabProject-CAN/mbed/TARGET_LPC1768/TOOLCHAIN_GCC_CR/libmbed.a(serial_api.o)
                0x0000000000000df8                uart0_irq
 .text.uart3_irq
                0x0000000000000e5c       0x6c /Users/shinkichi/Documents/MCUXpressoIDE_10.0.2/workspace/LabProject-CAN/mbed/TARGET_LPC1768/TOOLCHAIN_GCC_CR/libmbed.a(serial_api.o)
                0x0000000000000e5c                uart3_irq
 .text.uart1_irq
                0x0000000000000ec8       0x64 /Users/shinkichi/Documents/MCUXpressoIDE_10.0.2/workspace/LabProject-CAN/mbed/TARGET_LPC1768/TOOLCHAIN_GCC_CR/libmbed.a(serial_api.o)
                0x0000000000000ec8                uart1_irq
 .text.serial_baud
                0x0000000000000f2c      0x244 /Users/shinkichi/Documents/MCUXpressoIDE_10.0.2/workspace/LabProject-CAN/mbed/TARGET_LPC1768/TOOLCHAIN_GCC_CR/libmbed.a(serial_api.o)
                0x0000000000000f2c                serial_baud
 .text.serial_format
                0x0000000000001170       0x78 /Users/shinkichi/Documents/MCUXpressoIDE_10.0.2/workspace/LabProject-CAN/mbed/TARGET_LPC1768/TOOLCHAIN_GCC_CR/libmbed.a(serial_api.o)
                0x0000000000001170                serial_format
 .text.serial_getc
                0x00000000000011e8       0x38 /Users/shinkichi/Documents/MCUXpressoIDE_10.0.2/workspace/LabProject-CAN/mbed/TARGET_LPC1768/TOOLCHAIN_GCC_CR/libmbed.a(serial_api.o)
                0x00000000000011e8                serial_getc
 .text.serial_writable
                0x0000000000001220       0x74 /Users/shinkichi/Documents/MCUXpressoIDE_10.0.2/workspace/LabProject-CAN/mbed/TARGET_LPC1768/TOOLCHAIN_GCC_CR/libmbed.a(serial_api.o)
                0x0000000000001220                serial_writable
 .text.serial_putc
                0x0000000000001294       0x34 /Users/shinkichi/Documents/MCUXpressoIDE_10.0.2/workspace/LabProject-CAN/mbed/TARGET_LPC1768/TOOLCHAIN_GCC_CR/libmbed.a(serial_api.o)
                0x0000000000001294                serial_putc
 .text.serial_set_flow_control
                0x00000000000012c8      0x12c /Users/shinkichi/Documents/MCUXpressoIDE_10.0.2/workspace/LabProject-CAN/mbed/TARGET_LPC1768/TOOLCHAIN_GCC_CR/libmbed.a(serial_api.o)
                0x00000000000012c8                serial_set_flow_control
 .text.serial_init
                0x00000000000013f4      0x1bc /Users/shinkichi/Documents/MCUXpressoIDE_10.0.2/workspace/LabProject-CAN/mbed/TARGET_LPC1768/TOOLCHAIN_GCC_CR/libmbed.a(serial_api.o)
                0x00000000000013f4                serial_init
 .text._ZN4mbed3CAN12_irq_handlerEm10CanIrqType
                0x00000000000015b0       0x28 /Users/shinkichi/Documents/MCUXpressoIDE_10.0.2/workspace/LabProject-CAN/mbed/TARGET_LPC1768/TOOLCHAIN_GCC_CR/libmbed.a(CAN.o)
                0x00000000000015b0                mbed::CAN::_irq_handler(unsigned long, CanIrqType)
 .text._ZN4mbed3CAND2Ev
                0x00000000000015d8       0x20 /Users/shinkichi/Documents/MCUXpressoIDE_10.0.2/workspace/LabProject-CAN/mbed/TARGET_LPC1768/TOOLCHAIN_GCC_CR/libmbed.a(CAN.o)
                0x00000000000015d8                mbed::CAN::~CAN()
                0x00000000000015d8                mbed::CAN::~CAN()
 .text._ZN4mbed3CAND0Ev
                0x00000000000015f8       0x28 /Users/shinkichi/Documents/MCUXpressoIDE_10.0.2/workspace/LabProject-CAN/mbed/TARGET_LPC1768/TOOLCHAIN_GCC_CR/libmbed.a(CAN.o)
                0x00000000000015f8                mbed::CAN::~CAN()
 .text._ZN4mbed3CANC2E7PinNameS1_
                0x0000000000001620       0x44 /Users/shinkichi/Documents/MCUXpressoIDE_10.0.2/workspace/LabProject-CAN/mbed/TARGET_LPC1768/TOOLCHAIN_GCC_CR/libmbed.a(CAN.o)
                0x0000000000001620                mbed::CAN::CAN(PinName, PinName)
                0x0000000000001620                mbed::CAN::CAN(PinName, PinName)
 .text._ZN4mbed3CAN9frequencyEi
                0x0000000000001664        0x8 /Users/shinkichi/Documents/MCUXpressoIDE_10.0.2/workspace/LabProject-CAN/mbed/TARGET_LPC1768/TOOLCHAIN_GCC_CR/libmbed.a(CAN.o)
                0x0000000000001664                mbed::CAN::frequency(int)
 .text._ZN4mbed3CAN4readERNS_10CANMessageEi
                0x000000000000166c        0x8 /Users/shinkichi/Documents/MCUXpressoIDE_10.0.2/workspace/LabProject-CAN/mbed/TARGET_LPC1768/TOOLCHAIN_GCC_CR/libmbed.a(CAN.o)
                0x000000000000166c                mbed::CAN::read(mbed::CANMessage&, int)
 .text.mbed_assert_internal
                0x0000000000001674       0x18 /Users/shinkichi/Documents/MCUXpressoIDE_10.0.2/workspace/LabProject-CAN/mbed/TARGET_LPC1768/TOOLCHAIN_GCC_CR/libmbed.a(assert.o)
                0x0000000000001674                mbed_assert_internal
 .text.error    0x000000000000168c       0x24 /Users/shinkichi/Documents/MCUXpressoIDE_10.0.2/workspace/LabProject-CAN/mbed/TARGET_LPC1768/TOOLCHAIN_GCC_CR/libmbed.a(error.o)
                0x000000000000168c                error
 .text.gpio_init_in
                0x00000000000016b0       0x24 /Users/shinkichi/Documents/MCUXpressoIDE_10.0.2/workspace/LabProject-CAN/mbed/TARGET_LPC1768/TOOLCHAIN_GCC_CR/libmbed.a(gpio.o)
                0x00000000000016b0                gpio_init_in
 .text.gpio_init_out
                0x00000000000016d4       0x44 /Users/shinkichi/Documents/MCUXpressoIDE_10.0.2/workspace/LabProject-CAN/mbed/TARGET_LPC1768/TOOLCHAIN_GCC_CR/libmbed.a(gpio.o)
                0x00000000000016d4                gpio_init_out
 .text.gpio_init_out_ex
                0x0000000000001718       0x54 /Users/shinkichi/Documents/MCUXpressoIDE_10.0.2/workspace/LabProject-CAN/mbed/TARGET_LPC1768/TOOLCHAIN_GCC_CR/libmbed.a(gpio.o)
                0x0000000000001718                gpio_init_out_ex
 .text.mbed_interface_connected
                0x000000000000176c        0x4 /Users/shinkichi/Documents/MCUXpressoIDE_10.0.2/workspace/LabProject-CAN/mbed/TARGET_LPC1768/TOOLCHAIN_GCC_CR/libmbed.a(mbed_interface.o)
                0x000000000000176c                mbed_interface_connected
 .text.pinmap_pinout
                0x0000000000001770       0x40 /Users/shinkichi/Documents/MCUXpressoIDE_10.0.2/workspace/LabProject-CAN/mbed/TARGET_LPC1768/TOOLCHAIN_GCC_CR/libmbed.a(pinmap_common.o)
                0x0000000000001770                pinmap_pinout
 .text.pinmap_merge
                0x00000000000017b0       0x24 /Users/shinkichi/Documents/MCUXpressoIDE_10.0.2/workspace/LabProject-CAN/mbed/TARGET_LPC1768/TOOLCHAIN_GCC_CR/libmbed.a(pinmap_common.o)
                0x00000000000017b0                pinmap_merge
 .text.pinmap_find_peripheral
                0x00000000000017d4       0x1c /Users/shinkichi/Documents/MCUXpressoIDE_10.0.2/workspace/LabProject-CAN/mbed/TARGET_LPC1768/TOOLCHAIN_GCC_CR/libmbed.a(pinmap_common.o)
                0x00000000000017d4                pinmap_find_peripheral
 .text.pinmap_peripheral
                0x00000000000017f0       0x34 /Users/shinkichi/Documents/MCUXpressoIDE_10.0.2/workspace/LabProject-CAN/mbed/TARGET_LPC1768/TOOLCHAIN_GCC_CR/libmbed.a(pinmap_common.o)
                0x00000000000017f0                pinmap_peripheral
 .text.semihost_exit
                0x0000000000001824       0x18 /Users/shinkichi/Documents/MCUXpressoIDE_10.0.2/workspace/LabProject-CAN/mbed/TARGET_LPC1768/TOOLCHAIN_GCC_CR/libmbed.a(semihost_api.o)
                0x0000000000001824                semihost_exit
 .text.semihost_connected
                0x000000000000183c       0x10 /Users/shinkichi/Documents/MCUXpressoIDE_10.0.2/workspace/LabProject-CAN/mbed/TARGET_LPC1768/TOOLCHAIN_GCC_CR/libmbed.a(semihost_api.o)
                0x000000000000183c                semihost_connected
 .text.wait_us  0x000000000000184c       0x18 /Users/shinkichi/Documents/MCUXpressoIDE_10.0.2/workspace/LabProject-CAN/mbed/TARGET_LPC1768/TOOLCHAIN_GCC_CR/libmbed.a(wait_api.o)
                0x000000000000184c                wait_us
 .text.wait_ms  0x0000000000001864        0xc /Users/shinkichi/Documents/MCUXpressoIDE_10.0.2/workspace/LabProject-CAN/mbed/TARGET_LPC1768/TOOLCHAIN_GCC_CR/libmbed.a(wait_api.o)
                0x0000000000001864                wait_ms
 .text.can_irq_init
                0x0000000000001870       0x1c /Users/shinkichi/Documents/MCUXpressoIDE_10.0.2/workspace/LabProject-CAN/mbed/TARGET_LPC1768/TOOLCHAIN_GCC_CR/libmbed.a(can_api.o)
                0x0000000000001870                can_irq_init
 .text.can_irq_free
                0x000000000000188c       0x30 /Users/shinkichi/Documents/MCUXpressoIDE_10.0.2/workspace/LabProject-CAN/mbed/TARGET_LPC1768/TOOLCHAIN_GCC_CR/libmbed.a(can_api.o)
                0x000000000000188c                can_irq_free
 .text.can_free
                0x00000000000018bc       0x3c /Users/shinkichi/Documents/MCUXpressoIDE_10.0.2/workspace/LabProject-CAN/mbed/TARGET_LPC1768/TOOLCHAIN_GCC_CR/libmbed.a(can_api.o)
                0x00000000000018bc                can_free
 .text.can_frequency
                0x00000000000018f8       0xc8 /Users/shinkichi/Documents/MCUXpressoIDE_10.0.2/workspace/LabProject-CAN/mbed/TARGET_LPC1768/TOOLCHAIN_GCC_CR/libmbed.a(can_api.o)
                0x00000000000018f8                can_frequency
 .text.can_init
                0x00000000000019c0       0xd0 /Users/shinkichi/Documents/MCUXpressoIDE_10.0.2/workspace/LabProject-CAN/mbed/TARGET_LPC1768/TOOLCHAIN_GCC_CR/libmbed.a(can_api.o)
                0x00000000000019c0                can_init
 .text.can_read
                0x0000000000001a90       0x60 /Users/shinkichi/Documents/MCUXpressoIDE_10.0.2/workspace/LabProject-CAN/mbed/TARGET_LPC1768/TOOLCHAIN_GCC_CR/libmbed.a(can_api.o)
                0x0000000000001a90                can_read
 .text.gpio_set
                0x0000000000001af0       0x30 /Users/shinkichi/Documents/MCUXpressoIDE_10.0.2/workspace/LabProject-CAN/mbed/TARGET_LPC1768/TOOLCHAIN_GCC_CR/libmbed.a(gpio_api.o)
                0x0000000000001af0                gpio_set
 .text.gpio_init
                0x0000000000001b20       0x30 /Users/shinkichi/Documents/MCUXpressoIDE_10.0.2/workspace/LabProject-CAN/mbed/TARGET_LPC1768/TOOLCHAIN_GCC_CR/libmbed.a(gpio_api.o)
                0x0000000000001b20                gpio_init
 .text.gpio_mode
                0x0000000000001b50        0x8 /Users/shinkichi/Documents/MCUXpressoIDE_10.0.2/workspace/LabProject-CAN/mbed/TARGET_LPC1768/TOOLCHAIN_GCC_CR/libmbed.a(gpio_api.o)
                0x0000000000001b50                gpio_mode
 .text.gpio_dir
                0x0000000000001b58       0x44 /Users/shinkichi/Documents/MCUXpressoIDE_10.0.2/workspace/LabProject-CAN/mbed/TARGET_LPC1768/TOOLCHAIN_GCC_CR/libmbed.a(gpio_api.o)
                0x0000000000001b58                gpio_dir
 .text.pin_function
                0x0000000000001b9c       0x50 /Users/shinkichi/Documents/MCUXpressoIDE_10.0.2/workspace/LabProject-CAN/mbed/TARGET_LPC1768/TOOLCHAIN_GCC_CR/libmbed.a(pinmap.o)
                0x0000000000001b9c                pin_function
 .text.pin_mode
                0x0000000000001bec       0x78 /Users/shinkichi/Documents/MCUXpressoIDE_10.0.2/workspace/LabProject-CAN/mbed/TARGET_LPC1768/TOOLCHAIN_GCC_CR/libmbed.a(pinmap.o)
                0x0000000000001bec                pin_mode
 .text.us_ticker_init
                0x0000000000001c64       0x68 /Users/shinkichi/Documents/MCUXpressoIDE_10.0.2/workspace/LabProject-CAN/mbed/TARGET_LPC1768/TOOLCHAIN_GCC_CR/libmbed.a(us_ticker.o)
                0x0000000000001c64                us_ticker_init
 .text.us_ticker_read
                0x0000000000001ccc       0x1c /Users/shinkichi/Documents/MCUXpressoIDE_10.0.2/workspace/LabProject-CAN/mbed/TARGET_LPC1768/TOOLCHAIN_GCC_CR/libmbed.a(us_ticker.o)
                0x0000000000001ccc                us_ticker_read
 .text.us_ticker_set_interrupt
                0x0000000000001ce8       0x14 /Users/shinkichi/Documents/MCUXpressoIDE_10.0.2/workspace/LabProject-CAN/mbed/TARGET_LPC1768/TOOLCHAIN_GCC_CR/libmbed.a(us_ticker.o)
                0x0000000000001ce8                us_ticker_set_interrupt
 .text.us_ticker_disable_interrupt
                0x0000000000001cfc       0x10 /Users/shinkichi/Documents/MCUXpressoIDE_10.0.2/workspace/LabProject-CAN/mbed/TARGET_LPC1768/TOOLCHAIN_GCC_CR/libmbed.a(us_ticker.o)
                0x0000000000001cfc                us_ticker_disable_interrupt
 .text.us_ticker_clear_interrupt
                0x0000000000001d0c        0xc /Users/shinkichi/Documents/MCUXpressoIDE_10.0.2/workspace/LabProject-CAN/mbed/TARGET_LPC1768/TOOLCHAIN_GCC_CR/libmbed.a(us_ticker.o)
                0x0000000000001d0c                us_ticker_clear_interrupt
 .text.us_ticker_irq_handler
                0x0000000000001d18        0xc /Users/shinkichi/Documents/MCUXpressoIDE_10.0.2/workspace/LabProject-CAN/mbed/TARGET_LPC1768/TOOLCHAIN_GCC_CR/libmbed.a(us_ticker_api.o)
                0x0000000000001d18                us_ticker_irq_handler
 .text.ticker_irq_handler
                0x0000000000001d24       0x48 /Users/shinkichi/Documents/MCUXpressoIDE_10.0.2/workspace/LabProject-CAN/mbed/TARGET_LPC1768/TOOLCHAIN_GCC_CR/libmbed.a(ticker_api.o)
                0x0000000000001d24                ticker_irq_handler
 .text          0x0000000000001d6c      0x370 /Applications/MCUXpressoIDE_10.0.2_411/ide/tools/bin/../lib/gcc/arm-none-eabi/5.4.1/armv7-m/libgcc.a(_arm_addsubdf3.o)
                0x0000000000001d6c                __aeabi_drsub
                0x0000000000001d74                __subdf3
                0x0000000000001d74                __aeabi_dsub
                0x0000000000001d78                __aeabi_dadd
                0x0000000000001d78                __adddf3
                0x0000000000001ff0                __aeabi_ui2d
                0x0000000000001ff0                __floatunsidf
                0x0000000000002010                __floatsidf
                0x0000000000002010                __aeabi_i2d
                0x0000000000002034                __extendsfdf2
                0x0000000000002034                __aeabi_f2d
                0x0000000000002070                __aeabi_ul2d
                0x0000000000002070                __floatundidf
                0x0000000000002080                __aeabi_l2d
                0x0000000000002080                __floatdidf
 .text          0x00000000000020dc      0x424 /Applications/MCUXpressoIDE_10.0.2_411/ide/tools/bin/../lib/gcc/arm-none-eabi/5.4.1/armv7-m/libgcc.a(_arm_muldivdf3.o)
                0x00000000000020dc                __aeabi_dmul
                0x00000000000020dc                __muldf3
                0x0000000000002330                __aeabi_ddiv
                0x0000000000002330                __divdf3
 .text          0x0000000000002500      0x110 /Applications/MCUXpressoIDE_10.0.2_411/ide/tools/bin/../lib/gcc/arm-none-eabi/5.4.1/armv7-m/libgcc.a(_arm_cmpdf2.o)
                0x0000000000002500                __gedf2
                0x0000000000002500                __gtdf2
                0x0000000000002508                __ledf2
                0x0000000000002508                __ltdf2
                0x0000000000002510                __cmpdf2
                0x0000000000002510                __eqdf2
                0x0000000000002510                __nedf2
                0x000000000000258c                __aeabi_cdrcmple
                0x000000000000259c                __aeabi_cdcmple
                0x000000000000259c                __aeabi_cdcmpeq
                0x00000000000025ac                __aeabi_dcmpeq
                0x00000000000025c0                __aeabi_dcmplt
                0x00000000000025d4                __aeabi_dcmple
                0x00000000000025e8                __aeabi_dcmpge
                0x00000000000025fc                __aeabi_dcmpgt
 .text          0x0000000000002610       0x50 /Applications/MCUXpressoIDE_10.0.2_411/ide/tools/bin/../lib/gcc/arm-none-eabi/5.4.1/armv7-m/libgcc.a(_arm_fixdfsi.o)
                0x0000000000002610                __fixdfsi
                0x0000000000002610                __aeabi_d2iz
 .text          0x0000000000002660       0xa0 /Applications/MCUXpressoIDE_10.0.2_411/ide/tools/bin/../lib/gcc/arm-none-eabi/5.4.1/armv7-m/libgcc.a(_arm_truncdfsf2.o)
                0x0000000000002660                __aeabi_d2f
                0x0000000000002660                __truncdfsf2
 .text          0x0000000000002700      0x21c /Applications/MCUXpressoIDE_10.0.2_411/ide/tools/bin/../lib/gcc/arm-none-eabi/5.4.1/armv7-m/libgcc.a(_arm_addsubsf3.o)
                0x0000000000002700                __aeabi_frsub
                0x0000000000002708                __aeabi_fsub
                0x0000000000002708                __subsf3
                0x000000000000270c                __aeabi_fadd
                0x000000000000270c                __addsf3
                0x000000000000286c                __aeabi_ui2f
                0x000000000000286c                __floatunsisf
                0x0000000000002874                __floatsisf
                0x0000000000002874                __aeabi_i2f
                0x0000000000002890                __aeabi_ul2f
                0x0000000000002890                __floatundisf
                0x00000000000028a0                __aeabi_l2f
                0x00000000000028a0                __floatdisf
 .text          0x000000000000291c      0x2a0 /Applications/MCUXpressoIDE_10.0.2_411/ide/tools/bin/../lib/gcc/arm-none-eabi/5.4.1/armv7-m/libgcc.a(_arm_muldivsf3.o)
                0x000000000000291c                __mulsf3
                0x000000000000291c                __aeabi_fmul
                0x0000000000002a84                __divsf3
                0x0000000000002a84                __aeabi_fdiv
 .text          0x0000000000002bbc       0xec /Applications/MCUXpressoIDE_10.0.2_411/ide/tools/bin/../lib/gcc/arm-none-eabi/5.4.1/armv7-m/libgcc.a(_arm_cmpsf2.o)
                0x0000000000002bbc                __gesf2
                0x0000000000002bbc                __gtsf2
                0x0000000000002bc4                __ltsf2
                0x0000000000002bc4                __lesf2
                0x0000000000002bcc                __nesf2
                0x0000000000002bcc                __eqsf2
                0x0000000000002bcc                __cmpsf2
                0x0000000000002c2c                __aeabi_cfrcmple
                0x0000000000002c34                __aeabi_cfcmpeq
                0x0000000000002c34                __aeabi_cfcmple
                0x0000000000002c44                __aeabi_fcmpeq
                0x0000000000002c58                __aeabi_fcmplt
                0x0000000000002c6c                __aeabi_fcmple
                0x0000000000002c80                __aeabi_fcmpge
                0x0000000000002c94                __aeabi_fcmpgt
 .text          0x0000000000002ca8       0x40 /Applications/MCUXpressoIDE_10.0.2_411/ide/tools/bin/../lib/gcc/arm-none-eabi/5.4.1/armv7-m/libgcc.a(_arm_fixunssfsi.o)
                0x0000000000002ca8                __aeabi_f2uiz
                0x0000000000002ca8                __fixunssfsi
 .text          0x0000000000002ce8       0x30 /Applications/MCUXpressoIDE_10.0.2_411/ide/tools/bin/../lib/gcc/arm-none-eabi/5.4.1/armv7-m/libgcc.a(_aeabi_uldivmod.o)
                0x0000000000002ce8                __aeabi_uldivmod
 .text          0x0000000000002d18      0x2ec /Applications/MCUXpressoIDE_10.0.2_411/ide/tools/bin/../lib/gcc/arm-none-eabi/5.4.1/armv7-m/libgcc.a(_udivmoddi4.o)
                0x0000000000002d18                __udivmoddi4
 .text          0x0000000000003004        0x4 /Applications/MCUXpressoIDE_10.0.2_411/ide/tools/bin/../lib/gcc/arm-none-eabi/5.4.1/armv7-m/libgcc.a(_dvmd_tls.o)
                0x0000000000003004                __aeabi_ldiv0
                0x0000000000003004                __aeabi_idiv0
 .text.abs      0x0000000000003008        0x8 /Applications/MCUXpressoIDE_10.0.2_411/ide/tools/bin/../lib/gcc/arm-none-eabi/5.4.1/../../../../arm-none-eabi/lib/armv7-m/libc.a(lib_a-abs.o)
                0x0000000000003008                abs
 .text.__errno  0x0000000000003010        0xc /Applications/MCUXpressoIDE_10.0.2_411/ide/tools/bin/../lib/gcc/arm-none-eabi/5.4.1/../../../../arm-none-eabi/lib/armv7-m/libc.a(lib_a-errno.o)
                0x0000000000003010                __errno
 .text.__sflush_r
                0x000000000000301c      0x148 /Applications/MCUXpressoIDE_10.0.2_411/ide/tools/bin/../lib/gcc/arm-none-eabi/5.4.1/../../../../arm-none-eabi/lib/armv7-m/libc.a(lib_a-fflush.o)
                0x000000000000301c                __sflush_r
 .text._fflush_r
                0x0000000000003164       0x2c /Applications/MCUXpressoIDE_10.0.2_411/ide/tools/bin/../lib/gcc/arm-none-eabi/5.4.1/../../../../arm-none-eabi/lib/armv7-m/libc.a(lib_a-fflush.o)
                0x0000000000003164                _fflush_r
 .text.fflush   0x0000000000003190       0x24 /Applications/MCUXpressoIDE_10.0.2_411/ide/tools/bin/../lib/gcc/arm-none-eabi/5.4.1/../../../../arm-none-eabi/lib/armv7-m/libc.a(lib_a-fflush.o)
                0x0000000000003190                fflush
 .text._cleanup_r
                0x00000000000031b4        0xc /Applications/MCUXpressoIDE_10.0.2_411/ide/tools/bin/../lib/gcc/arm-none-eabi/5.4.1/../../../../arm-none-eabi/lib/armv7-m/libc.a(lib_a-findfp.o)
                0x00000000000031b4                _cleanup_r
 .text.__sinit.part.1
                0x00000000000031c0       0xf0 /Applications/MCUXpressoIDE_10.0.2_411/ide/tools/bin/../lib/gcc/arm-none-eabi/5.4.1/../../../../arm-none-eabi/lib/armv7-m/libc.a(lib_a-findfp.o)
 .text.__sinit  0x00000000000032b0        0xc /Applications/MCUXpressoIDE_10.0.2_411/ide/tools/bin/../lib/gcc/arm-none-eabi/5.4.1/../../../../arm-none-eabi/lib/armv7-m/libc.a(lib_a-findfp.o)
                0x00000000000032b0                __sinit
 .text.__sfp_lock_acquire
                0x00000000000032bc        0x4 /Applications/MCUXpressoIDE_10.0.2_411/ide/tools/bin/../lib/gcc/arm-none-eabi/5.4.1/../../../../arm-none-eabi/lib/armv7-m/libc.a(lib_a-findfp.o)
                0x00000000000032bc                __sfp_lock_acquire
 .text.__sfp_lock_release
                0x00000000000032c0        0x4 /Applications/MCUXpressoIDE_10.0.2_411/ide/tools/bin/../lib/gcc/arm-none-eabi/5.4.1/../../../../arm-none-eabi/lib/armv7-m/libc.a(lib_a-findfp.o)
                0x00000000000032c0                __sfp_lock_release
 .text._malloc_trim_r
                0x00000000000032c4       0x9c /Applications/MCUXpressoIDE_10.0.2_411/ide/tools/bin/../lib/gcc/arm-none-eabi/5.4.1/../../../../arm-none-eabi/lib/armv7-m/libc.a(lib_a-freer.o)
                0x00000000000032c4                _malloc_trim_r
 .text._free_r  0x0000000000003360      0x1d0 /Applications/MCUXpressoIDE_10.0.2_411/ide/tools/bin/../lib/gcc/arm-none-eabi/5.4.1/../../../../arm-none-eabi/lib/armv7-m/libc.a(lib_a-freer.o)
                0x0000000000003360                _free_r
 .text._fwalk_reent
                0x0000000000003530       0x50 /Applications/MCUXpressoIDE_10.0.2_411/ide/tools/bin/../lib/gcc/arm-none-eabi/5.4.1/../../../../arm-none-eabi/lib/armv7-m/libc.a(lib_a-fwalk.o)
                0x0000000000003530                _fwalk_reent
 .text.__libc_init_array
                0x0000000000003580       0x50 /Applications/MCUXpressoIDE_10.0.2_411/ide/tools/bin/../lib/gcc/arm-none-eabi/5.4.1/../../../../arm-none-eabi/lib/armv7-m/libc.a(lib_a-init.o)
                0x0000000000003580                __libc_init_array
 .text.free     0x00000000000035d0       0x10 /Applications/MCUXpressoIDE_10.0.2_411/ide/tools/bin/../lib/gcc/arm-none-eabi/5.4.1/../../../../arm-none-eabi/lib/armv7-m/libc.a(lib_a-malloc.o)
                0x00000000000035d0                free
 .text._malloc_r
                0x00000000000035e0      0x558 /Applications/MCUXpressoIDE_10.0.2_411/ide/tools/bin/../lib/gcc/arm-none-eabi/5.4.1/../../../../arm-none-eabi/lib/armv7-m/libc.a(lib_a-mallocr.o)
                0x00000000000035e0                _malloc_r
 .text.memchr   0x0000000000003b38       0x8c /Applications/MCUXpressoIDE_10.0.2_411/ide/tools/bin/../lib/gcc/arm-none-eabi/5.4.1/../../../../arm-none-eabi/lib/armv7-m/libc.a(lib_a-memchr-stub.o)
                0x0000000000003b38                memchr
 .text          0x0000000000003bc4       0xec /Applications/MCUXpressoIDE_10.0.2_411/ide/tools/bin/../lib/gcc/arm-none-eabi/5.4.1/../../../../arm-none-eabi/lib/armv7-m/libc.a(lib_a-memcpy.o)
                0x0000000000003bc4                memcpy
 .text.memset   0x0000000000003cb0       0x9c /Applications/MCUXpressoIDE_10.0.2_411/ide/tools/bin/../lib/gcc/arm-none-eabi/5.4.1/../../../../arm-none-eabi/lib/armv7-m/libc.a(lib_a-memset.o)
                0x0000000000003cb0                memset
 .text.__malloc_lock
                0x0000000000003d4c        0x4 /Applications/MCUXpressoIDE_10.0.2_411/ide/tools/bin/../lib/gcc/arm-none-eabi/5.4.1/../../../../arm-none-eabi/lib/armv7-m/libc.a(lib_a-mlock.o)
                0x0000000000003d4c                __malloc_lock
 .text.__malloc_unlock
                0x0000000000003d50        0x4 /Applications/MCUXpressoIDE_10.0.2_411/ide/tools/bin/../lib/gcc/arm-none-eabi/5.4.1/../../../../arm-none-eabi/lib/armv7-m/libc.a(lib_a-mlock.o)
                0x0000000000003d50                __malloc_unlock
 .text._sbrk_r  0x0000000000003d54       0x24 /Applications/MCUXpressoIDE_10.0.2_411/ide/tools/bin/../lib/gcc/arm-none-eabi/5.4.1/../../../../arm-none-eabi/lib/armv7-m/libc.a(lib_a-sbrkr.o)
                0x0000000000003d54                _sbrk_r
 .text.__sread  0x0000000000003d78       0x24 /Applications/MCUXpressoIDE_10.0.2_411/ide/tools/bin/../lib/gcc/arm-none-eabi/5.4.1/../../../../arm-none-eabi/lib/armv7-m/libc.a(lib_a-stdio.o)
                0x0000000000003d78                __sread
 .text.__swrite
                0x0000000000003d9c       0x3c /Applications/MCUXpressoIDE_10.0.2_411/ide/tools/bin/../lib/gcc/arm-none-eabi/5.4.1/../../../../arm-none-eabi/lib/armv7-m/libc.a(lib_a-stdio.o)
                0x0000000000003d9c                __swrite
 .text.__sseek  0x0000000000003dd8       0x20 /Applications/MCUXpressoIDE_10.0.2_411/ide/tools/bin/../lib/gcc/arm-none-eabi/5.4.1/../../../../arm-none-eabi/lib/armv7-m/libc.a(lib_a-stdio.o)
                0x0000000000003dd8                __sseek
 .text.__sclose
                0x0000000000003df8        0x8 /Applications/MCUXpressoIDE_10.0.2_411/ide/tools/bin/../lib/gcc/arm-none-eabi/5.4.1/../../../../arm-none-eabi/lib/armv7-m/libc.a(lib_a-stdio.o)
                0x0000000000003df8                __sclose
 .text.strlen   0x0000000000003e00       0x5c /Applications/MCUXpressoIDE_10.0.2_411/ide/tools/bin/../lib/gcc/arm-none-eabi/5.4.1/../../../../arm-none-eabi/lib/armv7-m/libc.a(lib_a-strlen-stub.o)
                0x0000000000003e00                strlen
 .text._vfprintf_r
                0x0000000000003e5c     0x1798 /Applications/MCUXpressoIDE_10.0.2_411/ide/tools/bin/../lib/gcc/arm-none-eabi/5.4.1/../../../../arm-none-eabi/lib/armv7-m/libc.a(lib_a-vfprintf.o)
                0x0000000000003e5c                _vfprintf_r
 .text.vfprintf
                0x00000000000055f4       0x18 /Applications/MCUXpressoIDE_10.0.2_411/ide/tools/bin/../lib/gcc/arm-none-eabi/5.4.1/../../../../arm-none-eabi/lib/armv7-m/libc.a(lib_a-vfprintf.o)
                0x00000000000055f4                vfprintf
 .text.__sbprintf
                0x000000000000560c       0x6c /Applications/MCUXpressoIDE_10.0.2_411/ide/tools/bin/../lib/gcc/arm-none-eabi/5.4.1/../../../../arm-none-eabi/lib/armv7-m/libc.a(lib_a-vfprintf.o)
 .text._write_r
                0x0000000000005678       0x2c /Applications/MCUXpressoIDE_10.0.2_411/ide/tools/bin/../lib/gcc/arm-none-eabi/5.4.1/../../../../arm-none-eabi/lib/armv7-m/libc.a(lib_a-writer.o)
                0x0000000000005678                _write_r
 .text.__swsetup_r
                0x00000000000056a4       0xc8 /Applications/MCUXpressoIDE_10.0.2_411/ide/tools/bin/../lib/gcc/arm-none-eabi/5.4.1/../../../../arm-none-eabi/lib/armv7-m/libc.a(lib_a-wsetup.o)
                0x00000000000056a4                __swsetup_r
 .text._close_r
                0x000000000000576c       0x24 /Applications/MCUXpressoIDE_10.0.2_411/ide/tools/bin/../lib/gcc/arm-none-eabi/5.4.1/../../../../arm-none-eabi/lib/armv7-m/libc.a(lib_a-closer.o)
                0x000000000000576c                _close_r
 .text.quorem   0x0000000000005790      0x12c /Applications/MCUXpressoIDE_10.0.2_411/ide/tools/bin/../lib/gcc/arm-none-eabi/5.4.1/../../../../arm-none-eabi/lib/armv7-m/libc.a(lib_a-dtoa.o)
 *fill*         0x00000000000058bc        0x4 ff
 .text._dtoa_r  0x00000000000058c0      0xe4c /Applications/MCUXpressoIDE_10.0.2_411/ide/tools/bin/../lib/gcc/arm-none-eabi/5.4.1/../../../../arm-none-eabi/lib/armv7-m/libc.a(lib_a-dtoa.o)
                0x00000000000058c0                _dtoa_r
 .text._fclose_r
                0x000000000000670c       0x84 /Applications/MCUXpressoIDE_10.0.2_411/ide/tools/bin/../lib/gcc/arm-none-eabi/5.4.1/../../../../arm-none-eabi/lib/armv7-m/libc.a(lib_a-fclose.o)
                0x000000000000670c                _fclose_r
 .text.__locale_mb_cur_max
                0x0000000000006790       0x1c /Applications/MCUXpressoIDE_10.0.2_411/ide/tools/bin/../lib/gcc/arm-none-eabi/5.4.1/../../../../arm-none-eabi/lib/armv7-m/libc.a(lib_a-locale.o)
                0x0000000000006790                __locale_mb_cur_max
 .text._localeconv_r
                0x00000000000067ac       0x1c /Applications/MCUXpressoIDE_10.0.2_411/ide/tools/bin/../lib/gcc/arm-none-eabi/5.4.1/../../../../arm-none-eabi/lib/armv7-m/libc.a(lib_a-localeconv.o)
                0x00000000000067ac                _localeconv_r
 .text._lseek_r
                0x00000000000067c8       0x2c /Applications/MCUXpressoIDE_10.0.2_411/ide/tools/bin/../lib/gcc/arm-none-eabi/5.4.1/../../../../arm-none-eabi/lib/armv7-m/libc.a(lib_a-lseekr.o)
                0x00000000000067c8                _lseek_r
 .text.__swhatbuf_r
                0x00000000000067f4       0x60 /Applications/MCUXpressoIDE_10.0.2_411/ide/tools/bin/../lib/gcc/arm-none-eabi/5.4.1/../../../../arm-none-eabi/lib/armv7-m/libc.a(lib_a-makebuf.o)
                0x00000000000067f4                __swhatbuf_r
 .text.__smakebuf_r
                0x0000000000006854       0x88 /Applications/MCUXpressoIDE_10.0.2_411/ide/tools/bin/../lib/gcc/arm-none-eabi/5.4.1/../../../../arm-none-eabi/lib/armv7-m/libc.a(lib_a-makebuf.o)
                0x0000000000006854                __smakebuf_r
 .text.__ascii_mbtowc
                0x00000000000068dc       0x2c /Applications/MCUXpressoIDE_10.0.2_411/ide/tools/bin/../lib/gcc/arm-none-eabi/5.4.1/../../../../arm-none-eabi/lib/armv7-m/libc.a(lib_a-mbtowc_r.o)
                0x00000000000068dc                __ascii_mbtowc
 .text._Balloc  0x0000000000006908       0x50 /Applications/MCUXpressoIDE_10.0.2_411/ide/tools/bin/../lib/gcc/arm-none-eabi/5.4.1/../../../../arm-none-eabi/lib/armv7-m/libc.a(lib_a-mprec.o)
                0x0000000000006908                _Balloc
 .text._Bfree   0x0000000000006958       0x14 /Applications/MCUXpressoIDE_10.0.2_411/ide/tools/bin/../lib/gcc/arm-none-eabi/5.4.1/../../../../arm-none-eabi/lib/armv7-m/libc.a(lib_a-mprec.o)
                0x0000000000006958                _Bfree
 .text.__multadd
                0x000000000000696c       0x80 /Applications/MCUXpressoIDE_10.0.2_411/ide/tools/bin/../lib/gcc/arm-none-eabi/5.4.1/../../../../arm-none-eabi/lib/armv7-m/libc.a(lib_a-mprec.o)
                0x000000000000696c                __multadd
 .text.__hi0bits
                0x00000000000069ec       0x40 /Applications/MCUXpressoIDE_10.0.2_411/ide/tools/bin/../lib/gcc/arm-none-eabi/5.4.1/../../../../arm-none-eabi/lib/armv7-m/libc.a(lib_a-mprec.o)
                0x00000000000069ec                __hi0bits
 .text.__lo0bits
                0x0000000000006a2c       0x5c /Applications/MCUXpressoIDE_10.0.2_411/ide/tools/bin/../lib/gcc/arm-none-eabi/5.4.1/../../../../arm-none-eabi/lib/armv7-m/libc.a(lib_a-mprec.o)
                0x0000000000006a2c                __lo0bits
 .text.__i2b    0x0000000000006a88       0x14 /Applications/MCUXpressoIDE_10.0.2_411/ide/tools/bin/../lib/gcc/arm-none-eabi/5.4.1/../../../../arm-none-eabi/lib/armv7-m/libc.a(lib_a-mprec.o)
                0x0000000000006a88                __i2b
 .text.__multiply
                0x0000000000006a9c      0x13c /Applications/MCUXpressoIDE_10.0.2_411/ide/tools/bin/../lib/gcc/arm-none-eabi/5.4.1/../../../../arm-none-eabi/lib/armv7-m/libc.a(lib_a-mprec.o)
                0x0000000000006a9c                __multiply
 .text.__pow5mult
                0x0000000000006bd8       0xa0 /Applications/MCUXpressoIDE_10.0.2_411/ide/tools/bin/../lib/gcc/arm-none-eabi/5.4.1/../../../../arm-none-eabi/lib/armv7-m/libc.a(lib_a-mprec.o)
                0x0000000000006bd8                __pow5mult
 .text.__lshift
                0x0000000000006c78       0xac /Applications/MCUXpressoIDE_10.0.2_411/ide/tools/bin/../lib/gcc/arm-none-eabi/5.4.1/../../../../arm-none-eabi/lib/armv7-m/libc.a(lib_a-mprec.o)
                0x0000000000006c78                __lshift
 .text.__mcmp   0x0000000000006d24       0x40 /Applications/MCUXpressoIDE_10.0.2_411/ide/tools/bin/../lib/gcc/arm-none-eabi/5.4.1/../../../../arm-none-eabi/lib/armv7-m/libc.a(lib_a-mprec.o)
                0x0000000000006d24                __mcmp
 .text.__mdiff  0x0000000000006d64      0x128 /Applications/MCUXpressoIDE_10.0.2_411/ide/tools/bin/../lib/gcc/arm-none-eabi/5.4.1/../../../../arm-none-eabi/lib/armv7-m/libc.a(lib_a-mprec.o)
                0x0000000000006d64                __mdiff
 .text.__d2b    0x0000000000006e8c       0xa8 /Applications/MCUXpressoIDE_10.0.2_411/ide/tools/bin/../lib/gcc/arm-none-eabi/5.4.1/../../../../arm-none-eabi/lib/armv7-m/libc.a(lib_a-mprec.o)
                0x0000000000006e8c                __d2b
 .text._read_r  0x0000000000006f34       0x2c /Applications/MCUXpressoIDE_10.0.2_411/ide/tools/bin/../lib/gcc/arm-none-eabi/5.4.1/../../../../arm-none-eabi/lib/armv7-m/libc.a(lib_a-readr.o)
                0x0000000000006f34                _read_r
 .text.__sprint_r.part.0
                0x0000000000006f60       0x78 /Applications/MCUXpressoIDE_10.0.2_411/ide/tools/bin/../lib/gcc/arm-none-eabi/5.4.1/../../../../arm-none-eabi/lib/armv7-m/libc.a(lib_a-vfiprintf.o)
 .text.__sprint_r
                0x0000000000006fd8       0x14 /Applications/MCUXpressoIDE_10.0.2_411/ide/tools/bin/../lib/gcc/arm-none-eabi/5.4.1/../../../../arm-none-eabi/lib/armv7-m/libc.a(lib_a-vfiprintf.o)
                0x0000000000006fd8                __sprint_r
 .text.__ascii_wctomb
                0x0000000000006fec       0x1c /Applications/MCUXpressoIDE_10.0.2_411/ide/tools/bin/../lib/gcc/arm-none-eabi/5.4.1/../../../../arm-none-eabi/lib/armv7-m/libc.a(lib_a-wctomb_r.o)
                0x0000000000006fec                __ascii_wctomb
 .text._calloc_r
                0x0000000000007008       0x60 /Applications/MCUXpressoIDE_10.0.2_411/ide/tools/bin/../lib/gcc/arm-none-eabi/5.4.1/../../../../arm-none-eabi/lib/armv7-m/libc.a(lib_a-callocr.o)
                0x0000000000007008                _calloc_r
 .text.__fputwc
                0x0000000000007068       0x94 /Applications/MCUXpressoIDE_10.0.2_411/ide/tools/bin/../lib/gcc/arm-none-eabi/5.4.1/../../../../arm-none-eabi/lib/armv7-m/libc.a(lib_a-fputwc.o)
                0x0000000000007068                __fputwc
 .text._fputwc_r
                0x00000000000070fc       0x24 /Applications/MCUXpressoIDE_10.0.2_411/ide/tools/bin/../lib/gcc/arm-none-eabi/5.4.1/../../../../arm-none-eabi/lib/armv7-m/libc.a(lib_a-fputwc.o)
                0x00000000000070fc                _fputwc_r
 .text._fstat_r
                0x0000000000007120       0x28 /Applications/MCUXpressoIDE_10.0.2_411/ide/tools/bin/../lib/gcc/arm-none-eabi/5.4.1/../../../../arm-none-eabi/lib/armv7-m/libc.a(lib_a-fstatr.o)
                0x0000000000007120                _fstat_r
 .text.__sfvwrite_r
                0x0000000000007148      0x308 /Applications/MCUXpressoIDE_10.0.2_411/ide/tools/bin/../lib/gcc/arm-none-eabi/5.4.1/../../../../arm-none-eabi/lib/armv7-m/libc.a(lib_a-fvwrite.o)
                0x0000000000007148                __sfvwrite_r
 .text._isatty_r
                0x0000000000007450       0x24 /Applications/MCUXpressoIDE_10.0.2_411/ide/tools/bin/../lib/gcc/arm-none-eabi/5.4.1/../../../../arm-none-eabi/lib/armv7-m/libc.a(lib_a-isattyr.o)
                0x0000000000007450                _isatty_r
 .text.memmove  0x0000000000007474       0xc8 /Applications/MCUXpressoIDE_10.0.2_411/ide/tools/bin/../lib/gcc/arm-none-eabi/5.4.1/../../../../arm-none-eabi/lib/armv7-m/libc.a(lib_a-memmove.o)
                0x0000000000007474                memmove
 .text._realloc_r
                0x000000000000753c      0x3d4 /Applications/MCUXpressoIDE_10.0.2_411/ide/tools/bin/../lib/gcc/arm-none-eabi/5.4.1/../../../../arm-none-eabi/lib/armv7-m/libc.a(lib_a-reallocr.o)
                0x000000000000753c                _realloc_r
 .text.__swbuf_r
                0x0000000000007910       0xac /Applications/MCUXpressoIDE_10.0.2_411/ide/tools/bin/../lib/gcc/arm-none-eabi/5.4.1/../../../../arm-none-eabi/lib/armv7-m/libc.a(lib_a-wbuf.o)
                0x0000000000007910                __swbuf_r
 .text._wcrtomb_r
                0x00000000000079bc       0x54 /Applications/MCUXpressoIDE_10.0.2_411/ide/tools/bin/../lib/gcc/arm-none-eabi/5.4.1/../../../../arm-none-eabi/lib/armv7-m/libc.a(lib_a-wcrtomb.o)
                0x00000000000079bc                _wcrtomb_r
 .text.atan2    0x0000000000007a10        0x4 /Applications/MCUXpressoIDE_10.0.2_411/ide/tools/bin/../lib/gcc/arm-none-eabi/5.4.1/../../../../arm-none-eabi/lib/armv7-m/libm.a(lib_a-w_atan2.o)
                0x0000000000007a10                atan2
 .text.hypot    0x0000000000007a14       0xb4 /Applications/MCUXpressoIDE_10.0.2_411/ide/tools/bin/../lib/gcc/arm-none-eabi/5.4.1/../../../../arm-none-eabi/lib/armv7-m/libm.a(lib_a-w_hypot.o)
                0x0000000000007a14                hypot
 .text.__ieee754_atan2
                0x0000000000007ac8      0x194 /Applications/MCUXpressoIDE_10.0.2_411/ide/tools/bin/../lib/gcc/arm-none-eabi/5.4.1/../../../../arm-none-eabi/lib/armv7-m/libm.a(lib_a-e_atan2.o)
                0x0000000000007ac8                __ieee754_atan2
 .text.__ieee754_hypot
                0x0000000000007c5c      0x244 /Applications/MCUXpressoIDE_10.0.2_411/ide/tools/bin/../lib/gcc/arm-none-eabi/5.4.1/../../../../arm-none-eabi/lib/armv7-m/libm.a(lib_a-e_hypot.o)
                0x0000000000007c5c                __ieee754_hypot
 .text.__ieee754_sqrt
                0x0000000000007ea0      0x188 /Applications/MCUXpressoIDE_10.0.2_411/ide/tools/bin/../lib/gcc/arm-none-eabi/5.4.1/../../../../arm-none-eabi/lib/armv7-m/libm.a(lib_a-e_sqrt.o)
                0x0000000000007ea0                __ieee754_sqrt
 .text.atan     0x0000000000008028      0x33c /Applications/MCUXpressoIDE_10.0.2_411/ide/tools/bin/../lib/gcc/arm-none-eabi/5.4.1/../../../../arm-none-eabi/lib/armv7-m/libm.a(lib_a-s_atan.o)
                0x0000000000008028                atan
 .text.fabs     0x0000000000008364        0x8 /Applications/MCUXpressoIDE_10.0.2_411/ide/tools/bin/../lib/gcc/arm-none-eabi/5.4.1/../../../../arm-none-eabi/lib/armv7-m/libm.a(lib_a-s_fabs.o)
                0x0000000000008364                fabs
 .text.finite   0x000000000000836c        0xc /Applications/MCUXpressoIDE_10.0.2_411/ide/tools/bin/../lib/gcc/arm-none-eabi/5.4.1/../../../../arm-none-eabi/lib/armv7-m/libm.a(lib_a-s_finite.o)
                0x000000000000836c                finite
 .text.matherr  0x0000000000008378        0x4 /Applications/MCUXpressoIDE_10.0.2_411/ide/tools/bin/../lib/gcc/arm-none-eabi/5.4.1/../../../../arm-none-eabi/lib/armv7-m/libm.a(lib_a-s_matherr.o)
                0x0000000000008378                matherr
 .text._sbrk    0x000000000000837c       0x3c /Applications/MCUXpressoIDE_10.0.2_411/ide/tools/bin/../lib/gcc/arm-none-eabi/5.4.1/../../../../arm-none-eabi/lib/armv7-m/libcr_newlib_nohost.a(_cr_sbrk.o)
                0x000000000000837c                _sbrk
 .text.__check_heap_overflow
                0x00000000000083b8       0x18 /Applications/MCUXpressoIDE_10.0.2_411/ide/tools/bin/../lib/gcc/arm-none-eabi/5.4.1/../../../../arm-none-eabi/lib/armv7-m/libcr_newlib_nohost.a(_cr_check_heap.o)
                0x00000000000083b8                __check_heap_overflow
 .text          0x00000000000083d0       0x5c /Applications/MCUXpressoIDE_10.0.2_411/ide/tools/bin/../lib/gcc/arm-none-eabi/5.4.1/armv7-m/crtbegin.o
 .text          0x000000000000842c       0x2c /Applications/MCUXpressoIDE_10.0.2_411/ide/tools/bin/../lib/gcc/arm-none-eabi/5.4.1/armv7-m/libgcc.a(_arm_unorddf2.o)
                0x000000000000842c                __aeabi_dcmpun
                0x000000000000842c                __unorddf2
 *(.rodata .rodata.*)
 .rodata.str1.1
                0x0000000000008458       0x9d ./MyLib2/StairCtrl2.o
 .rodata.str1.1
                0x00000000000084f5       0x9d ./main.o
 *fill*         0x00000000000084f5        0x3 ff
 .rodata.str1.4
                0x00000000000084f8       0x80 /Users/shinkichi/Documents/MCUXpressoIDE_10.0.2/workspace/LabProject-CAN/mbed/TARGET_LPC1768/TOOLCHAIN_GCC_CR/board.o
 .rodata.PinMap_PWM
                0x0000000000008578       0xb4 /Users/shinkichi/Documents/MCUXpressoIDE_10.0.2/workspace/LabProject-CAN/mbed/TARGET_LPC1768/TOOLCHAIN_GCC_CR/libmbed.a(pwmout_api.o)
 .rodata.str1.4
                0x000000000000862c       0x7c /Users/shinkichi/Documents/MCUXpressoIDE_10.0.2/workspace/LabProject-CAN/mbed/TARGET_LPC1768/TOOLCHAIN_GCC_CR/libmbed.a(pwmout_api.o)
 .rodata.PinMap_UART_RTS
                0x00000000000086a8       0x24 /Users/shinkichi/Documents/MCUXpressoIDE_10.0.2/workspace/LabProject-CAN/mbed/TARGET_LPC1768/TOOLCHAIN_GCC_CR/libmbed.a(serial_api.o)
 .rodata.CSWTCH.24
                0x00000000000086cc       0x10 /Users/shinkichi/Documents/MCUXpressoIDE_10.0.2/workspace/LabProject-CAN/mbed/TARGET_LPC1768/TOOLCHAIN_GCC_CR/libmbed.a(serial_api.o)
 .rodata.PinMap_UART_RX
                0x00000000000086dc       0x6c /Users/shinkichi/Documents/MCUXpressoIDE_10.0.2/workspace/LabProject-CAN/mbed/TARGET_LPC1768/TOOLCHAIN_GCC_CR/libmbed.a(serial_api.o)
 .rodata.str1.4
                0x0000000000008748      0x1d0 /Users/shinkichi/Documents/MCUXpressoIDE_10.0.2/workspace/LabProject-CAN/mbed/TARGET_LPC1768/TOOLCHAIN_GCC_CR/libmbed.a(serial_api.o)
                                        0x1e8 (size before relaxing)
 .rodata.PinMap_UART_TX
                0x0000000000008918       0x6c /Users/shinkichi/Documents/MCUXpressoIDE_10.0.2/workspace/LabProject-CAN/mbed/TARGET_LPC1768/TOOLCHAIN_GCC_CR/libmbed.a(serial_api.o)
 .rodata.PinMap_UART_CTS
                0x0000000000008984       0x24 /Users/shinkichi/Documents/MCUXpressoIDE_10.0.2/workspace/LabProject-CAN/mbed/TARGET_LPC1768/TOOLCHAIN_GCC_CR/libmbed.a(serial_api.o)
 .rodata._ZTVN4mbed3CANE
                0x00000000000089a8       0x10 /Users/shinkichi/Documents/MCUXpressoIDE_10.0.2/workspace/LabProject-CAN/mbed/TARGET_LPC1768/TOOLCHAIN_GCC_CR/libmbed.a(CAN.o)
                0x00000000000089a8                vtable for mbed::CAN
 .rodata.str1.4
                0x00000000000089b8       0x31 /Users/shinkichi/Documents/MCUXpressoIDE_10.0.2/workspace/LabProject-CAN/mbed/TARGET_LPC1768/TOOLCHAIN_GCC_CR/libmbed.a(assert.o)
                                         0x34 (size before relaxing)
 .rodata.str1.4
                0x00000000000089e9       0x80 /Users/shinkichi/Documents/MCUXpressoIDE_10.0.2/workspace/LabProject-CAN/mbed/TARGET_LPC1768/TOOLCHAIN_GCC_CR/libmbed.a(gpio.o)
 *fill*         0x00000000000089e9        0x3 ff
 .rodata.str1.4
                0x00000000000089ec       0x66 /Users/shinkichi/Documents/MCUXpressoIDE_10.0.2/workspace/LabProject-CAN/mbed/TARGET_LPC1768/TOOLCHAIN_GCC_CR/libmbed.a(pinmap_common.o)
                                         0x68 (size before relaxing)
 *fill*         0x0000000000008a52        0x2 ff
 .rodata.timing_pts
                0x0000000000008a54       0xb8 /Users/shinkichi/Documents/MCUXpressoIDE_10.0.2/workspace/LabProject-CAN/mbed/TARGET_LPC1768/TOOLCHAIN_GCC_CR/libmbed.a(can_api.o)
 .rodata.PinMap_CAN_RD
                0x0000000000008b0c       0x3c /Users/shinkichi/Documents/MCUXpressoIDE_10.0.2/workspace/LabProject-CAN/mbed/TARGET_LPC1768/TOOLCHAIN_GCC_CR/libmbed.a(can_api.o)
 .rodata.PinMap_CAN_TD
                0x0000000000008b48       0x3c /Users/shinkichi/Documents/MCUXpressoIDE_10.0.2/workspace/LabProject-CAN/mbed/TARGET_LPC1768/TOOLCHAIN_GCC_CR/libmbed.a(can_api.o)
 .rodata.str1.4
                0x0000000000008b84       0x79 /Users/shinkichi/Documents/MCUXpressoIDE_10.0.2/workspace/LabProject-CAN/mbed/TARGET_LPC1768/TOOLCHAIN_GCC_CR/libmbed.a(can_api.o)
                                         0x7c (size before relaxing)
 *fill*         0x0000000000008bfd        0x3 ff
 .rodata.CSWTCH.24
                0x0000000000008c00        0xc /Users/shinkichi/Documents/MCUXpressoIDE_10.0.2/workspace/LabProject-CAN/mbed/TARGET_LPC1768/TOOLCHAIN_GCC_CR/libmbed.a(can_api.o)
 .rodata.str1.4
                0x0000000000008c0c       0x7a /Users/shinkichi/Documents/MCUXpressoIDE_10.0.2/workspace/LabProject-CAN/mbed/TARGET_LPC1768/TOOLCHAIN_GCC_CR/libmbed.a(gpio_api.o)
                                         0x94 (size before relaxing)
 *fill*         0x0000000000008c86        0x2 ff
 .rodata.str1.4
                0x0000000000008c88       0x64 /Users/shinkichi/Documents/MCUXpressoIDE_10.0.2/workspace/LabProject-CAN/mbed/TARGET_LPC1768/TOOLCHAIN_GCC_CR/libmbed.a(pinmap.o)
                                         0x78 (size before relaxing)
 .rodata.us_interface
                0x0000000000008cec       0x14 /Users/shinkichi/Documents/MCUXpressoIDE_10.0.2/workspace/LabProject-CAN/mbed/TARGET_LPC1768/TOOLCHAIN_GCC_CR/libmbed.a(us_ticker_api.o)
 .rodata.us_data
                0x0000000000008d00        0x8 /Users/shinkichi/Documents/MCUXpressoIDE_10.0.2/workspace/LabProject-CAN/mbed/TARGET_LPC1768/TOOLCHAIN_GCC_CR/libmbed.a(us_ticker_api.o)
 .rodata._global_impure_ptr
                0x0000000000008d08        0x4 /Applications/MCUXpressoIDE_10.0.2_411/ide/tools/bin/../lib/gcc/arm-none-eabi/5.4.1/../../../../arm-none-eabi/lib/armv7-m/libc.a(lib_a-impure.o)
                0x0000000000008d08                _global_impure_ptr
 .rodata.zeroes.7271
                0x0000000000008d0c       0x10 /Applications/MCUXpressoIDE_10.0.2_411/ide/tools/bin/../lib/gcc/arm-none-eabi/5.4.1/../../../../arm-none-eabi/lib/armv7-m/libc.a(lib_a-vfprintf.o)
 .rodata.str1.4
                0x0000000000008d1c       0x42 /Applications/MCUXpressoIDE_10.0.2_411/ide/tools/bin/../lib/gcc/arm-none-eabi/5.4.1/../../../../arm-none-eabi/lib/armv7-m/libc.a(lib_a-vfprintf.o)
 *fill*         0x0000000000008d5e        0x2 ff
 .rodata.blanks.7270
                0x0000000000008d60       0x10 /Applications/MCUXpressoIDE_10.0.2_411/ide/tools/bin/../lib/gcc/arm-none-eabi/5.4.1/../../../../arm-none-eabi/lib/armv7-m/libc.a(lib_a-vfprintf.o)
 .rodata.str1.4
                0x0000000000008d70       0x10 /Applications/MCUXpressoIDE_10.0.2_411/ide/tools/bin/../lib/gcc/arm-none-eabi/5.4.1/../../../../arm-none-eabi/lib/armv7-m/libc.a(lib_a-dtoa.o)
                                         0x12 (size before relaxing)
 .rodata.str1.4
                0x0000000000008d80        0xe /Applications/MCUXpressoIDE_10.0.2_411/ide/tools/bin/../lib/gcc/arm-none-eabi/5.4.1/../../../../arm-none-eabi/lib/armv7-m/libc.a(lib_a-locale.o)
                                         0x12 (size before relaxing)
 *fill*         0x0000000000008d8e        0x2 ff
 .rodata.__mprec_tens
                0x0000000000008d90       0xc8 /Applications/MCUXpressoIDE_10.0.2_411/ide/tools/bin/../lib/gcc/arm-none-eabi/5.4.1/../../../../arm-none-eabi/lib/armv7-m/libc.a(lib_a-mprec.o)
                0x0000000000008d90                __mprec_tens
 .rodata.p05.6085
                0x0000000000008e58        0xc /Applications/MCUXpressoIDE_10.0.2_411/ide/tools/bin/../lib/gcc/arm-none-eabi/5.4.1/../../../../arm-none-eabi/lib/armv7-m/libc.a(lib_a-mprec.o)
 *fill*         0x0000000000008e64        0x4 ff
 .rodata.__mprec_bigtens
                0x0000000000008e68       0x28 /Applications/MCUXpressoIDE_10.0.2_411/ide/tools/bin/../lib/gcc/arm-none-eabi/5.4.1/../../../../arm-none-eabi/lib/armv7-m/libc.a(lib_a-mprec.o)
                0x0000000000008e68                __mprec_bigtens
 .rodata._ctype_
                0x0000000000008e90      0x101 /Applications/MCUXpressoIDE_10.0.2_411/ide/tools/bin/../lib/gcc/arm-none-eabi/5.4.1/../../../../arm-none-eabi/lib/armv7-m/libc.a(lib_a-ctype_.o)
                0x0000000000008e90                _ctype_
 *fill*         0x0000000000008f91        0x3 ff
 .rodata.str1.4
                0x0000000000008f94        0x8 /Applications/MCUXpressoIDE_10.0.2_411/ide/tools/bin/../lib/gcc/arm-none-eabi/5.4.1/../../../../arm-none-eabi/lib/armv7-m/libm.a(lib_a-w_hypot.o)
                                          0x6 (size before relaxing)
 *fill*         0x0000000000008f9c        0x4 ff
 .rodata.atanlo
                0x0000000000008fa0       0x20 /Applications/MCUXpressoIDE_10.0.2_411/ide/tools/bin/../lib/gcc/arm-none-eabi/5.4.1/../../../../arm-none-eabi/lib/armv7-m/libm.a(lib_a-s_atan.o)
 .rodata.atanhi
                0x0000000000008fc0       0x20 /Applications/MCUXpressoIDE_10.0.2_411/ide/tools/bin/../lib/gcc/arm-none-eabi/5.4.1/../../../../arm-none-eabi/lib/armv7-m/libm.a(lib_a-s_atan.o)
                0x0000000000008fe0                . = ALIGN (0x4)
                0x0000000000008fe0                . = ALIGN (0x4)
 *(.init)
 .init          0x0000000000008fe0        0x4 /Applications/MCUXpressoIDE_10.0.2_411/ide/tools/bin/../lib/gcc/arm-none-eabi/5.4.1/armv7-m/crti.o
                0x0000000000008fe0                _init
 .init          0x0000000000008fe4        0x8 /Applications/MCUXpressoIDE_10.0.2_411/ide/tools/bin/../lib/gcc/arm-none-eabi/5.4.1/armv7-m/crtn.o
                0x0000000000008fec                . = ALIGN (0x4)
                0x0000000000008fec                __preinit_array_start = .
 *(.preinit_array)
                0x0000000000008fec                __preinit_array_end = .
                0x0000000000008fec                . = ALIGN (0x4)
                0x0000000000008fec                __init_array_start = .
 *(SORT(.init_array.*))
 *(.init_array)
 .init_array    0x0000000000008fec        0x4 ./main.o
 .init_array    0x0000000000008ff0        0x4 /Applications/MCUXpressoIDE_10.0.2_411/ide/tools/bin/../lib/gcc/arm-none-eabi/5.4.1/armv7-m/crtbegin.o
                0x0000000000008ff4                __init_array_end = .
 *(.fini)
 .fini          0x0000000000008ff4        0x4 /Applications/MCUXpressoIDE_10.0.2_411/ide/tools/bin/../lib/gcc/arm-none-eabi/5.4.1/armv7-m/crti.o
                0x0000000000008ff4                _fini
 .fini          0x0000000000008ff8        0x8 /Applications/MCUXpressoIDE_10.0.2_411/ide/tools/bin/../lib/gcc/arm-none-eabi/5.4.1/armv7-m/crtn.o
                0x0000000000009000                . = ALIGN (0x4)
 *crtbegin.o(.ctors)
 *(EXCLUDE_FILE(*crtend.o) .ctors)
 *(SORT(.ctors.*))
 *crtend.o(.ctors)
                0x0000000000009000                . = ALIGN (0x4)
 *crtbegin.o(.dtors)
 *(EXCLUDE_FILE(*crtend.o) .dtors)
 *(SORT(.dtors.*))
 *crtend.o(.dtors)

.glue_7         0x0000000000009000        0x0
 .glue_7        0x0000000000009000        0x0 linker stubs

.glue_7t        0x0000000000009000        0x0
 .glue_7t       0x0000000000009000        0x0 linker stubs

.vfp11_veneer   0x0000000000009000        0x0
 .vfp11_veneer  0x0000000000009000        0x0 linker stubs

.v4_bx          0x0000000000009000        0x0
 .v4_bx         0x0000000000009000        0x0 linker stubs

.iplt           0x0000000000009000        0x0
 .iplt          0x0000000000009000        0x0 ./MyLib2/StairCtrl2.o

.ARM.extab
 *(.ARM.extab* .gnu.linkonce.armextab.*)
                0x0000000000009000                __exidx_start = .

.ARM.exidx      0x0000000000009000        0x8
 *(.ARM.exidx* .gnu.linkonce.armexidx.*)
 .ARM.exidx     0x0000000000009000        0x8 /Applications/MCUXpressoIDE_10.0.2_411/ide/tools/bin/../lib/gcc/arm-none-eabi/5.4.1/armv7-m/libgcc.a(_udivmoddi4.o)
                0x0000000000009008                __exidx_end = .
                0x0000000000009008                _etext = .

.rel.dyn        0x0000000000009008        0x0
 .rel.iplt      0x0000000000009008        0x0 ./MyLib2/StairCtrl2.o

.eh_frame       0x0000000000009008        0x0
 .eh_frame      0x0000000000009008        0x0 /Applications/MCUXpressoIDE_10.0.2_411/ide/tools/bin/../lib/gcc/arm-none-eabi/5.4.1/armv7-m/crtbegin.o

.data_RAM2      0x000000002007c000        0x0 load address 0x0000000000009008
 FILL mask 0xff
 *(.data.$RAM2*)
 *(.data.$RamAHB32*)
                0x000000002007c000                . = ALIGN (0x4)

.uninit_RESERVED
 *(.bss.$RESERVED*)

.data           0x00000000100000c8      0x9d0 load address 0x0000000000009008
 FILL mask 0xff
                0x00000000100000c8                _data = .
 *(vtable)
 *(.data*)
 .data.SystemCoreClock
                0x00000000100000c8        0x4 /Users/shinkichi/Documents/MCUXpressoIDE_10.0.2/workspace/LabProject-CAN/mbed/TARGET_LPC1768/TOOLCHAIN_GCC_CR/system_LPC17xx.o
                0x00000000100000c8                SystemCoreClock
 .data.PWM_MATCH
                0x00000000100000cc       0x1c /Users/shinkichi/Documents/MCUXpressoIDE_10.0.2/workspace/LabProject-CAN/mbed/TARGET_LPC1768/TOOLCHAIN_GCC_CR/libmbed.a(pwmout_api.o)
                0x00000000100000cc                PWM_MATCH
 .data.impure_data
                0x00000000100000e8      0x428 /Applications/MCUXpressoIDE_10.0.2_411/ide/tools/bin/../lib/gcc/arm-none-eabi/5.4.1/../../../../arm-none-eabi/lib/armv7-m/libc.a(lib_a-impure.o)
 .data._impure_ptr
                0x0000000010000510        0x4 /Applications/MCUXpressoIDE_10.0.2_411/ide/tools/bin/../lib/gcc/arm-none-eabi/5.4.1/../../../../arm-none-eabi/lib/armv7-m/libc.a(lib_a-impure.o)
                0x0000000010000510                _impure_ptr
 .data.__malloc_av_
                0x0000000010000514      0x408 /Applications/MCUXpressoIDE_10.0.2_411/ide/tools/bin/../lib/gcc/arm-none-eabi/5.4.1/../../../../arm-none-eabi/lib/armv7-m/libc.a(lib_a-mallocr.o)
                0x0000000010000514                __malloc_av_
 .data.__malloc_trim_threshold
                0x000000001000091c        0x4 /Applications/MCUXpressoIDE_10.0.2_411/ide/tools/bin/../lib/gcc/arm-none-eabi/5.4.1/../../../../arm-none-eabi/lib/armv7-m/libc.a(lib_a-mallocr.o)
                0x000000001000091c                __malloc_trim_threshold
 .data.__malloc_sbrk_base
                0x0000000010000920        0x4 /Applications/MCUXpressoIDE_10.0.2_411/ide/tools/bin/../lib/gcc/arm-none-eabi/5.4.1/../../../../arm-none-eabi/lib/armv7-m/libc.a(lib_a-mallocr.o)
                0x0000000010000920                __malloc_sbrk_base
 .data.__global_locale
                0x0000000010000924      0x16c /Applications/MCUXpressoIDE_10.0.2_411/ide/tools/bin/../lib/gcc/arm-none-eabi/5.4.1/../../../../arm-none-eabi/lib/armv7-m/libc.a(lib_a-locale.o)
                0x0000000010000924                __global_locale
 .data.__fdlib_version
                0x0000000010000a90        0x1 /Applications/MCUXpressoIDE_10.0.2_411/ide/tools/bin/../lib/gcc/arm-none-eabi/5.4.1/../../../../arm-none-eabi/lib/armv7-m/libm.a(lib_a-s_lib_ver.o)
                0x0000000010000a90                __fdlib_version
 *fill*         0x0000000010000a91        0x3 ff
 .data          0x0000000010000a94        0x4 /Applications/MCUXpressoIDE_10.0.2_411/ide/tools/bin/../lib/gcc/arm-none-eabi/5.4.1/armv7-m/crtbegin.o
                0x0000000010000a94                __dso_handle
                0x0000000010000a98                . = ALIGN (0x4)
                0x0000000010000a98                _edata = .

.igot.plt       0x0000000010000a98        0x0 load address 0x00000000000099d8
 .igot.plt      0x0000000010000a98        0x0 ./MyLib2/StairCtrl2.o

.jcr            0x0000000010000a98        0x0 load address 0x00000000000099d8
 .jcr           0x0000000010000a98        0x0 /Applications/MCUXpressoIDE_10.0.2_411/ide/tools/bin/../lib/gcc/arm-none-eabi/5.4.1/armv7-m/crtbegin.o

.bss_RAM2       0x000000002007c000        0x0
 *(.bss.$RAM2*)
 *(.bss.$RamAHB32*)
 *(AHBSRAM0)
                0x000000002007c000                . = ALIGN (0x4)

.bss_RAM3       0x0000000020080000        0x0
 *(AHBSRAM1)
                0x0000000020080000                . = ALIGN (0x4)

.bss            0x0000000010000a98      0x4b0
                0x0000000010000a98                _bss = .
 *(.bss*)
 .bss.msg       0x0000000010000a98       0x10 ./main.o
                0x0000000010000a98                msg
 .bss.LEDR      0x0000000010000aa8       0x18 ./main.o
                0x0000000010000aa8                LEDR
 .bss.Hp3       0x0000000010000ac0        0x8 ./main.o
                0x0000000010000ac0                Hp3
 .bss.Hd0       0x0000000010000ac8       0x18 ./main.o
                0x0000000010000ac8                Hd0
 .bss.B2        0x0000000010000ae0       0x18 ./main.o
                0x0000000010000ae0                B2
 .bss.B3        0x0000000010000af8       0x18 ./main.o
                0x0000000010000af8                B3
 .bss.Hd1       0x0000000010000b10       0x18 ./main.o
                0x0000000010000b10                Hd1
 .bss.LEDY      0x0000000010000b28       0x18 ./main.o
                0x0000000010000b28                LEDY
 .bss.Hp1       0x0000000010000b40        0x8 ./main.o
                0x0000000010000b40                Hp1
 .bss.Hp2       0x0000000010000b48        0x8 ./main.o
                0x0000000010000b48                Hp2
 .bss.Mother    0x0000000010000b50       0xe4 ./main.o
                0x0000000010000b50                Mother
 .bss.Hd2       0x0000000010000c34       0x18 ./main.o
                0x0000000010000c34                Hd2
 *fill*         0x0000000010000c4c        0x4 
 .bss.hekken    0x0000000010000c50       0x40 ./main.o
                0x0000000010000c50                hekken
 .bss.Hd3       0x0000000010000c90       0x18 ./main.o
                0x0000000010000c90                Hd3
 .bss.B1        0x0000000010000ca8       0x18 ./main.o
                0x0000000010000ca8                B1
 .bss.LEDG      0x0000000010000cc0       0x18 ./main.o
                0x0000000010000cc0                LEDG
 .bss.Error     0x0000000010000cd8        0x4 ./main.o
                0x0000000010000cd8                Error
 .bss.Hp0       0x0000000010000cdc        0x8 ./main.o
                0x0000000010000cdc                Hp0
 .bss._ZL11filehandles
                0x0000000010000ce4      0x100 /Users/shinkichi/Documents/MCUXpressoIDE_10.0.2/workspace/LabProject-CAN/mbed/TARGET_LPC1768/TOOLCHAIN_GCC_CR/retarget.o
 .bss.pwm_clock_mhz
                0x0000000010000de4        0x4 /Users/shinkichi/Documents/MCUXpressoIDE_10.0.2/workspace/LabProject-CAN/mbed/TARGET_LPC1768/TOOLCHAIN_GCC_CR/libmbed.a(pwmout_api.o)
 .bss.stdio_uart_inited
                0x0000000010000de8        0x4 /Users/shinkichi/Documents/MCUXpressoIDE_10.0.2/workspace/LabProject-CAN/mbed/TARGET_LPC1768/TOOLCHAIN_GCC_CR/libmbed.a(serial_api.o)
                0x0000000010000de8                stdio_uart_inited
 .bss.irq_handler
                0x0000000010000dec        0x4 /Users/shinkichi/Documents/MCUXpressoIDE_10.0.2/workspace/LabProject-CAN/mbed/TARGET_LPC1768/TOOLCHAIN_GCC_CR/libmbed.a(serial_api.o)
 .bss.uart_data
                0x0000000010000df0       0xe0 /Users/shinkichi/Documents/MCUXpressoIDE_10.0.2/workspace/LabProject-CAN/mbed/TARGET_LPC1768/TOOLCHAIN_GCC_CR/libmbed.a(serial_api.o)
 .bss.irq_handler
                0x0000000010000ed0        0x4 /Users/shinkichi/Documents/MCUXpressoIDE_10.0.2/workspace/LabProject-CAN/mbed/TARGET_LPC1768/TOOLCHAIN_GCC_CR/libmbed.a(can_api.o)
 .bss.can_irq_ids
                0x0000000010000ed4        0x8 /Users/shinkichi/Documents/MCUXpressoIDE_10.0.2/workspace/LabProject-CAN/mbed/TARGET_LPC1768/TOOLCHAIN_GCC_CR/libmbed.a(can_api.o)
 .bss.us_ticker_inited
                0x0000000010000edc        0x4 /Users/shinkichi/Documents/MCUXpressoIDE_10.0.2/workspace/LabProject-CAN/mbed/TARGET_LPC1768/TOOLCHAIN_GCC_CR/libmbed.a(us_ticker.o)
                0x0000000010000edc                us_ticker_inited
 .bss.events    0x0000000010000ee0        0x8 /Users/shinkichi/Documents/MCUXpressoIDE_10.0.2/workspace/LabProject-CAN/mbed/TARGET_LPC1768/TOOLCHAIN_GCC_CR/libmbed.a(us_ticker_api.o)
 .bss.__malloc_max_total_mem
                0x0000000010000ee8        0x4 /Applications/MCUXpressoIDE_10.0.2_411/ide/tools/bin/../lib/gcc/arm-none-eabi/5.4.1/../../../../arm-none-eabi/lib/armv7-m/libc.a(lib_a-mallocr.o)
                0x0000000010000ee8                __malloc_max_total_mem
 .bss.__malloc_max_sbrked_mem
                0x0000000010000eec        0x4 /Applications/MCUXpressoIDE_10.0.2_411/ide/tools/bin/../lib/gcc/arm-none-eabi/5.4.1/../../../../arm-none-eabi/lib/armv7-m/libc.a(lib_a-mallocr.o)
                0x0000000010000eec                __malloc_max_sbrked_mem
 .bss.__malloc_top_pad
                0x0000000010000ef0        0x4 /Applications/MCUXpressoIDE_10.0.2_411/ide/tools/bin/../lib/gcc/arm-none-eabi/5.4.1/../../../../arm-none-eabi/lib/armv7-m/libc.a(lib_a-mallocr.o)
                0x0000000010000ef0                __malloc_top_pad
 .bss.__malloc_current_mallinfo
                0x0000000010000ef4       0x28 /Applications/MCUXpressoIDE_10.0.2_411/ide/tools/bin/../lib/gcc/arm-none-eabi/5.4.1/../../../../arm-none-eabi/lib/armv7-m/libc.a(lib_a-mallocr.o)
                0x0000000010000ef4                __malloc_current_mallinfo
 .bss.__end_of_heap
                0x0000000010000f1c        0x4 /Applications/MCUXpressoIDE_10.0.2_411/ide/tools/bin/../lib/gcc/arm-none-eabi/5.4.1/../../../../arm-none-eabi/lib/armv7-m/libcr_newlib_nohost.a(_cr_sbrk.o)
                0x0000000010000f1c                __end_of_heap
 .bss           0x0000000010000f20       0x1c /Applications/MCUXpressoIDE_10.0.2_411/ide/tools/bin/../lib/gcc/arm-none-eabi/5.4.1/armv7-m/crtbegin.o
 *(COMMON)
 COMMON         0x0000000010000f3c        0x8 /Users/shinkichi/Documents/MCUXpressoIDE_10.0.2/workspace/LabProject-CAN/mbed/TARGET_LPC1768/TOOLCHAIN_GCC_CR/libmbed.a(serial_api.o)
                0x0000000010000f3c                stdio_uart
 COMMON         0x0000000010000f44        0x4 /Applications/MCUXpressoIDE_10.0.2_411/ide/tools/bin/../lib/gcc/arm-none-eabi/5.4.1/../../../../arm-none-eabi/lib/armv7-m/libc.a(lib_a-reent.o)
                0x0000000010000f44                errno
                0x0000000010000f48                . = ALIGN (0x4)
                0x0000000010000f48                _ebss = .
                [!provide]                        PROVIDE (end, .)
                0x0000000010000f48                __end__ = .
                0x0000000010000f48                PROVIDE (_pvHeapStart, .)
                0x0000000010008000                PROVIDE (_vStackTop, (__top_RamLoc32 - 0x0))
OUTPUT(LabProject-CAN.axf elf32-littlearm)

.debug_info     0x0000000000000000     0x6113
 .debug_info    0x0000000000000000     0x2bc2 ./MyLib2/StairCtrl2.o
 .debug_info    0x0000000000002bc2     0x33c3 ./main.o
 .debug_info    0x0000000000005f85      0x124 /Applications/MCUXpressoIDE_10.0.2_411/ide/tools/bin/../lib/gcc/arm-none-eabi/5.4.1/../../../../arm-none-eabi/lib/armv7-m/libcr_newlib_nohost.a(_cr_sbrk.o)
 .debug_info    0x00000000000060a9       0x6a /Applications/MCUXpressoIDE_10.0.2_411/ide/tools/bin/../lib/gcc/arm-none-eabi/5.4.1/../../../../arm-none-eabi/lib/armv7-m/libcr_newlib_nohost.a(_cr_check_heap.o)

.debug_abbrev   0x0000000000000000      0xbd2
 .debug_abbrev  0x0000000000000000      0x4e8 ./MyLib2/StairCtrl2.o
 .debug_abbrev  0x00000000000004e8      0x5b9 ./main.o
 .debug_abbrev  0x0000000000000aa1       0xcf /Applications/MCUXpressoIDE_10.0.2_411/ide/tools/bin/../lib/gcc/arm-none-eabi/5.4.1/../../../../arm-none-eabi/lib/armv7-m/libcr_newlib_nohost.a(_cr_sbrk.o)
 .debug_abbrev  0x0000000000000b70       0x62 /Applications/MCUXpressoIDE_10.0.2_411/ide/tools/bin/../lib/gcc/arm-none-eabi/5.4.1/../../../../arm-none-eabi/lib/armv7-m/libcr_newlib_nohost.a(_cr_check_heap.o)

.debug_loc      0x0000000000000000      0xbb5
 .debug_loc     0x0000000000000000      0x6cb ./MyLib2/StairCtrl2.o
 .debug_loc     0x00000000000006cb      0x469 ./main.o
 .debug_loc     0x0000000000000b34       0x47 /Applications/MCUXpressoIDE_10.0.2_411/ide/tools/bin/../lib/gcc/arm-none-eabi/5.4.1/../../../../arm-none-eabi/lib/armv7-m/libcr_newlib_nohost.a(_cr_sbrk.o)
 .debug_loc     0x0000000000000b7b       0x3a /Applications/MCUXpressoIDE_10.0.2_411/ide/tools/bin/../lib/gcc/arm-none-eabi/5.4.1/../../../../arm-none-eabi/lib/armv7-m/libcr_newlib_nohost.a(_cr_check_heap.o)

.debug_aranges  0x0000000000000000      0x118
 .debug_aranges
                0x0000000000000000       0x68 ./MyLib2/StairCtrl2.o
 .debug_aranges
                0x0000000000000068       0x70 ./main.o
 .debug_aranges
                0x00000000000000d8       0x20 /Applications/MCUXpressoIDE_10.0.2_411/ide/tools/bin/../lib/gcc/arm-none-eabi/5.4.1/../../../../arm-none-eabi/lib/armv7-m/libcr_newlib_nohost.a(_cr_sbrk.o)
 .debug_aranges
                0x00000000000000f8       0x20 /Applications/MCUXpressoIDE_10.0.2_411/ide/tools/bin/../lib/gcc/arm-none-eabi/5.4.1/../../../../arm-none-eabi/lib/armv7-m/libcr_newlib_nohost.a(_cr_check_heap.o)

.debug_ranges   0x0000000000000000      0x2a8
 .debug_ranges  0x0000000000000000      0x150 ./MyLib2/StairCtrl2.o
 .debug_ranges  0x0000000000000150      0x138 ./main.o
 .debug_ranges  0x0000000000000288       0x10 /Applications/MCUXpressoIDE_10.0.2_411/ide/tools/bin/../lib/gcc/arm-none-eabi/5.4.1/../../../../arm-none-eabi/lib/armv7-m/libcr_newlib_nohost.a(_cr_sbrk.o)
 .debug_ranges  0x0000000000000298       0x10 /Applications/MCUXpressoIDE_10.0.2_411/ide/tools/bin/../lib/gcc/arm-none-eabi/5.4.1/../../../../arm-none-eabi/lib/armv7-m/libcr_newlib_nohost.a(_cr_check_heap.o)

.debug_macro    0x0000000000000000     0x453f
 .debug_macro   0x0000000000000000      0x5bd ./MyLib2/StairCtrl2.o
 .debug_macro   0x00000000000005bd      0x98e ./MyLib2/StairCtrl2.o
 .debug_macro   0x0000000000000f4b       0x10 ./MyLib2/StairCtrl2.o
 .debug_macro   0x0000000000000f5b       0x10 ./MyLib2/StairCtrl2.o
 .debug_macro   0x0000000000000f6b       0x9a ./MyLib2/StairCtrl2.o
 .debug_macro   0x0000000000001005       0x1c ./MyLib2/StairCtrl2.o
 .debug_macro   0x0000000000001021       0x3a ./MyLib2/StairCtrl2.o
 .debug_macro   0x000000000000105b       0x22 ./MyLib2/StairCtrl2.o
 .debug_macro   0x000000000000107d       0x87 ./MyLib2/StairCtrl2.o
 .debug_macro   0x0000000000001104       0x44 ./MyLib2/StairCtrl2.o
 .debug_macro   0x0000000000001148       0xfd ./MyLib2/StairCtrl2.o
 .debug_macro   0x0000000000001245       0x5e ./MyLib2/StairCtrl2.o
 .debug_macro   0x00000000000012a3      0x1df ./MyLib2/StairCtrl2.o
 .debug_macro   0x0000000000001482       0x34 ./MyLib2/StairCtrl2.o
 .debug_macro   0x00000000000014b6      0xc91 ./MyLib2/StairCtrl2.o
 .debug_macro   0x0000000000002147      0x2c7 ./MyLib2/StairCtrl2.o
 .debug_macro   0x000000000000240e       0x10 ./MyLib2/StairCtrl2.o
 .debug_macro   0x000000000000241e       0x17 ./MyLib2/StairCtrl2.o
 .debug_macro   0x0000000000002435       0x9a ./MyLib2/StairCtrl2.o
 .debug_macro   0x00000000000024cf       0x10 ./MyLib2/StairCtrl2.o
 .debug_macro   0x00000000000024df      0x136 ./MyLib2/StairCtrl2.o
 .debug_macro   0x0000000000002615      0x353 ./MyLib2/StairCtrl2.o
 .debug_macro   0x0000000000002968      0x16d ./MyLib2/StairCtrl2.o
 .debug_macro   0x0000000000002ad5       0x52 ./MyLib2/StairCtrl2.o
 .debug_macro   0x0000000000002b27       0x35 ./MyLib2/StairCtrl2.o
 .debug_macro   0x0000000000002b5c       0x9c ./MyLib2/StairCtrl2.o
 .debug_macro   0x0000000000002bf8       0x16 ./MyLib2/StairCtrl2.o
 .debug_macro   0x0000000000002c0e       0x35 ./MyLib2/StairCtrl2.o
 .debug_macro   0x0000000000002c43       0x52 ./MyLib2/StairCtrl2.o
 .debug_macro   0x0000000000002c95       0x1f ./MyLib2/StairCtrl2.o
 .debug_macro   0x0000000000002cb4       0x43 ./MyLib2/StairCtrl2.o
 .debug_macro   0x0000000000002cf7       0x20 ./MyLib2/StairCtrl2.o
 .debug_macro   0x0000000000002d17      0x187 ./MyLib2/StairCtrl2.o
 .debug_macro   0x0000000000002e9e      0x330 ./MyLib2/StairCtrl2.o
 .debug_macro   0x00000000000031ce       0x16 ./MyLib2/StairCtrl2.o
 .debug_macro   0x00000000000031e4       0x29 ./MyLib2/StairCtrl2.o
 .debug_macro   0x000000000000320d       0xac ./MyLib2/StairCtrl2.o
 .debug_macro   0x00000000000032b9       0x1c ./MyLib2/StairCtrl2.o
 .debug_macro   0x00000000000032d5       0x10 ./MyLib2/StairCtrl2.o
 .debug_macro   0x00000000000032e5       0x10 ./MyLib2/StairCtrl2.o
 .debug_macro   0x00000000000032f5       0x1c ./MyLib2/StairCtrl2.o
 .debug_macro   0x0000000000003311       0x52 ./MyLib2/StairCtrl2.o
 .debug_macro   0x0000000000003363       0x40 ./MyLib2/StairCtrl2.o
 .debug_macro   0x00000000000033a3       0x10 ./MyLib2/StairCtrl2.o
 .debug_macro   0x00000000000033b3       0x40 ./MyLib2/StairCtrl2.o
 .debug_macro   0x00000000000033f3       0xd7 ./MyLib2/StairCtrl2.o
 .debug_macro   0x00000000000034ca       0x16 ./MyLib2/StairCtrl2.o
 .debug_macro   0x00000000000034e0      0x18b ./MyLib2/StairCtrl2.o
 .debug_macro   0x000000000000366b      0x100 ./MyLib2/StairCtrl2.o
 .debug_macro   0x000000000000376b       0x16 ./MyLib2/StairCtrl2.o
 .debug_macro   0x0000000000003781       0x8e ./MyLib2/StairCtrl2.o
 .debug_macro   0x000000000000380f      0x1da ./MyLib2/StairCtrl2.o
 .debug_macro   0x00000000000039e9       0x16 ./MyLib2/StairCtrl2.o
 .debug_macro   0x00000000000039ff       0x10 ./MyLib2/StairCtrl2.o
 .debug_macro   0x0000000000003a0f       0x41 ./MyLib2/StairCtrl2.o
 .debug_macro   0x0000000000003a50       0x3a ./MyLib2/StairCtrl2.o
 .debug_macro   0x0000000000003a8a      0x1da ./MyLib2/StairCtrl2.o
 .debug_macro   0x0000000000003c64      0x128 ./MyLib2/StairCtrl2.o
 .debug_macro   0x0000000000003d8c       0x10 ./MyLib2/StairCtrl2.o
 .debug_macro   0x0000000000003d9c       0x7c ./MyLib2/StairCtrl2.o
 .debug_macro   0x0000000000003e18       0x4c ./MyLib2/StairCtrl2.o
 .debug_macro   0x0000000000003e64       0x10 ./MyLib2/StairCtrl2.o
 .debug_macro   0x0000000000003e74       0x5e ./MyLib2/StairCtrl2.o
 .debug_macro   0x0000000000003ed2       0x2e ./MyLib2/StairCtrl2.o
 .debug_macro   0x0000000000003f00       0x28 ./MyLib2/StairCtrl2.o
 .debug_macro   0x0000000000003f28      0x617 ./main.o

.debug_line     0x0000000000000000     0x1bcb
 .debug_line    0x0000000000000000      0xdbc ./MyLib2/StairCtrl2.o
 .debug_line    0x0000000000000dbc      0xcc7 ./main.o
 .debug_line    0x0000000000001a83       0xfb /Applications/MCUXpressoIDE_10.0.2_411/ide/tools/bin/../lib/gcc/arm-none-eabi/5.4.1/../../../../arm-none-eabi/lib/armv7-m/libcr_newlib_nohost.a(_cr_sbrk.o)
 .debug_line    0x0000000000001b7e       0x4d /Applications/MCUXpressoIDE_10.0.2_411/ide/tools/bin/../lib/gcc/arm-none-eabi/5.4.1/../../../../arm-none-eabi/lib/armv7-m/libcr_newlib_nohost.a(_cr_check_heap.o)

.debug_str      0x0000000000000000    0x1128f
 .debug_str     0x0000000000000000    0x10d55 ./MyLib2/StairCtrl2.o
                                      0x110c2 (size before relaxing)
 .debug_str     0x0000000000010d55      0x390 ./main.o
                                      0x1141e (size before relaxing)
 .debug_str     0x00000000000110e5      0x185 /Applications/MCUXpressoIDE_10.0.2_411/ide/tools/bin/../lib/gcc/arm-none-eabi/5.4.1/../../../../arm-none-eabi/lib/armv7-m/libcr_newlib_nohost.a(_cr_sbrk.o)
                                        0x22a (size before relaxing)
 .debug_str     0x000000000001126a       0x25 /Applications/MCUXpressoIDE_10.0.2_411/ide/tools/bin/../lib/gcc/arm-none-eabi/5.4.1/../../../../arm-none-eabi/lib/armv7-m/libcr_newlib_nohost.a(_cr_check_heap.o)
                                        0x16c (size before relaxing)

.comment        0x0000000000000000       0xde
 .comment       0x0000000000000000       0x6e ./MyLib2/StairCtrl2.o
                                         0x6f (size before relaxing)
 .comment       0x000000000000006e       0x6f ./main.o
 .comment       0x000000000000006e       0x70 /Users/shinkichi/Documents/MCUXpressoIDE_10.0.2/workspace/LabProject-CAN/mbed/TARGET_LPC1768/TOOLCHAIN_GCC_CR/board.o
                                         0x71 (size before relaxing)
 .comment       0x00000000000000de       0x71 /Users/shinkichi/Documents/MCUXpressoIDE_10.0.2/workspace/LabProject-CAN/mbed/TARGET_LPC1768/TOOLCHAIN_GCC_CR/cmsis_nvic.o
 .comment       0x00000000000000de       0x71 /Users/shinkichi/Documents/MCUXpressoIDE_10.0.2/workspace/LabProject-CAN/mbed/TARGET_LPC1768/TOOLCHAIN_GCC_CR/retarget.o
 .comment       0x00000000000000de       0x71 /Users/shinkichi/Documents/MCUXpressoIDE_10.0.2/workspace/LabProject-CAN/mbed/TARGET_LPC1768/TOOLCHAIN_GCC_CR/startup_LPC17xx.o
 .comment       0x00000000000000de       0x71 /Users/shinkichi/Documents/MCUXpressoIDE_10.0.2/workspace/LabProject-CAN/mbed/TARGET_LPC1768/TOOLCHAIN_GCC_CR/system_LPC17xx.o
 .comment       0x00000000000000de       0x71 /Users/shinkichi/Documents/MCUXpressoIDE_10.0.2/workspace/LabProject-CAN/mbed/TARGET_LPC1768/TOOLCHAIN_GCC_CR/libmbed.a(pwmout_api.o)
 .comment       0x00000000000000de       0x71 /Users/shinkichi/Documents/MCUXpressoIDE_10.0.2/workspace/LabProject-CAN/mbed/TARGET_LPC1768/TOOLCHAIN_GCC_CR/libmbed.a(serial_api.o)
 .comment       0x00000000000000de       0x71 /Users/shinkichi/Documents/MCUXpressoIDE_10.0.2/workspace/LabProject-CAN/mbed/TARGET_LPC1768/TOOLCHAIN_GCC_CR/libmbed.a(CAN.o)
 .comment       0x00000000000000de       0x71 /Users/shinkichi/Documents/MCUXpressoIDE_10.0.2/workspace/LabProject-CAN/mbed/TARGET_LPC1768/TOOLCHAIN_GCC_CR/libmbed.a(assert.o)
 .comment       0x00000000000000de       0x71 /Users/shinkichi/Documents/MCUXpressoIDE_10.0.2/workspace/LabProject-CAN/mbed/TARGET_LPC1768/TOOLCHAIN_GCC_CR/libmbed.a(error.o)
 .comment       0x00000000000000de       0x71 /Users/shinkichi/Documents/MCUXpressoIDE_10.0.2/workspace/LabProject-CAN/mbed/TARGET_LPC1768/TOOLCHAIN_GCC_CR/libmbed.a(gpio.o)
 .comment       0x00000000000000de       0x71 /Users/shinkichi/Documents/MCUXpressoIDE_10.0.2/workspace/LabProject-CAN/mbed/TARGET_LPC1768/TOOLCHAIN_GCC_CR/libmbed.a(mbed_interface.o)
 .comment       0x00000000000000de       0x71 /Users/shinkichi/Documents/MCUXpressoIDE_10.0.2/workspace/LabProject-CAN/mbed/TARGET_LPC1768/TOOLCHAIN_GCC_CR/libmbed.a(pinmap_common.o)
 .comment       0x00000000000000de       0x71 /Users/shinkichi/Documents/MCUXpressoIDE_10.0.2/workspace/LabProject-CAN/mbed/TARGET_LPC1768/TOOLCHAIN_GCC_CR/libmbed.a(semihost_api.o)
 .comment       0x00000000000000de       0x71 /Users/shinkichi/Documents/MCUXpressoIDE_10.0.2/workspace/LabProject-CAN/mbed/TARGET_LPC1768/TOOLCHAIN_GCC_CR/libmbed.a(wait_api.o)
 .comment       0x00000000000000de       0x71 /Users/shinkichi/Documents/MCUXpressoIDE_10.0.2/workspace/LabProject-CAN/mbed/TARGET_LPC1768/TOOLCHAIN_GCC_CR/libmbed.a(can_api.o)
 .comment       0x00000000000000de       0x71 /Users/shinkichi/Documents/MCUXpressoIDE_10.0.2/workspace/LabProject-CAN/mbed/TARGET_LPC1768/TOOLCHAIN_GCC_CR/libmbed.a(gpio_api.o)
 .comment       0x00000000000000de       0x71 /Users/shinkichi/Documents/MCUXpressoIDE_10.0.2/workspace/LabProject-CAN/mbed/TARGET_LPC1768/TOOLCHAIN_GCC_CR/libmbed.a(pinmap.o)
 .comment       0x00000000000000de       0x71 /Users/shinkichi/Documents/MCUXpressoIDE_10.0.2/workspace/LabProject-CAN/mbed/TARGET_LPC1768/TOOLCHAIN_GCC_CR/libmbed.a(us_ticker.o)
 .comment       0x00000000000000de       0x71 /Users/shinkichi/Documents/MCUXpressoIDE_10.0.2/workspace/LabProject-CAN/mbed/TARGET_LPC1768/TOOLCHAIN_GCC_CR/libmbed.a(us_ticker_api.o)
 .comment       0x00000000000000de       0x71 /Users/shinkichi/Documents/MCUXpressoIDE_10.0.2/workspace/LabProject-CAN/mbed/TARGET_LPC1768/TOOLCHAIN_GCC_CR/libmbed.a(ticker_api.o)
 .comment       0x00000000000000de       0x6f /Applications/MCUXpressoIDE_10.0.2_411/ide/tools/bin/../lib/gcc/arm-none-eabi/5.4.1/../../../../arm-none-eabi/lib/armv7-m/libcr_newlib_nohost.a(_cr_sbrk.o)
 .comment       0x00000000000000de       0x6f /Applications/MCUXpressoIDE_10.0.2_411/ide/tools/bin/../lib/gcc/arm-none-eabi/5.4.1/../../../../arm-none-eabi/lib/armv7-m/libcr_newlib_nohost.a(_cr_check_heap.o)

.ARM.attributes
                0x0000000000000000       0x31
 .ARM.attributes
                0x0000000000000000       0x33 ./MyLib2/StairCtrl2.o
 .ARM.attributes
                0x0000000000000033       0x33 ./main.o
 .ARM.attributes
                0x0000000000000066       0x33 /Users/shinkichi/Documents/MCUXpressoIDE_10.0.2/workspace/LabProject-CAN/mbed/TARGET_LPC1768/TOOLCHAIN_GCC_CR/board.o
 .ARM.attributes
                0x0000000000000099       0x33 /Users/shinkichi/Documents/MCUXpressoIDE_10.0.2/workspace/LabProject-CAN/mbed/TARGET_LPC1768/TOOLCHAIN_GCC_CR/cmsis_nvic.o
 .ARM.attributes
                0x00000000000000cc       0x33 /Users/shinkichi/Documents/MCUXpressoIDE_10.0.2/workspace/LabProject-CAN/mbed/TARGET_LPC1768/TOOLCHAIN_GCC_CR/retarget.o
 .ARM.attributes
                0x00000000000000ff       0x33 /Users/shinkichi/Documents/MCUXpressoIDE_10.0.2/workspace/LabProject-CAN/mbed/TARGET_LPC1768/TOOLCHAIN_GCC_CR/startup_LPC17xx.o
 .ARM.attributes
                0x0000000000000132       0x33 /Users/shinkichi/Documents/MCUXpressoIDE_10.0.2/workspace/LabProject-CAN/mbed/TARGET_LPC1768/TOOLCHAIN_GCC_CR/system_LPC17xx.o
 .ARM.attributes
                0x0000000000000165       0x33 /Users/shinkichi/Documents/MCUXpressoIDE_10.0.2/workspace/LabProject-CAN/mbed/TARGET_LPC1768/TOOLCHAIN_GCC_CR/libmbed.a(pwmout_api.o)
 .ARM.attributes
                0x0000000000000198       0x33 /Users/shinkichi/Documents/MCUXpressoIDE_10.0.2/workspace/LabProject-CAN/mbed/TARGET_LPC1768/TOOLCHAIN_GCC_CR/libmbed.a(serial_api.o)
 .ARM.attributes
                0x00000000000001cb       0x33 /Users/shinkichi/Documents/MCUXpressoIDE_10.0.2/workspace/LabProject-CAN/mbed/TARGET_LPC1768/TOOLCHAIN_GCC_CR/libmbed.a(CAN.o)
 .ARM.attributes
                0x00000000000001fe       0x33 /Users/shinkichi/Documents/MCUXpressoIDE_10.0.2/workspace/LabProject-CAN/mbed/TARGET_LPC1768/TOOLCHAIN_GCC_CR/libmbed.a(assert.o)
 .ARM.attributes
                0x0000000000000231       0x33 /Users/shinkichi/Documents/MCUXpressoIDE_10.0.2/workspace/LabProject-CAN/mbed/TARGET_LPC1768/TOOLCHAIN_GCC_CR/libmbed.a(error.o)
 .ARM.attributes
                0x0000000000000264       0x33 /Users/shinkichi/Documents/MCUXpressoIDE_10.0.2/workspace/LabProject-CAN/mbed/TARGET_LPC1768/TOOLCHAIN_GCC_CR/libmbed.a(gpio.o)
 .ARM.attributes
                0x0000000000000297       0x33 /Users/shinkichi/Documents/MCUXpressoIDE_10.0.2/workspace/LabProject-CAN/mbed/TARGET_LPC1768/TOOLCHAIN_GCC_CR/libmbed.a(mbed_interface.o)
 .ARM.attributes
                0x00000000000002ca       0x33 /Users/shinkichi/Documents/MCUXpressoIDE_10.0.2/workspace/LabProject-CAN/mbed/TARGET_LPC1768/TOOLCHAIN_GCC_CR/libmbed.a(pinmap_common.o)
 .ARM.attributes
                0x00000000000002fd       0x33 /Users/shinkichi/Documents/MCUXpressoIDE_10.0.2/workspace/LabProject-CAN/mbed/TARGET_LPC1768/TOOLCHAIN_GCC_CR/libmbed.a(semihost_api.o)
 .ARM.attributes
                0x0000000000000330       0x33 /Users/shinkichi/Documents/MCUXpressoIDE_10.0.2/workspace/LabProject-CAN/mbed/TARGET_LPC1768/TOOLCHAIN_GCC_CR/libmbed.a(wait_api.o)
 .ARM.attributes
                0x0000000000000363       0x33 /Users/shinkichi/Documents/MCUXpressoIDE_10.0.2/workspace/LabProject-CAN/mbed/TARGET_LPC1768/TOOLCHAIN_GCC_CR/libmbed.a(can_api.o)
 .ARM.attributes