Archive member included to satisfy reference by file (symbol)

/Users/shinkichi/Documents/MCUXpressoIDE_10.0.2/workspace/Robocon2018-Slave/mbed/TARGET_LPC1768/TOOLCHAIN_GCC_CR/libmbed.a(pwmout_api.o)
                              ./MyLib/MWCtrl-v1.o (pwmout_write)
/Users/shinkichi/Documents/MCUXpressoIDE_10.0.2/workspace/Robocon2018-Slave/mbed/TARGET_LPC1768/TOOLCHAIN_GCC_CR/libmbed.a(serial_api.o)
                              /Users/shinkichi/Documents/MCUXpressoIDE_10.0.2/workspace/Robocon2018-Slave/mbed/TARGET_LPC1768/TOOLCHAIN_GCC_CR/retarget.o (serial_getc)
/Users/shinkichi/Documents/MCUXpressoIDE_10.0.2/workspace/Robocon2018-Slave/mbed/TARGET_LPC1768/TOOLCHAIN_GCC_CR/libmbed.a(CAN.o)
                              ./main.o (mbed::CAN::~CAN())
/Users/shinkichi/Documents/MCUXpressoIDE_10.0.2/workspace/Robocon2018-Slave/mbed/TARGET_LPC1768/TOOLCHAIN_GCC_CR/libmbed.a(FilePath.o)
                              /Users/shinkichi/Documents/MCUXpressoIDE_10.0.2/workspace/Robocon2018-Slave/mbed/TARGET_LPC1768/TOOLCHAIN_GCC_CR/retarget.o (mbed::FilePath::FilePath(char const*))
/Users/shinkichi/Documents/MCUXpressoIDE_10.0.2/workspace/Robocon2018-Slave/mbed/TARGET_LPC1768/TOOLCHAIN_GCC_CR/libmbed.a(FileSystemLike.o)
                              /Users/shinkichi/Documents/MCUXpressoIDE_10.0.2/workspace/Robocon2018-Slave/mbed/TARGET_LPC1768/TOOLCHAIN_GCC_CR/retarget.o (mbed::FileSystemLike::opendir())
/Users/shinkichi/Documents/MCUXpressoIDE_10.0.2/workspace/Robocon2018-Slave/mbed/TARGET_LPC1768/TOOLCHAIN_GCC_CR/libmbed.a(Timer.o)
                              ./main.o (mbed::Timer::Timer())
/Users/shinkichi/Documents/MCUXpressoIDE_10.0.2/workspace/Robocon2018-Slave/mbed/TARGET_LPC1768/TOOLCHAIN_GCC_CR/libmbed.a(assert.o)
                              ./MyLib/MWCtrl-v1.o (mbed_assert_internal)
/Users/shinkichi/Documents/MCUXpressoIDE_10.0.2/workspace/Robocon2018-Slave/mbed/TARGET_LPC1768/TOOLCHAIN_GCC_CR/libmbed.a(error.o)
                              /Users/shinkichi/Documents/MCUXpressoIDE_10.0.2/workspace/Robocon2018-Slave/mbed/TARGET_LPC1768/TOOLCHAIN_GCC_CR/retarget.o (error)
/Users/shinkichi/Documents/MCUXpressoIDE_10.0.2/workspace/Robocon2018-Slave/mbed/TARGET_LPC1768/TOOLCHAIN_GCC_CR/libmbed.a(gpio.o)
                              /Users/shinkichi/Documents/MCUXpressoIDE_10.0.2/workspace/Robocon2018-Slave/mbed/TARGET_LPC1768/TOOLCHAIN_GCC_CR/libmbed.a(serial_api.o) (gpio_init_in)
/Users/shinkichi/Documents/MCUXpressoIDE_10.0.2/workspace/Robocon2018-Slave/mbed/TARGET_LPC1768/TOOLCHAIN_GCC_CR/libmbed.a(mbed_interface.o)
                              /Users/shinkichi/Documents/MCUXpressoIDE_10.0.2/workspace/Robocon2018-Slave/mbed/TARGET_LPC1768/TOOLCHAIN_GCC_CR/retarget.o (mbed_interface_connected)
/Users/shinkichi/Documents/MCUXpressoIDE_10.0.2/workspace/Robocon2018-Slave/mbed/TARGET_LPC1768/TOOLCHAIN_GCC_CR/libmbed.a(pinmap_common.o)
                              /Users/shinkichi/Documents/MCUXpressoIDE_10.0.2/workspace/Robocon2018-Slave/mbed/TARGET_LPC1768/TOOLCHAIN_GCC_CR/libmbed.a(pwmout_api.o) (pinmap_pinout)
/Users/shinkichi/Documents/MCUXpressoIDE_10.0.2/workspace/Robocon2018-Slave/mbed/TARGET_LPC1768/TOOLCHAIN_GCC_CR/libmbed.a(semihost_api.o)
                              /Users/shinkichi/Documents/MCUXpressoIDE_10.0.2/workspace/Robocon2018-Slave/mbed/TARGET_LPC1768/TOOLCHAIN_GCC_CR/retarget.o (semihost_exit)
/Users/shinkichi/Documents/MCUXpressoIDE_10.0.2/workspace/Robocon2018-Slave/mbed/TARGET_LPC1768/TOOLCHAIN_GCC_CR/libmbed.a(wait_api.o)
                              /Users/shinkichi/Documents/MCUXpressoIDE_10.0.2/workspace/Robocon2018-Slave/mbed/TARGET_LPC1768/TOOLCHAIN_GCC_CR/board.o (wait_ms)
/Users/shinkichi/Documents/MCUXpressoIDE_10.0.2/workspace/Robocon2018-Slave/mbed/TARGET_LPC1768/TOOLCHAIN_GCC_CR/libmbed.a(ticker_api.o)
                              /Users/shinkichi/Documents/MCUXpressoIDE_10.0.2/workspace/Robocon2018-Slave/mbed/TARGET_LPC1768/TOOLCHAIN_GCC_CR/libmbed.a(Timer.o) (ticker_read)
/Users/shinkichi/Documents/MCUXpressoIDE_10.0.2/workspace/Robocon2018-Slave/mbed/TARGET_LPC1768/TOOLCHAIN_GCC_CR/libmbed.a(us_ticker_api.o)
                              /Users/shinkichi/Documents/MCUXpressoIDE_10.0.2/workspace/Robocon2018-Slave/mbed/TARGET_LPC1768/TOOLCHAIN_GCC_CR/libmbed.a(Timer.o) (get_us_ticker_data)
/Users/shinkichi/Documents/MCUXpressoIDE_10.0.2/workspace/Robocon2018-Slave/mbed/TARGET_LPC1768/TOOLCHAIN_GCC_CR/libmbed.a(can_api.o)
                              /Users/shinkichi/Documents/MCUXpressoIDE_10.0.2/workspace/Robocon2018-Slave/mbed/TARGET_LPC1768/TOOLCHAIN_GCC_CR/libmbed.a(CAN.o) (can_mode)
/Users/shinkichi/Documents/MCUXpressoIDE_10.0.2/workspace/Robocon2018-Slave/mbed/TARGET_LPC1768/TOOLCHAIN_GCC_CR/libmbed.a(gpio_api.o)
                              /Users/shinkichi/Documents/MCUXpressoIDE_10.0.2/workspace/Robocon2018-Slave/mbed/TARGET_LPC1768/TOOLCHAIN_GCC_CR/libmbed.a(gpio.o) (gpio_init)
[...]
Memory Configuration

Name             Origin             Length             Attributes
MFlash512        0x0000000000000000 0x0000000000080000 xr
RamLoc32         0x00000000100000c8 0x0000000000007f38 xrw
RamAHB_USB       0x000000002007c000 0x0000000000004000 xrw
RamAHB_Eth       0x0000000020080000 0x0000000000004000 xrw
*default*        0x0000000000000000 0xffffffffffffffff

Linker script and memory map

LOAD ./MyLib/MWCtrl-v1.o
LOAD ./main.o
LOAD /Users/shinkichi/Documents/MCUXpressoIDE_10.0.2/workspace/Robocon2018-Slave/mbed/TARGET_LPC1768/TOOLCHAIN_GCC_CR/board.o
LOAD /Users/shinkichi/Documents/MCUXpressoIDE_10.0.2/workspace/Robocon2018-Slave/mbed/TARGET_LPC1768/TOOLCHAIN_GCC_CR/cmsis_nvic.o
LOAD /Users/shinkichi/Documents/MCUXpressoIDE_10.0.2/workspace/Robocon2018-Slave/mbed/TARGET_LPC1768/TOOLCHAIN_GCC_CR/retarget.o
LOAD /Users/shinkichi/Documents/MCUXpressoIDE_10.0.2/workspace/Robocon2018-Slave/mbed/TARGET_LPC1768/TOOLCHAIN_GCC_CR/startup_LPC17xx.o
LOAD /Users/shinkichi/Documents/MCUXpressoIDE_10.0.2/workspace/Robocon2018-Slave/mbed/TARGET_LPC1768/TOOLCHAIN_GCC_CR/system_LPC17xx.o
LOAD /Users/shinkichi/Documents/MCUXpressoIDE_10.0.2/workspace/Robocon2018-Slave/mbed/TARGET_LPC1768/TOOLCHAIN_GCC_CR/libmbed.a
START GROUP
LOAD /Applications/MCUXpressoIDE_10.0.2_411/ide/tools/bin/../lib/gcc/arm-none-eabi/5.4.1/armv7-m/libgcc.a
LOAD /Applications/MCUXpressoIDE_10.0.2_411/ide/tools/bin/../lib/gcc/arm-none-eabi/5.4.1/../../../../arm-none-eabi/lib/armv7-m/libc.a
LOAD /Applications/MCUXpressoIDE_10.0.2_411/ide/tools/bin/../lib/gcc/arm-none-eabi/5.4.1/../../../../arm-none-eabi/lib/armv7-m/libstdc++.a
LOAD /Applications/MCUXpressoIDE_10.0.2_411/ide/tools/bin/../lib/gcc/arm-none-eabi/5.4.1/../../../../arm-none-eabi/lib/armv7-m/libm.a
LOAD /Applications/MCUXpressoIDE_10.0.2_411/ide/tools/bin/../lib/gcc/arm-none-eabi/5.4.1/../../../../arm-none-eabi/lib/armv7-m/libcr_newlib_nohost.a
LOAD /Applications/MCUXpressoIDE_10.0.2_411/ide/tools/bin/../lib/gcc/arm-none-eabi/5.4.1/armv7-m/crti.o
LOAD /Applications/MCUXpressoIDE_10.0.2_411/ide/tools/bin/../lib/gcc/arm-none-eabi/5.4.1/armv7-m/crtn.o
LOAD /Applications/MCUXpressoIDE_10.0.2_411/ide/tools/bin/../lib/gcc/arm-none-eabi/5.4.1/armv7-m/crtbegin.o
LOAD /Applications/MCUXpressoIDE_10.0.2_411/ide/tools/bin/../lib/gcc/arm-none-eabi/5.4.1/armv7-m/crtend.o
END GROUP
                0x0000000000080000                __top_MFlash512 = 0x80000
                0x0000000010008000                __top_RamLoc32 = 0x10008000
                0x0000000020084000                __top_RamAHB32 = 0x20084000

.text           0x0000000000000000     0x9d00
 FILL mask 0xff
 *(.isr_vector)
 .isr_vector    0x0000000000000000       0xcc /Users/shinkichi/Documents/MCUXpressoIDE_10.0.2/workspace/Robocon2018-Slave/mbed/TARGET_LPC1768/TOOLCHAIN_GCC_CR/startup_LPC17xx.o
                0x0000000000000000                g_pfnVectors
                0x00000000000000cc                . = ALIGN (0x4)
                0x00000000000000cc                __section_table_start = .
                0x00000000000000cc                __data_section_table = .
                0x00000000000000cc        0x4 LONG 0x9d08 LOADADDR (.data)
                0x00000000000000d0        0x4 LONG 0x100000c8 ADDR (.data)
                0x00000000000000d4        0x4 LONG 0x9d0 SIZEOF (.data)
                0x00000000000000d8        0x4 LONG 0x9d08 LOADADDR (.data_RAM2)
                0x00000000000000dc        0x4 LONG 0x2007c000 ADDR (.data_RAM2)
                0x00000000000000e0        0x4 LONG 0x0 SIZEOF (.data_RAM2)
                0x00000000000000e4                __data_section_table_end = .
                0x00000000000000e4                __bss_section_table = .
                0x00000000000000e4        0x4 LONG 0x10000a98 ADDR (.bss)
                0x00000000000000e8        0x4 LONG 0x53c SIZEOF (.bss)
                0x00000000000000ec        0x4 LONG 0x2007c000 ADDR (.bss_RAM2)
                0x00000000000000f0        0x4 LONG 0x0 SIZEOF (.bss_RAM2)
                0x00000000000000f4                __bss_section_table_end = .
                0x00000000000000f4                __section_table_end = .
 *(.after_vectors*)
 .after_vectors
                0x00000000000000f4       0xd0 /Users/shinkichi/Documents/MCUXpressoIDE_10.0.2/workspace/Robocon2018-Slave/mbed/TARGET_LPC1768/TOOLCHAIN_GCC_CR/startup_LPC17xx.o
                0x00000000000000f4                NMI_Handler
                0x00000000000000f8                HardFault_Handler
                0x00000000000000fc                MemManage_Handler
                0x0000000000000100                BusFault_Handler
                0x0000000000000104                UsageFault_Handler
                0x0000000000000108                SVC_Handler
                0x000000000000010c                DebugMon_Handler
                0x0000000000000110                PendSV_Handler
                0x0000000000000114                SysTick_Handler
                0x0000000000000118                CANActivity_IRQHandler
                0x0000000000000118                TIMER3_IRQHandler
                0x0000000000000118                UART0_IRQHandler
                0x0000000000000118                IntDefaultHandler
                0x0000000000000118                PLL0_IRQHandler
                0x0000000000000118                CAN_IRQHandler
                0x0000000000000118                PLL1_IRQHandler
                0x0000000000000118                SSP0_IRQHandler
                0x0000000000000118                I2S_IRQHandler
                0x0000000000000118                I2C2_IRQHandler
                0x0000000000000118                RTC_IRQHandler
                0x0000000000000118                TIMER0_IRQHandler
                0x0000000000000118                SPI_IRQHandler
                0x0000000000000118                EINT1_IRQHandler
                0x0000000000000118                TIMER1_IRQHandler
                0x0000000000000118                UART2_IRQHandler
                0x0000000000000118                ADC_IRQHandler
                0x0000000000000118                SSP1_IRQHandler
                0x0000000000000118                USB_IRQHandler
                0x0000000000000118                BOD_IRQHandler
                0x0000000000000118                WDT_IRQHandler
                0x0000000000000118                ENET_IRQHandler
                0x0000000000000118                RIT_IRQHandler
                0x0000000000000118                I2C0_IRQHandler
                0x0000000000000118                USBActivity_IRQHandler
                0x0000000000000118                PWM1_IRQHandler
                0x0000000000000118                I2C1_IRQHandler
                0x0000000000000118                EINT2_IRQHandler
                0x0000000000000118                UART1_IRQHandler
                0x0000000000000118                EINT3_IRQHandler
                0x0000000000000118                UART3_IRQHandler
                0x0000000000000118                MCPWM_IRQHandler
                0x0000000000000118                TIMER2_IRQHandler
                0x0000000000000118                QEI_IRQHandler
                0x0000000000000118                EINT0_IRQHandler
                0x0000000000000118                DMA_IRQHandler
                0x000000000000011c                ResetISR
                0x000000000000019c                data_init
                0x00000000000001b4                bss_init
 *(.text*)
 .text.gpio_write
                0x00000000000001c4       0x2c ./MyLib/MWCtrl-v1.o
 .text.gpio_read
                0x00000000000001f0       0x2c ./MyLib/MWCtrl-v1.o
 .text._ZN6MWCtrlC2Ev
                0x000000000000021c       0x84 ./MyLib/MWCtrl-v1.o
                0x000000000000021c                MWCtrl::MWCtrl()
                0x000000000000021c                MWCtrl::MWCtrl()
 .text._ZN6MWCtrl7PwmPinsEPN4mbed6PwmOutES2_S2_S2_i
                0x00000000000002a0       0x42 ./MyLib/MWCtrl-v1.o
                0x00000000000002a0                MWCtrl::PwmPins(mbed::PwmOut*, mbed::PwmOut*, mbed::PwmOut*, mbed::PwmOut*, int)
 .text._ZN6MWCtrl8DigiPinsEPN4mbed10DigitalOutES2_S2_S2_
                0x00000000000002e2       0x2e ./MyLib/MWCtrl-v1.o
                0x00000000000002e2                MWCtrl::DigiPins(mbed::DigitalOut*, mbed::DigitalOut*, mbed::DigitalOut*, mbed::DigitalOut*)
 .text._ZN6MWCtrl5SpeedEd
                0x0000000000000310       0x54 ./MyLib/MWCtrl-v1.o
                0x0000000000000310                MWCtrl::Speed(double)
 .text._ZN6MWCtrl5SpeedEv
                0x0000000000000364       0x10 ./MyLib/MWCtrl-v1.o
                0x0000000000000364                MWCtrl::Speed()
 .text._ZN6MWCtrl10Trape_PropEd
                0x0000000000000374       0x54 ./MyLib/MWCtrl-v1.o
                0x0000000000000374                MWCtrl::Trape_Prop(double)
 .text._ZN6MWCtrl9InvldAreaEv
                0x00000000000003c8       0x18 ./MyLib/MWCtrl-v1.o
                0x00000000000003c8                MWCtrl::InvldArea()
 .text._ZN6MWCtrl10ForceAngleEv
                0x00000000000003e0       0x10 ./MyLib/MWCtrl-v1.o
                0x00000000000003e0                MWCtrl::ForceAngle()
 .text._ZN6MWCtrl9EmergencyEv
                0x00000000000003f0       0x74 ./MyLib/MWCtrl-v1.o
                0x00000000000003f0                MWCtrl::Emergency()
 .text._ZN6MWCtrl9AngleCalcEd
                0x0000000000000464       0x4c ./MyLib/MWCtrl-v1.o
                0x0000000000000464                MWCtrl::AngleCalc(double)
 .text._ZN6MWCtrl7PwmCtrlEi
                0x00000000000004b0      0x230 ./MyLib/MWCtrl-v1.o
                0x00000000000004b0                MWCtrl::PwmCtrl(int)
 .text._ZN6MWCtrl7TurnActEhh
                0x00000000000006e0       0x32 ./MyLib/MWCtrl-v1.o
                0x00000000000006e0                MWCtrl::TurnAct(unsigned char, unsigned char)
 *fill*         0x0000000000000712        0x6 ff
 .text._ZN6MWCtrl8TurnCtrlEih
                0x0000000000000718      0x14c ./MyLib/MWCtrl-v1.o
                0x0000000000000718                MWCtrl::TurnCtrl(int, unsigned char)
 *fill*         0x0000000000000864        0x4 ff
 .text._ZN6MWCtrl4MoveEhhhh
                0x0000000000000868      0x500 ./MyLib/MWCtrl-v1.o
                0x0000000000000868                MWCtrl::Move(unsigned char, unsigned char, unsigned char, unsigned char)
 .text.gpio_write
                0x0000000000000d68       0x2c ./main.o
 .text.gpio_read
                0x0000000000000d94       0x2c ./main.o
 .text._ZN4mbed10DigitalOutC2E7PinName
                0x0000000000000dc0       0x1a ./main.o
                0x0000000000000dc0                mbed::DigitalOut::DigitalOut(PinName)
                0x0000000000000dc0                mbed::DigitalOut::DigitalOut(PinName)
 *fill*         0x0000000000000dda        0x6 ff
 .text._Z5setupv
                0x0000000000000de0       0xc4 ./main.o
                0x0000000000000de0                setup()
 .text._Z4movev
                0x0000000000000ea4       0x88 ./main.o
                0x0000000000000ea4                move()
 .text._Z7actuatev
                0x0000000000000f2c       0x20 ./main.o
                0x0000000000000f2c                actuate()
 .text._Z7stopperv
                0x0000000000000f4c       0x1c ./main.o
                0x0000000000000f4c                stopper()
 .text._Z4loopv
                0x0000000000000f68       0x90 ./main.o
                0x0000000000000f68                loop()
 .text.startup.main
                0x0000000000000ff8        0xc ./main.o
                0x0000000000000ff8                main
 .text.startup._GLOBAL__sub_I_Mechanum
                0x0000000000001004      0x110 ./main.o
 .text.mbed_die
                0x0000000000001114      0x10c /Users/shinkichi/Documents/MCUXpressoIDE_10.0.2/workspace/Robocon2018-Slave/mbed/TARGET_LPC1768/TOOLCHAIN_GCC_CR/board.o
                0x0000000000001114                mbed_die
 .text.NVIC_SetVector
                0x0000000000001220       0x3c /Users/shinkichi/Documents/MCUXpressoIDE_10.0.2/workspace/Robocon2018-Slave/mbed/TARGET_LPC1768/TOOLCHAIN_GCC_CR/cmsis_nvic.o
                0x0000000000001220                NVIC_SetVector
 .text._ZL11init_serialv.part.0
                0x000000000000125c       0x18 /Users/shinkichi/Documents/MCUXpressoIDE_10.0.2/workspace/Robocon2018-Slave/mbed/TARGET_LPC1768/TOOLCHAIN_GCC_CR/retarget.o
 .text._close   0x0000000000001274       0x2c /Users/shinkichi/Documents/MCUXpressoIDE_10.0.2/workspace/Robocon2018-Slave/mbed/TARGET_LPC1768/TOOLCHAIN_GCC_CR/retarget.o
                0x0000000000001274                _close
 .text._write   0x00000000000012a0       0x50 /Users/shinkichi/Documents/MCUXpressoIDE_10.0.2/workspace/Robocon2018-Slave/mbed/TARGET_LPC1768/TOOLCHAIN_GCC_CR/retarget.o
                0x00000000000012a0                _write
 .text._read    0x00000000000012f0       0x4c /Users/shinkichi/Documents/MCUXpressoIDE_10.0.2/workspace/Robocon2018-Slave/mbed/TARGET_LPC1768/TOOLCHAIN_GCC_CR/retarget.o
                0x00000000000012f0                _read
 .text._isatty  0x000000000000133c       0x28 /Users/shinkichi/Documents/MCUXpressoIDE_10.0.2/workspace/Robocon2018-Slave/mbed/TARGET_LPC1768/TOOLCHAIN_GCC_CR/retarget.o
                0x000000000000133c                _isatty
 .text._lseek   0x0000000000001364       0x28 /Users/shinkichi/Documents/MCUXpressoIDE_10.0.2/workspace/Robocon2018-Slave/mbed/TARGET_LPC1768/TOOLCHAIN_GCC_CR/retarget.o
                0x0000000000001364                _lseek
 .text._fstat   0x000000000000138c       0x20 /Users/shinkichi/Documents/MCUXpressoIDE_10.0.2/workspace/Robocon2018-Slave/mbed/TARGET_LPC1768/TOOLCHAIN_GCC_CR/retarget.o
                0x000000000000138c                _fstat
 .text.exit     0x00000000000013ac       0x30 /Users/shinkichi/Documents/MCUXpressoIDE_10.0.2/workspace/Robocon2018-Slave/mbed/TARGET_LPC1768/TOOLCHAIN_GCC_CR/retarget.o
                0x00000000000013ac                exit
 .text.__aeabi_atexit
                0x00000000000013dc        0x4 /Users/shinkichi/Documents/MCUXpressoIDE_10.0.2/workspace/Robocon2018-Slave/mbed/TARGET_LPC1768/TOOLCHAIN_GCC_CR/startup_LPC17xx.o
                0x00000000000013dc                __aeabi_atexit
 .text._ZdlPv   0x00000000000013e0        0x4 /Users/shinkichi/Documents/MCUXpressoIDE_10.0.2/workspace/Robocon2018-Slave/mbed/TARGET_LPC1768/TOOLCHAIN_GCC_CR/startup_LPC17xx.o
                0x00000000000013e0                operator delete(void*)
 .text.SystemInit
                0x00000000000013e4       0xb8 /Users/shinkichi/Documents/MCUXpressoIDE_10.0.2/workspace/Robocon2018-Slave/mbed/TARGET_LPC1768/TOOLCHAIN_GCC_CR/system_LPC17xx.o
                0x00000000000013e4                SystemInit
 .text.pwmout_write
                0x000000000000149c       0x5c /Users/shinkichi/Documents/MCUXpressoIDE_10.0.2/workspace/Robocon2018-Slave/mbed/TARGET_LPC1768/TOOLCHAIN_GCC_CR/libmbed.a(pwmout_api.o)
                0x000000000000149c                pwmout_write
 .text.pwmout_period_us
                0x00000000000014f8       0x44 /Users/shinkichi/Documents/MCUXpressoIDE_10.0.2/workspace/Robocon2018-Slave/mbed/TARGET_LPC1768/TOOLCHAIN_GCC_CR/libmbed.a(pwmout_api.o)
                0x00000000000014f8                pwmout_period_us
 .text.pwmout_init
                0x000000000000153c       0xd8 /Users/shinkichi/Documents/MCUXpressoIDE_10.0.2/workspace/Robocon2018-Slave/mbed/TARGET_LPC1768/TOOLCHAIN_GCC_CR/libmbed.a(pwmout_api.o)
                0x000000000000153c                pwmout_init
 .text.uart2_irq
                0x0000000000001614       0x64 /Users/shinkichi/Documents/MCUXpressoIDE_10.0.2/workspace/Robocon2018-Slave/mbed/TARGET_LPC1768/TOOLCHAIN_GCC_CR/libmbed.a(serial_api.o)
                0x0000000000001614                uart2_irq
 .text.serial_irq_set_internal
                0x0000000000001678       0xcc /Users/shinkichi/Documents/MCUXpressoIDE_10.0.2/workspace/Robocon2018-Slave/mbed/TARGET_LPC1768/TOOLCHAIN_GCC_CR/libmbed.a(serial_api.o)
 .text.uart0_irq
                0x0000000000001744       0x64 /Users/shinkichi/Documents/MCUXpressoIDE_10.0.2/workspace/Robocon2018-Slave/mbed/TARGET_LPC1768/TOOLCHAIN_GCC_CR/libmbed.a(serial_api.o)
                0x0000000000001744                uart0_irq
 .text.uart3_irq
                0x00000000000017a8       0x6c /Users/shinkichi/Documents/MCUXpressoIDE_10.0.2/workspace/Robocon2018-Slave/mbed/TARGET_LPC1768/TOOLCHAIN_GCC_CR/libmbed.a(serial_api.o)
                0x00000000000017a8                uart3_irq
 .text.uart1_irq
                0x0000000000001814       0x64 /Users/shinkichi/Documents/MCUXpressoIDE_10.0.2/workspace/Robocon2018-Slave/mbed/TARGET_LPC1768/TOOLCHAIN_GCC_CR/libmbed.a(serial_api.o)
                0x0000000000001814                uart1_irq
 .text.serial_baud
                0x0000000000001878      0x244 /Users/shinkichi/Documents/MCUXpressoIDE_10.0.2/workspace/Robocon2018-Slave/mbed/TARGET_LPC1768/TOOLCHAIN_GCC_CR/libmbed.a(serial_api.o)
                0x0000000000001878                serial_baud
 .text.serial_format
                0x0000000000001abc       0x78 /Users/shinkichi/Documents/MCUXpressoIDE_10.0.2/workspace/Robocon2018-Slave/mbed/TARGET_LPC1768/TOOLCHAIN_GCC_CR/libmbed.a(serial_api.o)
                0x0000000000001abc                serial_format
 .text.serial_getc
                0x0000000000001b34       0x38 /Users/shinkichi/Documents/MCUXpressoIDE_10.0.2/workspace/Robocon2018-Slave/mbed/TARGET_LPC1768/TOOLCHAIN_GCC_CR/libmbed.a(serial_api.o)
                0x0000000000001b34                serial_getc
 .text.serial_writable
                0x0000000000001b6c       0x74 /Users/shinkichi/Documents/MCUXpressoIDE_10.0.2/workspace/Robocon2018-Slave/mbed/TARGET_LPC1768/TOOLCHAIN_GCC_CR/libmbed.a(serial_api.o)
                0x0000000000001b6c                serial_writable
 .text.serial_putc
                0x0000000000001be0       0x34 /Users/shinkichi/Documents/MCUXpressoIDE_10.0.2/workspace/Robocon2018-Slave/mbed/TARGET_LPC1768/TOOLCHAIN_GCC_CR/libmbed.a(serial_api.o)
                0x0000000000001be0                serial_putc
 .text.serial_set_flow_control
                0x0000000000001c14      0x12c /Users/shinkichi/Documents/MCUXpressoIDE_10.0.2/workspace/Robocon2018-Slave/mbed/TARGET_LPC1768/TOOLCHAIN_GCC_CR/libmbed.a(serial_api.o)
                0x0000000000001c14                serial_set_flow_control
 .text.serial_init
                0x0000000000001d40      0x1bc /Users/shinkichi/Documents/MCUXpressoIDE_10.0.2/workspace/Robocon2018-Slave/mbed/TARGET_LPC1768/TOOLCHAIN_GCC_CR/libmbed.a(serial_api.o)
                0x0000000000001d40                serial_init
 .text._ZN4mbed3CAN12_irq_handlerEm10CanIrqType
                0x0000000000001efc       0x28 /Users/shinkichi/Documents/MCUXpressoIDE_10.0.2/workspace/Robocon2018-Slave/mbed/TARGET_LPC1768/TOOLCHAIN_GCC_CR/libmbed.a(CAN.o)
                0x0000000000001efc                mbed::CAN::_irq_handler(unsigned long, CanIrqType)
 .text._ZN4mbed3CAND2Ev
                0x0000000000001f24       0x20 /Users/shinkichi/Documents/MCUXpressoIDE_10.0.2/workspace/Robocon2018-Slave/mbed/TARGET_LPC1768/TOOLCHAIN_GCC_CR/libmbed.a(CAN.o)
                0x0000000000001f24                mbed::CAN::~CAN()
                0x0000000000001f24                mbed::CAN::~CAN()
 .text._ZN4mbed3CAND0Ev
                0x0000000000001f44       0x28 /Users/shinkichi/Documents/MCUXpressoIDE_10.0.2/workspace/Robocon2018-Slave/mbed/TARGET_LPC1768/TOOLCHAIN_GCC_CR/libmbed.a(CAN.o)
                0x0000000000001f44                mbed::CAN::~CAN()
 .text._ZN4mbed3CANC2E7PinNameS1_
                0x0000000000001f6c       0x44 /Users/shinkichi/Documents/MCUXpressoIDE_10.0.2/workspace/Robocon2018-Slave/mbed/TARGET_LPC1768/TOOLCHAIN_GCC_CR/libmbed.a(CAN.o)
                0x0000000000001f6c                mbed::CAN::CAN(PinName, PinName)
                0x0000000000001f6c                mbed::CAN::CAN(PinName, PinName)
 .text._ZN4mbed3CAN9frequencyEi
                0x0000000000001fb0        0x8 /Users/shinkichi/Documents/MCUXpressoIDE_10.0.2/workspace/Robocon2018-Slave/mbed/TARGET_LPC1768/TOOLCHAIN_GCC_CR/libmbed.a(CAN.o)
                0x0000000000001fb0                mbed::CAN::frequency(int)
 .text._ZN4mbed3CAN4readERNS_10CANMessageEi
                0x0000000000001fb8        0x8 /Users/shinkichi/Documents/MCUXpressoIDE_10.0.2/workspace/Robocon2018-Slave/mbed/TARGET_LPC1768/TOOLCHAIN_GCC_CR/libmbed.a(CAN.o)
                0x0000000000001fb8                mbed::CAN::read(mbed::CANMessage&, int)
 .text._ZN4mbed5Timer9slicetimeEv.part.0
                0x0000000000001fc0       0x10 /Users/shinkichi/Documents/MCUXpressoIDE_10.0.2/workspace/Robocon2018-Slave/mbed/TARGET_LPC1768/TOOLCHAIN_GCC_CR/libmbed.a(Timer.o)
 .text._ZN4mbed5TimerC2Ev
                0x0000000000001fd0       0x20 /Users/shinkichi/Documents/MCUXpressoIDE_10.0.2/workspace/Robocon2018-Slave/mbed/TARGET_LPC1768/TOOLCHAIN_GCC_CR/libmbed.a(Timer.o)
                0x0000000000001fd0                mbed::Timer::Timer()
                0x0000000000001fd0                mbed::Timer::Timer()
 .text._ZN4mbed5Timer5startEv
                0x0000000000001ff0       0x18 /Users/shinkichi/Documents/MCUXpressoIDE_10.0.2/workspace/Robocon2018-Slave/mbed/TARGET_LPC1768/TOOLCHAIN_GCC_CR/libmbed.a(Timer.o)
                0x0000000000001ff0                mbed::Timer::start()
 .text._ZN4mbed5Timer7read_msEv
                0x0000000000002008       0x24 /Users/shinkichi/Documents/MCUXpressoIDE_10.0.2/workspace/Robocon2018-Slave/mbed/TARGET_LPC1768/TOOLCHAIN_GCC_CR/libmbed.a(Timer.o)
                0x0000000000002008                mbed::Timer::read_ms()
 .text._ZN4mbed5Timer5resetEv
                0x000000000000202c       0x14 /Users/shinkichi/Documents/MCUXpressoIDE_10.0.2/workspace/Robocon2018-Slave/mbed/TARGET_LPC1768/TOOLCHAIN_GCC_CR/libmbed.a(Timer.o)
                0x000000000000202c                mbed::Timer::reset()
 .text.mbed_assert_internal
                0x0000000000002040       0x18 /Users/shinkichi/Documents/MCUXpressoIDE_10.0.2/workspace/Robocon2018-Slave/mbed/TARGET_LPC1768/TOOLCHAIN_GCC_CR/libmbed.a(assert.o)
                0x0000000000002040                mbed_assert_internal
 .text.error    0x0000000000002058       0x24 /Users/shinkichi/Documents/MCUXpressoIDE_10.0.2/workspace/Robocon2018-Slave/mbed/TARGET_LPC1768/TOOLCHAIN_GCC_CR/libmbed.a(error.o)
                0x0000000000002058                error
 .text.gpio_init_in
                0x000000000000207c       0x24 /Users/shinkichi/Documents/MCUXpressoIDE_10.0.2/workspace/Robocon2018-Slave/mbed/TARGET_LPC1768/TOOLCHAIN_GCC_CR/libmbed.a(gpio.o)
                0x000000000000207c                gpio_init_in
 .text.gpio_init_out
                0x00000000000020a0       0x44 /Users/shinkichi/Documents/MCUXpressoIDE_10.0.2/workspace/Robocon2018-Slave/mbed/TARGET_LPC1768/TOOLCHAIN_GCC_CR/libmbed.a(gpio.o)
                0x00000000000020a0                gpio_init_out
 .text.gpio_init_out_ex
                0x00000000000020e4       0x54 /Users/shinkichi/Documents/MCUXpressoIDE_10.0.2/workspace/Robocon2018-Slave/mbed/TARGET_LPC1768/TOOLCHAIN_GCC_CR/libmbed.a(gpio.o)
                0x00000000000020e4                gpio_init_out_ex
 .text.mbed_interface_connected
                0x0000000000002138        0x4 /Users/shinkichi/Documents/MCUXpressoIDE_10.0.2/workspace/Robocon2018-Slave/mbed/TARGET_LPC1768/TOOLCHAIN_GCC_CR/libmbed.a(mbed_interface.o)
                0x0000000000002138                mbed_interface_connected
 .text.pinmap_pinout
                0x000000000000213c       0x40 /Users/shinkichi/Documents/MCUXpressoIDE_10.0.2/workspace/Robocon2018-Slave/mbed/TARGET_LPC1768/TOOLCHAIN_GCC_CR/libmbed.a(pinmap_common.o)
                0x000000000000213c                pinmap_pinout
 .text.pinmap_merge
                0x000000000000217c       0x24 /Users/shinkichi/Documents/MCUXpressoIDE_10.0.2/workspace/Robocon2018-Slave/mbed/TARGET_LPC1768/TOOLCHAIN_GCC_CR/libmbed.a(pinmap_common.o)
                0x000000000000217c                pinmap_merge
 .text.pinmap_find_peripheral
                0x00000000000021a0       0x1c /Users/shinkichi/Documents/MCUXpressoIDE_10.0.2/workspace/Robocon2018-Slave/mbed/TARGET_LPC1768/TOOLCHAIN_GCC_CR/libmbed.a(pinmap_common.o)
                0x00000000000021a0                pinmap_find_peripheral
 .text.pinmap_peripheral
                0x00000000000021bc       0x34 /Users/shinkichi/Documents/MCUXpressoIDE_10.0.2/workspace/Robocon2018-Slave/mbed/TARGET_LPC1768/TOOLCHAIN_GCC_CR/libmbed.a(pinmap_common.o)
                0x00000000000021bc                pinmap_peripheral
 .text.semihost_exit
                0x00000000000021f0       0x18 /Users/shinkichi/Documents/MCUXpressoIDE_10.0.2/workspace/Robocon2018-Slave/mbed/TARGET_LPC1768/TOOLCHAIN_GCC_CR/libmbed.a(semihost_api.o)
                0x00000000000021f0                semihost_exit
 .text.semihost_connected
                0x0000000000002208       0x10 /Users/shinkichi/Documents/MCUXpressoIDE_10.0.2/workspace/Robocon2018-Slave/mbed/TARGET_LPC1768/TOOLCHAIN_GCC_CR/libmbed.a(semihost_api.o)
                0x0000000000002208                semihost_connected
 .text.wait_us  0x0000000000002218       0x18 /Users/shinkichi/Documents/MCUXpressoIDE_10.0.2/workspace/Robocon2018-Slave/mbed/TARGET_LPC1768/TOOLCHAIN_GCC_CR/libmbed.a(wait_api.o)
                0x0000000000002218                wait_us
 .text.wait_ms  0x0000000000002230        0xc /Users/shinkichi/Documents/MCUXpressoIDE_10.0.2/workspace/Robocon2018-Slave/mbed/TARGET_LPC1768/TOOLCHAIN_GCC_CR/libmbed.a(wait_api.o)
                0x0000000000002230                wait_ms
 .text.ticker_irq_handler
                0x000000000000223c       0x48 /Users/shinkichi/Documents/MCUXpressoIDE_10.0.2/workspace/Robocon2018-Slave/mbed/TARGET_LPC1768/TOOLCHAIN_GCC_CR/libmbed.a(ticker_api.o)
                0x000000000000223c                ticker_irq_handler
 .text.ticker_read
                0x0000000000002284        0xc /Users/shinkichi/Documents/MCUXpressoIDE_10.0.2/workspace/Robocon2018-Slave/mbed/TARGET_LPC1768/TOOLCHAIN_GCC_CR/libmbed.a(ticker_api.o)
                0x0000000000002284                ticker_read
 .text.get_us_ticker_data
                0x0000000000002290        0x8 /Users/shinkichi/Documents/MCUXpressoIDE_10.0.2/workspace/Robocon2018-Slave/mbed/TARGET_LPC1768/TOOLCHAIN_GCC_CR/libmbed.a(us_ticker_api.o)
                0x0000000000002290                get_us_ticker_data
 .text.us_ticker_irq_handler
                0x0000000000002298        0xc /Users/shinkichi/Documents/MCUXpressoIDE_10.0.2/workspace/Robocon2018-Slave/mbed/TARGET_LPC1768/TOOLCHAIN_GCC_CR/libmbed.a(us_ticker_api.o)
                0x0000000000002298                us_ticker_irq_handler
 .text.can_irq_init
                0x00000000000022a4       0x1c /Users/shinkichi/Documents/MCUXpressoIDE_10.0.2/workspace/Robocon2018-Slave/mbed/TARGET_LPC1768/TOOLCHAIN_GCC_CR/libmbed.a(can_api.o)
                0x00000000000022a4                can_irq_init
 .text.can_irq_free
                0x00000000000022c0       0x30 /Users/shinkichi/Documents/MCUXpressoIDE_10.0.2/workspace/Robocon2018-Slave/mbed/TARGET_LPC1768/TOOLCHAIN_GCC_CR/libmbed.a(can_api.o)
                0x00000000000022c0                can_irq_free
 .text.can_free
                0x00000000000022f0       0x3c /Users/shinkichi/Documents/MCUXpressoIDE_10.0.2/workspace/Robocon2018-Slave/mbed/TARGET_LPC1768/TOOLCHAIN_GCC_CR/libmbed.a(can_api.o)
                0x00000000000022f0                can_free
 .text.can_frequency
                0x000000000000232c       0xc8 /Users/shinkichi/Documents/MCUXpressoIDE_10.0.2/workspace/Robocon2018-Slave/mbed/TARGET_LPC1768/TOOLCHAIN_GCC_CR/libmbed.a(can_api.o)
                0x000000000000232c                can_frequency
 .text.can_init
                0x00000000000023f4       0xd0 /Users/shinkichi/Documents/MCUXpressoIDE_10.0.2/workspace/Robocon2018-Slave/mbed/TARGET_LPC1768/TOOLCHAIN_GCC_CR/libmbed.a(can_api.o)
                0x00000000000023f4                can_init
 .text.can_read
                0x00000000000024c4       0x60 /Users/shinkichi/Documents/MCUXpressoIDE_10.0.2/workspace/Robocon2018-Slave/mbed/TARGET_LPC1768/TOOLCHAIN_GCC_CR/libmbed.a(can_api.o)
                0x00000000000024c4                can_read
 .text.gpio_set
                0x0000000000002524       0x30 /Users/shinkichi/Documents/MCUXpressoIDE_10.0.2/workspace/Robocon2018-Slave/mbed/TARGET_LPC1768/TOOLCHAIN_GCC_CR/libmbed.a(gpio_api.o)
                0x0000000000002524                gpio_set
 .text.gpio_init
                0x0000000000002554       0x30 /Users/shinkichi/Documents/MCUXpressoIDE_10.0.2/workspace/Robocon2018-Slave/mbed/TARGET_LPC1768/TOOLCHAIN_GCC_CR/libmbed.a(gpio_api.o)
                0x0000000000002554                gpio_init
 .text.gpio_mode
                0x0000000000002584        0x8 /Users/shinkichi/Documents/MCUXpressoIDE_10.0.2/workspace/Robocon2018-Slave/mbed/TARGET_LPC1768/TOOLCHAIN_GCC_CR/libmbed.a(gpio_api.o)
                0x0000000000002584                gpio_mode
 .text.gpio_dir
                0x000000000000258c       0x44 /Users/shinkichi/Documents/MCUXpressoIDE_10.0.2/workspace/Robocon2018-Slave/mbed/TARGET_LPC1768/TOOLCHAIN_GCC_CR/libmbed.a(gpio_api.o)
                0x000000000000258c                gpio_dir
 .text.pin_function
                0x00000000000025d0       0x50 /Users/shinkichi/Documents/MCUXpressoIDE_10.0.2/workspace/Robocon2018-Slave/mbed/TARGET_LPC1768/TOOLCHAIN_GCC_CR/libmbed.a(pinmap.o)
                0x00000000000025d0                pin_function
 .text.pin_mode
                0x0000000000002620       0x78 /Users/shinkichi/Documents/MCUXpressoIDE_10.0.2/workspace/Robocon2018-Slave/mbed/TARGET_LPC1768/TOOLCHAIN_GCC_CR/libmbed.a(pinmap.o)
                0x0000000000002620                pin_mode
 .text.us_ticker_init
                0x0000000000002698       0x68 /Users/shinkichi/Documents/MCUXpressoIDE_10.0.2/workspace/Robocon2018-Slave/mbed/TARGET_LPC1768/TOOLCHAIN_GCC_CR/libmbed.a(us_ticker.o)
                0x0000000000002698                us_ticker_init
 .text.us_ticker_read
                0x0000000000002700       0x1c /Users/shinkichi/Documents/MCUXpressoIDE_10.0.2/workspace/Robocon2018-Slave/mbed/TARGET_LPC1768/TOOLCHAIN_GCC_CR/libmbed.a(us_ticker.o)
                0x0000000000002700                us_ticker_read
 .text.us_ticker_set_interrupt
                0x000000000000271c       0x14 /Users/shinkichi/Documents/MCUXpressoIDE_10.0.2/workspace/Robocon2018-Slave/mbed/TARGET_LPC1768/TOOLCHAIN_GCC_CR/libmbed.a(us_ticker.o)
                0x000000000000271c                us_ticker_set_interrupt
 .text.us_ticker_disable_interrupt
                0x0000000000002730       0x10 /Users/shinkichi/Documents/MCUXpressoIDE_10.0.2/workspace/Robocon2018-Slave/mbed/TARGET_LPC1768/TOOLCHAIN_GCC_CR/libmbed.a(us_ticker.o)
                0x0000000000002730                us_ticker_disable_interrupt
 .text.us_ticker_clear_interrupt
                0x0000000000002740        0xc /Users/shinkichi/Documents/MCUXpressoIDE_10.0.2/workspace/Robocon2018-Slave/mbed/TARGET_LPC1768/TOOLCHAIN_GCC_CR/libmbed.a(us_ticker.o)
                0x0000000000002740                us_ticker_clear_interrupt
 .text          0x000000000000274c      0x370 /Applications/MCUXpressoIDE_10.0.2_411/ide/tools/bin/../lib/gcc/arm-none-eabi/5.4.1/armv7-m/libgcc.a(_arm_addsubdf3.o)
                0x000000000000274c                __aeabi_drsub
                0x0000000000002754                __subdf3
                0x0000000000002754                __aeabi_dsub
                0x0000000000002758                __aeabi_dadd
                0x0000000000002758                __adddf3
                0x00000000000029d0                __aeabi_ui2d
                0x00000000000029d0                __floatunsidf
                0x00000000000029f0                __floatsidf
                0x00000000000029f0                __aeabi_i2d
                0x0000000000002a14                __extendsfdf2
                0x0000000000002a14                __aeabi_f2d
                0x0000000000002a50                __aeabi_ul2d
                0x0000000000002a50                __floatundidf
                0x0000000000002a60                __aeabi_l2d
                0x0000000000002a60                __floatdidf
 .text          0x0000000000002abc      0x424 /Applications/MCUXpressoIDE_10.0.2_411/ide/tools/bin/../lib/gcc/arm-none-eabi/5.4.1/armv7-m/libgcc.a(_arm_muldivdf3.o)
                0x0000000000002abc                __aeabi_dmul
                0x0000000000002abc                __muldf3
                0x0000000000002d10                __aeabi_ddiv
                0x0000000000002d10                __divdf3
 .text          0x0000000000002ee0      0x110 /Applications/MCUXpressoIDE_10.0.2_411/ide/tools/bin/../lib/gcc/arm-none-eabi/5.4.1/armv7-m/libgcc.a(_arm_cmpdf2.o)
                0x0000000000002ee0                __gedf2
                0x0000000000002ee0                __gtdf2
                0x0000000000002ee8                __ledf2
                0x0000000000002ee8                __ltdf2
                0x0000000000002ef0                __cmpdf2
                0x0000000000002ef0                __eqdf2
                0x0000000000002ef0                __nedf2
                0x0000000000002f6c                __aeabi_cdrcmple
                0x0000000000002f7c                __aeabi_cdcmple
                0x0000000000002f7c                __aeabi_cdcmpeq
                0x0000000000002f8c                __aeabi_dcmpeq
                0x0000000000002fa0                __aeabi_dcmplt
                0x0000000000002fb4                __aeabi_dcmple
                0x0000000000002fc8                __aeabi_dcmpge
                0x0000000000002fdc                __aeabi_dcmpgt
 .text          0x0000000000002ff0       0x50 /Applications/MCUXpressoIDE_10.0.2_411/ide/tools/bin/../lib/gcc/arm-none-eabi/5.4.1/armv7-m/libgcc.a(_arm_fixdfsi.o)
                0x0000000000002ff0                __fixdfsi
                0x0000000000002ff0                __aeabi_d2iz
 .text          0x0000000000003040       0xa0 /Applications/MCUXpressoIDE_10.0.2_411/ide/tools/bin/../lib/gcc/arm-none-eabi/5.4.1/armv7-m/libgcc.a(_arm_truncdfsf2.o)
                0x0000000000003040                __aeabi_d2f
                0x0000000000003040                __truncdfsf2
 .text          0x00000000000030e0      0x21c /Applications/MCUXpressoIDE_10.0.2_411/ide/tools/bin/../lib/gcc/arm-none-eabi/5.4.1/armv7-m/libgcc.a(_arm_addsubsf3.o)
                0x00000000000030e0                __aeabi_frsub
                0x00000000000030e8                __aeabi_fsub
                0x00000000000030e8                __subsf3
                0x00000000000030ec                __aeabi_fadd
                0x00000000000030ec                __addsf3
                0x000000000000324c                __aeabi_ui2f
                0x000000000000324c                __floatunsisf
                0x0000000000003254                __floatsisf
                0x0000000000003254                __aeabi_i2f
                0x0000000000003270                __aeabi_ul2f
                0x0000000000003270                __floatundisf
                0x0000000000003280                __aeabi_l2f
                0x0000000000003280                __floatdisf
 .text          0x00000000000032fc      0x2a0 /Applications/MCUXpressoIDE_10.0.2_411/ide/tools/bin/../lib/gcc/arm-none-eabi/5.4.1/armv7-m/libgcc.a(_arm_muldivsf3.o)
                0x00000000000032fc                __mulsf3
                0x00000000000032fc                __aeabi_fmul
                0x0000000000003464                __divsf3
                0x0000000000003464                __aeabi_fdiv
 .text          0x000000000000359c       0xec /Applications/MCUXpressoIDE_10.0.2_411/ide/tools/bin/../lib/gcc/arm-none-eabi/5.4.1/armv7-m/libgcc.a(_arm_cmpsf2.o)
                0x000000000000359c                __gesf2
                0x000000000000359c                __gtsf2
                0x00000000000035a4                __ltsf2
                0x00000000000035a4                __lesf2
                0x00000000000035ac                __nesf2
                0x00000000000035ac                __eqsf2
                0x00000000000035ac                __cmpsf2
                0x000000000000360c                __aeabi_cfrcmple
                0x0000000000003614                __aeabi_cfcmpeq
                0x0000000000003614                __aeabi_cfcmple
                0x0000000000003624                __aeabi_fcmpeq
                0x0000000000003638                __aeabi_fcmplt
                0x000000000000364c                __aeabi_fcmple
                0x0000000000003660                __aeabi_fcmpge
                0x0000000000003674                __aeabi_fcmpgt
 .text          0x0000000000003688       0x40 /Applications/MCUXpressoIDE_10.0.2_411/ide/tools/bin/../lib/gcc/arm-none-eabi/5.4.1/armv7-m/libgcc.a(_arm_fixunssfsi.o)
                0x0000000000003688                __aeabi_f2uiz
                0x0000000000003688                __fixunssfsi
 .text          0x00000000000036c8       0x30 /Applications/MCUXpressoIDE_10.0.2_411/ide/tools/bin/../lib/gcc/arm-none-eabi/5.4.1/armv7-m/libgcc.a(_aeabi_uldivmod.o)
                0x00000000000036c8                __aeabi_uldivmod
 .text          0x00000000000036f8      0x2ec /Applications/MCUXpressoIDE_10.0.2_411/ide/tools/bin/../lib/gcc/arm-none-eabi/5.4.1/armv7-m/libgcc.a(_udivmoddi4.o)
                0x00000000000036f8                __udivmoddi4
 .text          0x00000000000039e4        0x4 /Applications/MCUXpressoIDE_10.0.2_411/ide/tools/bin/../lib/gcc/arm-none-eabi/5.4.1/armv7-m/libgcc.a(_dvmd_tls.o)
                0x00000000000039e4                __aeabi_ldiv0
                0x00000000000039e4                __aeabi_idiv0
 .text.abs      0x00000000000039e8        0x8 /Applications/MCUXpressoIDE_10.0.2_411/ide/tools/bin/../lib/gcc/arm-none-eabi/5.4.1/../../../../arm-none-eabi/lib/armv7-m/libc.a(lib_a-abs.o)
                0x00000000000039e8                abs
 .text.__errno  0x00000000000039f0        0xc /Applications/MCUXpressoIDE_10.0.2_411/ide/tools/bin/../lib/gcc/arm-none-eabi/5.4.1/../../../../arm-none-eabi/lib/armv7-m/libc.a(lib_a-errno.o)
                0x00000000000039f0                __errno
 .text.__sflush_r
                0x00000000000039fc      0x148 /Applications/MCUXpressoIDE_10.0.2_411/ide/tools/bin/../lib/gcc/arm-none-eabi/5.4.1/../../../../arm-none-eabi/lib/armv7-m/libc.a(lib_a-fflush.o)
                0x00000000000039fc                __sflush_r
 .text._fflush_r
                0x0000000000003b44       0x2c /Applications/MCUXpressoIDE_10.0.2_411/ide/tools/bin/../lib/gcc/arm-none-eabi/5.4.1/../../../../arm-none-eabi/lib/armv7-m/libc.a(lib_a-fflush.o)
                0x0000000000003b44                _fflush_r
 .text.fflush   0x0000000000003b70       0x24 /Applications/MCUXpressoIDE_10.0.2_411/ide/tools/bin/../lib/gcc/arm-none-eabi/5.4.1/../../../../arm-none-eabi/lib/armv7-m/libc.a(lib_a-fflush.o)
                0x0000000000003b70                fflush
 .text._cleanup_r
                0x0000000000003b94        0xc /Applications/MCUXpressoIDE_10.0.2_411/ide/tools/bin/../lib/gcc/arm-none-eabi/5.4.1/../../../../arm-none-eabi/lib/armv7-m/libc.a(lib_a-findfp.o)
                0x0000000000003b94                _cleanup_r
 .text.__sinit.part.1
                0x0000000000003ba0       0xf0 /Applications/MCUXpressoIDE_10.0.2_411/ide/tools/bin/../lib/gcc/arm-none-eabi/5.4.1/../../../../arm-none-eabi/lib/armv7-m/libc.a(lib_a-findfp.o)
 .text.__sinit  0x0000000000003c90        0xc /Applications/MCUXpressoIDE_10.0.2_411/ide/tools/bin/../lib/gcc/arm-none-eabi/5.4.1/../../../../arm-none-eabi/lib/armv7-m/libc.a(lib_a-findfp.o)
                0x0000000000003c90                __sinit
 .text.__sfp_lock_acquire
                0x0000000000003c9c        0x4 /Applications/MCUXpressoIDE_10.0.2_411/ide/tools/bin/../lib/gcc/arm-none-eabi/5.4.1/../../../../arm-none-eabi/lib/armv7-m/libc.a(lib_a-findfp.o)
                0x0000000000003c9c                __sfp_lock_acquire
 .text.__sfp_lock_release
                0x0000000000003ca0        0x4 /Applications/MCUXpressoIDE_10.0.2_411/ide/tools/bin/../lib/gcc/arm-none-eabi/5.4.1/../../../../arm-none-eabi/lib/armv7-m/libc.a(lib_a-findfp.o)
                0x0000000000003ca0                __sfp_lock_release
 .text._malloc_trim_r
                0x0000000000003ca4       0x9c /Applications/MCUXpressoIDE_10.0.2_411/ide/tools/bin/../lib/gcc/arm-none-eabi/5.4.1/../../../../arm-none-eabi/lib/armv7-m/libc.a(lib_a-freer.o)
                0x0000000000003ca4                _malloc_trim_r
 .text._free_r  0x0000000000003d40      0x1d0 /Applications/MCUXpressoIDE_10.0.2_411/ide/tools/bin/../lib/gcc/arm-none-eabi/5.4.1/../../../../arm-none-eabi/lib/armv7-m/libc.a(lib_a-freer.o)
                0x0000000000003d40                _free_r
 .text._fwalk_reent
                0x0000000000003f10       0x50 /Applications/MCUXpressoIDE_10.0.2_411/ide/tools/bin/../lib/gcc/arm-none-eabi/5.4.1/../../../../arm-none-eabi/lib/armv7-m/libc.a(lib_a-fwalk.o)
                0x0000000000003f10                _fwalk_reent
 .text.__libc_init_array
                0x0000000000003f60       0x50 /Applications/MCUXpressoIDE_10.0.2_411/ide/tools/bin/../lib/gcc/arm-none-eabi/5.4.1/../../../../arm-none-eabi/lib/armv7-m/libc.a(lib_a-init.o)
                0x0000000000003f60                __libc_init_array
 .text.free     0x0000000000003fb0       0x10 /Applications/MCUXpressoIDE_10.0.2_411/ide/tools/bin/../lib/gcc/arm-none-eabi/5.4.1/../../../../arm-none-eabi/lib/armv7-m/libc.a(lib_a-malloc.o)
                0x0000000000003fb0                free
 .text._malloc_r
                0x0000000000003fc0      0x558 /Applications/MCUXpressoIDE_10.0.2_411/ide/tools/bin/../lib/gcc/arm-none-eabi/5.4.1/../../../../arm-none-eabi/lib/armv7-m/libc.a(lib_a-mallocr.o)
                0x0000000000003fc0                _malloc_r
 .text.memchr   0x0000000000004518       0x8c /Applications/MCUXpressoIDE_10.0.2_411/ide/tools/bin/../lib/gcc/arm-none-eabi/5.4.1/../../../../arm-none-eabi/lib/armv7-m/libc.a(lib_a-memchr-stub.o)
                0x0000000000004518                memchr
 .text          0x00000000000045a4       0xec /Applications/MCUXpressoIDE_10.0.2_411/ide/tools/bin/../lib/gcc/arm-none-eabi/5.4.1/../../../../arm-none-eabi/lib/armv7-m/libc.a(lib_a-memcpy.o)
                0x00000000000045a4                memcpy
 .text.memset   0x0000000000004690       0x9c /Applications/MCUXpressoIDE_10.0.2_411/ide/tools/bin/../lib/gcc/arm-none-eabi/5.4.1/../../../../arm-none-eabi/lib/armv7-m/libc.a(lib_a-memset.o)
                0x0000000000004690                memset
 .text.__malloc_lock
                0x000000000000472c        0x4 /Applications/MCUXpressoIDE_10.0.2_411/ide/tools/bin/../lib/gcc/arm-none-eabi/5.4.1/../../../../arm-none-eabi/lib/armv7-m/libc.a(lib_a-mlock.o)
                0x000000000000472c                __malloc_lock
 .text.__malloc_unlock
                0x0000000000004730        0x4 /Applications/MCUXpressoIDE_10.0.2_411/ide/tools/bin/../lib/gcc/arm-none-eabi/5.4.1/../../../../arm-none-eabi/lib/armv7-m/libc.a(lib_a-mlock.o)
                0x0000000000004730                __malloc_unlock
 .text._sbrk_r  0x0000000000004734       0x24 /Applications/MCUXpressoIDE_10.0.2_411/ide/tools/bin/../lib/gcc/arm-none-eabi/5.4.1/../../../../arm-none-eabi/lib/armv7-m/libc.a(lib_a-sbrkr.o)
                0x0000000000004734                _sbrk_r
 .text.__sread  0x0000000000004758       0x24 /Applications/MCUXpressoIDE_10.0.2_411/ide/tools/bin/../lib/gcc/arm-none-eabi/5.4.1/../../../../arm-none-eabi/lib/armv7-m/libc.a(lib_a-stdio.o)
                0x0000000000004758                __sread
 .text.__swrite
                0x000000000000477c       0x3c /Applications/MCUXpressoIDE_10.0.2_411/ide/tools/bin/../lib/gcc/arm-none-eabi/5.4.1/../../../../arm-none-eabi/lib/armv7-m/libc.a(lib_a-stdio.o)
                0x000000000000477c                __swrite
 .text.__sseek  0x00000000000047b8       0x20 /Applications/MCUXpressoIDE_10.0.2_411/ide/tools/bin/../lib/gcc/arm-none-eabi/5.4.1/../../../../arm-none-eabi/lib/armv7-m/libc.a(lib_a-stdio.o)
                0x00000000000047b8                __sseek
 .text.__sclose
                0x00000000000047d8        0x8 /Applications/MCUXpressoIDE_10.0.2_411/ide/tools/bin/../lib/gcc/arm-none-eabi/5.4.1/../../../../arm-none-eabi/lib/armv7-m/libc.a(lib_a-stdio.o)
                0x00000000000047d8                __sclose
 .text.strlen   0x00000000000047e0       0x5c /Applications/MCUXpressoIDE_10.0.2_411/ide/tools/bin/../lib/gcc/arm-none-eabi/5.4.1/../../../../arm-none-eabi/lib/armv7-m/libc.a(lib_a-strlen-stub.o)
                0x00000000000047e0                strlen
 .text._vfprintf_r
                0x000000000000483c     0x1798 /Applications/MCUXpressoIDE_10.0.2_411/ide/tools/bin/../lib/gcc/arm-none-eabi/5.4.1/../../../../arm-none-eabi/lib/armv7-m/libc.a(lib_a-vfprintf.o)
                0x000000000000483c                _vfprintf_r
 .text.vfprintf
                0x0000000000005fd4       0x18 /Applications/MCUXpressoIDE_10.0.2_411/ide/tools/bin/../lib/gcc/arm-none-eabi/5.4.1/../../../../arm-none-eabi/lib/armv7-m/libc.a(lib_a-vfprintf.o)
                0x0000000000005fd4                vfprintf
 .text.__sbprintf
                0x0000000000005fec       0x6c /Applications/MCUXpressoIDE_10.0.2_411/ide/tools/bin/../lib/gcc/arm-none-eabi/5.4.1/../../../../arm-none-eabi/lib/armv7-m/libc.a(lib_a-vfprintf.o)
 .text._write_r
                0x0000000000006058       0x2c /Applications/MCUXpressoIDE_10.0.2_411/ide/tools/bin/../lib/gcc/arm-none-eabi/5.4.1/../../../../arm-none-eabi/lib/armv7-m/libc.a(lib_a-writer.o)
                0x0000000000006058                _write_r
 .text.__swsetup_r
                0x0000000000006084       0xc8 /Applications/MCUXpressoIDE_10.0.2_411/ide/tools/bin/../lib/gcc/arm-none-eabi/5.4.1/../../../../arm-none-eabi/lib/armv7-m/libc.a(lib_a-wsetup.o)
                0x0000000000006084                __swsetup_r
 .text._close_r
                0x000000000000614c       0x24 /Applications/MCUXpressoIDE_10.0.2_411/ide/tools/bin/../lib/gcc/arm-none-eabi/5.4.1/../../../../arm-none-eabi/lib/armv7-m/libc.a(lib_a-closer.o)
                0x000000000000614c                _close_r
 .text.quorem   0x0000000000006170      0x12c /Applications/MCUXpressoIDE_10.0.2_411/ide/tools/bin/../lib/gcc/arm-none-eabi/5.4.1/../../../../arm-none-eabi/lib/armv7-m/libc.a(lib_a-dtoa.o)
 *fill*         0x000000000000629c        0x4 ff
 .text._dtoa_r  0x00000000000062a0      0xe4c /Applications/MCUXpressoIDE_10.0.2_411/ide/tools/bin/../lib/gcc/arm-none-eabi/5.4.1/../../../../arm-none-eabi/lib/armv7-m/libc.a(lib_a-dtoa.o)
                0x00000000000062a0                _dtoa_r
 .text._fclose_r
                0x00000000000070ec       0x84 /Applications/MCUXpressoIDE_10.0.2_411/ide/tools/bin/../lib/gcc/arm-none-eabi/5.4.1/../../../../arm-none-eabi/lib/armv7-m/libc.a(lib_a-fclose.o)
                0x00000000000070ec                _fclose_r
 .text.__locale_mb_cur_max
                0x0000000000007170       0x1c /Applications/MCUXpressoIDE_10.0.2_411/ide/tools/bin/../lib/gcc/arm-none-eabi/5.4.1/../../../../arm-none-eabi/lib/armv7-m/libc.a(lib_a-locale.o)
                0x0000000000007170                __locale_mb_cur_max
 .text._localeconv_r
                0x000000000000718c       0x1c /Applications/MCUXpressoIDE_10.0.2_411/ide/tools/bin/../lib/gcc/arm-none-eabi/5.4.1/../../../../arm-none-eabi/lib/armv7-m/libc.a(lib_a-localeconv.o)
                0x000000000000718c                _localeconv_r
 .text._lseek_r
                0x00000000000071a8       0x2c /Applications/MCUXpressoIDE_10.0.2_411/ide/tools/bin/../lib/gcc/arm-none-eabi/5.4.1/../../../../arm-none-eabi/lib/armv7-m/libc.a(lib_a-lseekr.o)
                0x00000000000071a8                _lseek_r
 .text.__swhatbuf_r
                0x00000000000071d4       0x60 /Applications/MCUXpressoIDE_10.0.2_411/ide/tools/bin/../lib/gcc/arm-none-eabi/5.4.1/../../../../arm-none-eabi/lib/armv7-m/libc.a(lib_a-makebuf.o)
                0x00000000000071d4                __swhatbuf_r
 .text.__smakebuf_r
                0x0000000000007234       0x88 /Applications/MCUXpressoIDE_10.0.2_411/ide/tools/bin/../lib/gcc/arm-none-eabi/5.4.1/../../../../arm-none-eabi/lib/armv7-m/libc.a(lib_a-makebuf.o)
                0x0000000000007234                __smakebuf_r
 .text.__ascii_mbtowc
                0x00000000000072bc       0x2c /Applications/MCUXpressoIDE_10.0.2_411/ide/tools/bin/../lib/gcc/arm-none-eabi/5.4.1/../../../../arm-none-eabi/lib/armv7-m/libc.a(lib_a-mbtowc_r.o)
                0x00000000000072bc                __ascii_mbtowc
 .text._Balloc  0x00000000000072e8       0x50 /Applications/MCUXpressoIDE_10.0.2_411/ide/tools/bin/../lib/gcc/arm-none-eabi/5.4.1/../../../../arm-none-eabi/lib/armv7-m/libc.a(lib_a-mprec.o)
                0x00000000000072e8                _Balloc
 .text._Bfree   0x0000000000007338       0x14 /Applications/MCUXpressoIDE_10.0.2_411/ide/tools/bin/../lib/gcc/arm-none-eabi/5.4.1/../../../../arm-none-eabi/lib/armv7-m/libc.a(lib_a-mprec.o)
                0x0000000000007338                _Bfree
 .text.__multadd
                0x000000000000734c       0x80 /Applications/MCUXpressoIDE_10.0.2_411/ide/tools/bin/../lib/gcc/arm-none-eabi/5.4.1/../../../../arm-none-eabi/lib/armv7-m/libc.a(lib_a-mprec.o)
                0x000000000000734c                __multadd
 .text.__hi0bits
                0x00000000000073cc       0x40 /Applications/MCUXpressoIDE_10.0.2_411/ide/tools/bin/../lib/gcc/arm-none-eabi/5.4.1/../../../../arm-none-eabi/lib/armv7-m/libc.a(lib_a-mprec.o)
                0x00000000000073cc                __hi0bits
 .text.__lo0bits
                0x000000000000740c       0x5c /Applications/MCUXpressoIDE_10.0.2_411/ide/tools/bin/../lib/gcc/arm-none-eabi/5.4.1/../../../../arm-none-eabi/lib/armv7-m/libc.a(lib_a-mprec.o)
                0x000000000000740c                __lo0bits
 .text.__i2b    0x0000000000007468       0x14 /Applications/MCUXpressoIDE_10.0.2_411/ide/tools/bin/../lib/gcc/arm-none-eabi/5.4.1/../../../../arm-none-eabi/lib/armv7-m/libc.a(lib_a-mprec.o)
                0x0000000000007468                __i2b
 .text.__multiply
                0x000000000000747c      0x13c /Applications/MCUXpressoIDE_10.0.2_411/ide/tools/bin/../lib/gcc/arm-none-eabi/5.4.1/../../../../arm-none-eabi/lib/armv7-m/libc.a(lib_a-mprec.o)
                0x000000000000747c                __multiply
 .text.__pow5mult
                0x00000000000075b8       0xa0 /Applications/MCUXpressoIDE_10.0.2_411/ide/tools/bin/../lib/gcc/arm-none-eabi/5.4.1/../../../../arm-none-eabi/lib/armv7-m/libc.a(lib_a-mprec.o)
                0x00000000000075b8                __pow5mult
 .text.__lshift
                0x0000000000007658       0xac /Applications/MCUXpressoIDE_10.0.2_411/ide/tools/bin/../lib/gcc/arm-none-eabi/5.4.1/../../../../arm-none-eabi/lib/armv7-m/libc.a(lib_a-mprec.o)
                0x0000000000007658                __lshift
 .text.__mcmp   0x0000000000007704       0x40 /Applications/MCUXpressoIDE_10.0.2_411/ide/tools/bin/../lib/gcc/arm-none-eabi/5.4.1/../../../../arm-none-eabi/lib/armv7-m/libc.a(lib_a-mprec.o)
                0x0000000000007704                __mcmp
 .text.__mdiff  0x0000000000007744      0x128 /Applications/MCUXpressoIDE_10.0.2_411/ide/tools/bin/../lib/gcc/arm-none-eabi/5.4.1/../../../../arm-none-eabi/lib/armv7-m/libc.a(lib_a-mprec.o)
                0x0000000000007744                __mdiff
 .text.__d2b    0x000000000000786c       0xa8 /Applications/MCUXpressoIDE_10.0.2_411/ide/tools/bin/../lib/gcc/arm-none-eabi/5.4.1/../../../../arm-none-eabi/lib/armv7-m/libc.a(lib_a-mprec.o)
                0x000000000000786c                __d2b
 .text._read_r  0x0000000000007914       0x2c /Applications/MCUXpressoIDE_10.0.2_411/ide/tools/bin/../lib/gcc/arm-none-eabi/5.4.1/../../../../arm-none-eabi/lib/armv7-m/libc.a(lib_a-readr.o)
                0x0000000000007914                _read_r
 .text.__sprint_r.part.0
                0x0000000000007940       0x78 /Applications/MCUXpressoIDE_10.0.2_411/ide/tools/bin/../lib/gcc/arm-none-eabi/5.4.1/../../../../arm-none-eabi/lib/armv7-m/libc.a(lib_a-vfiprintf.o)
 .text.__sprint_r
                0x00000000000079b8       0x14 /Applications/MCUXpressoIDE_10.0.2_411/ide/tools/bin/../lib/gcc/arm-none-eabi/5.4.1/../../../../arm-none-eabi/lib/armv7-m/libc.a(lib_a-vfiprintf.o)
                0x00000000000079b8                __sprint_r
 .text.__ascii_wctomb
                0x00000000000079cc       0x1c /Applications/MCUXpressoIDE_10.0.2_411/ide/tools/bin/../lib/gcc/arm-none-eabi/5.4.1/../../../../arm-none-eabi/lib/armv7-m/libc.a(lib_a-wctomb_r.o)
                0x00000000000079cc                __ascii_wctomb
 .text._calloc_r
                0x00000000000079e8       0x60 /Applications/MCUXpressoIDE_10.0.2_411/ide/tools/bin/../lib/gcc/arm-none-eabi/5.4.1/../../../../arm-none-eabi/lib/armv7-m/libc.a(lib_a-callocr.o)
                0x00000000000079e8                _calloc_r
 .text.__fputwc
                0x0000000000007a48       0x94 /Applications/MCUXpressoIDE_10.0.2_411/ide/tools/bin/../lib/gcc/arm-none-eabi/5.4.1/../../../../arm-none-eabi/lib/armv7-m/libc.a(lib_a-fputwc.o)
                0x0000000000007a48                __fputwc
 .text._fputwc_r
                0x0000000000007adc       0x24 /Applications/MCUXpressoIDE_10.0.2_411/ide/tools/bin/../lib/gcc/arm-none-eabi/5.4.1/../../../../arm-none-eabi/lib/armv7-m/libc.a(lib_a-fputwc.o)
                0x0000000000007adc                _fputwc_r
 .text._fstat_r
                0x0000000000007b00       0x28 /Applications/MCUXpressoIDE_10.0.2_411/ide/tools/bin/../lib/gcc/arm-none-eabi/5.4.1/../../../../arm-none-eabi/lib/armv7-m/libc.a(lib_a-fstatr.o)
                0x0000000000007b00                _fstat_r
 .text.__sfvwrite_r
                0x0000000000007b28      0x308 /Applications/MCUXpressoIDE_10.0.2_411/ide/tools/bin/../lib/gcc/arm-none-eabi/5.4.1/../../../../arm-none-eabi/lib/armv7-m/libc.a(lib_a-fvwrite.o)
                0x0000000000007b28                __sfvwrite_r
 .text._isatty_r
                0x0000000000007e30       0x24 /Applications/MCUXpressoIDE_10.0.2_411/ide/tools/bin/../lib/gcc/arm-none-eabi/5.4.1/../../../../arm-none-eabi/lib/armv7-m/libc.a(lib_a-isattyr.o)
                0x0000000000007e30                _isatty_r
 .text.memmove  0x0000000000007e54       0xc8 /Applications/MCUXpressoIDE_10.0.2_411/ide/tools/bin/../lib/gcc/arm-none-eabi/5.4.1/../../../../arm-none-eabi/lib/armv7-m/libc.a(lib_a-memmove.o)
                0x0000000000007e54                memmove
 .text._realloc_r
                0x0000000000007f1c      0x3d4 /Applications/MCUXpressoIDE_10.0.2_411/ide/tools/bin/../lib/gcc/arm-none-eabi/5.4.1/../../../../arm-none-eabi/lib/armv7-m/libc.a(lib_a-reallocr.o)
                0x0000000000007f1c                _realloc_r
 .text.__swbuf_r
                0x00000000000082f0       0xac /Applications/MCUXpressoIDE_10.0.2_411/ide/tools/bin/../lib/gcc/arm-none-eabi/5.4.1/../../../../arm-none-eabi/lib/armv7-m/libc.a(lib_a-wbuf.o)
                0x00000000000082f0                __swbuf_r
 .text._wcrtomb_r
                0x000000000000839c       0x54 /Applications/MCUXpressoIDE_10.0.2_411/ide/tools/bin/../lib/gcc/arm-none-eabi/5.4.1/../../../../arm-none-eabi/lib/armv7-m/libc.a(lib_a-wcrtomb.o)
                0x000000000000839c                _wcrtomb_r
 .text.atan2    0x00000000000083f0        0x4 /Applications/MCUXpressoIDE_10.0.2_411/ide/tools/bin/../lib/gcc/arm-none-eabi/5.4.1/../../../../arm-none-eabi/lib/armv7-m/libm.a(lib_a-w_atan2.o)
                0x00000000000083f0                atan2
 .text.fmod     0x00000000000083f4       0xc4 /Applications/MCUXpressoIDE_10.0.2_411/ide/tools/bin/../lib/gcc/arm-none-eabi/5.4.1/../../../../arm-none-eabi/lib/armv7-m/libm.a(lib_a-w_fmod.o)
                0x00000000000083f4                fmod
 .text.hypot    0x00000000000084b8       0xb4 /Applications/MCUXpressoIDE_10.0.2_411/ide/tools/bin/../lib/gcc/arm-none-eabi/5.4.1/../../../../arm-none-eabi/lib/armv7-m/libm.a(lib_a-w_hypot.o)
                0x00000000000084b8                hypot
 *fill*         0x000000000000856c        0x4 ff
 .text.__ieee754_atan2
                0x0000000000008570      0x194 /Applications/MCUXpressoIDE_10.0.2_411/ide/tools/bin/../lib/gcc/arm-none-eabi/5.4.1/../../../../arm-none-eabi/lib/armv7-m/libm.a(lib_a-e_atan2.o)
                0x0000000000008570                __ieee754_atan2
 .text.__ieee754_fmod
                0x0000000000008704      0x23c /Applications/MCUXpressoIDE_10.0.2_411/ide/tools/bin/../lib/gcc/arm-none-eabi/5.4.1/../../../../arm-none-eabi/lib/armv7-m/libm.a(lib_a-e_fmod.o)
                0x0000000000008704                __ieee754_fmod
 .text.__ieee754_hypot
                0x0000000000008940      0x244 /Applications/MCUXpressoIDE_10.0.2_411/ide/tools/bin/../lib/gcc/arm-none-eabi/5.4.1/../../../../arm-none-eabi/lib/armv7-m/libm.a(lib_a-e_hypot.o)
                0x0000000000008940                __ieee754_hypot
 .text.__ieee754_sqrt
                0x0000000000008b84      0x188 /Applications/MCUXpressoIDE_10.0.2_411/ide/tools/bin/../lib/gcc/arm-none-eabi/5.4.1/../../../../arm-none-eabi/lib/armv7-m/libm.a(lib_a-e_sqrt.o)
                0x0000000000008b84                __ieee754_sqrt
 *fill*         0x0000000000008d0c        0x4 ff
 .text.atan     0x0000000000008d10      0x33c /Applications/MCUXpressoIDE_10.0.2_411/ide/tools/bin/../lib/gcc/arm-none-eabi/5.4.1/../../../../arm-none-eabi/lib/armv7-m/libm.a(lib_a-s_atan.o)
                0x0000000000008d10                atan
 .text.fabs     0x000000000000904c        0x8 /Applications/MCUXpressoIDE_10.0.2_411/ide/tools/bin/../lib/gcc/arm-none-eabi/5.4.1/../../../../arm-none-eabi/lib/armv7-m/libm.a(lib_a-s_fabs.o)
                0x000000000000904c                fabs
 .text.finite   0x0000000000009054        0xc /Applications/MCUXpressoIDE_10.0.2_411/ide/tools/bin/../lib/gcc/arm-none-eabi/5.4.1/../../../../arm-none-eabi/lib/armv7-m/libm.a(lib_a-s_finite.o)
                0x0000000000009054                finite
 .text.matherr  0x0000000000009060        0x4 /Applications/MCUXpressoIDE_10.0.2_411/ide/tools/bin/../lib/gcc/arm-none-eabi/5.4.1/../../../../arm-none-eabi/lib/armv7-m/libm.a(lib_a-s_matherr.o)
                0x0000000000009060                matherr
 .text._sbrk    0x0000000000009064       0x3c /Applications/MCUXpressoIDE_10.0.2_411/ide/tools/bin/../lib/gcc/arm-none-eabi/5.4.1/../../../../arm-none-eabi/lib/armv7-m/libcr_newlib_nohost.a(_cr_sbrk.o)
                0x0000000000009064                _sbrk
 .text.__check_heap_overflow
                0x00000000000090a0       0x18 /Applications/MCUXpressoIDE_10.0.2_411/ide/tools/bin/../lib/gcc/arm-none-eabi/5.4.1/../../../../arm-none-eabi/lib/armv7-m/libcr_newlib_nohost.a(_cr_check_heap.o)
                0x00000000000090a0                __check_heap_overflow
 .text          0x00000000000090b8       0x5c /Applications/MCUXpressoIDE_10.0.2_411/ide/tools/bin/../lib/gcc/arm-none-eabi/5.4.1/armv7-m/crtbegin.o
 .text          0x0000000000009114       0x2c /Applications/MCUXpressoIDE_10.0.2_411/ide/tools/bin/../lib/gcc/arm-none-eabi/5.4.1/armv7-m/libgcc.a(_arm_unorddf2.o)
                0x0000000000009114                __aeabi_dcmpun
                0x0000000000009114                __unorddf2
 *(.rodata .rodata.*)
 .rodata.str1.1
                0x0000000000009140       0xa0 ./MyLib/MWCtrl-v1.o
 .rodata.str1.1
                0x00000000000091e0       0xa0 ./main.o
 .rodata.str1.4
                0x00000000000091e0       0x80 /Users/shinkichi/Documents/MCUXpressoIDE_10.0.2/workspace/Robocon2018-Slave/mbed/TARGET_LPC1768/TOOLCHAIN_GCC_CR/board.o
 .rodata.PinMap_PWM
                0x0000000000009260       0xb4 /Users/shinkichi/Documents/MCUXpressoIDE_10.0.2/workspace/Robocon2018-Slave/mbed/TARGET_LPC1768/TOOLCHAIN_GCC_CR/libmbed.a(pwmout_api.o)
 .rodata.str1.4
                0x0000000000009314       0x7c /Users/shinkichi/Documents/MCUXpressoIDE_10.0.2/workspace/Robocon2018-Slave/mbed/TARGET_LPC1768/TOOLCHAIN_GCC_CR/libmbed.a(pwmout_api.o)
 .rodata.PinMap_UART_RTS
                0x0000000000009390       0x24 /Users/shinkichi/Documents/MCUXpressoIDE_10.0.2/workspace/Robocon2018-Slave/mbed/TARGET_LPC1768/TOOLCHAIN_GCC_CR/libmbed.a(serial_api.o)
 .rodata.CSWTCH.24
                0x00000000000093b4       0x10 /Users/shinkichi/Documents/MCUXpressoIDE_10.0.2/workspace/Robocon2018-Slave/mbed/TARGET_LPC1768/TOOLCHAIN_GCC_CR/libmbed.a(serial_api.o)
 .rodata.PinMap_UART_RX
                0x00000000000093c4       0x6c /Users/shinkichi/Documents/MCUXpressoIDE_10.0.2/workspace/Robocon2018-Slave/mbed/TARGET_LPC1768/TOOLCHAIN_GCC_CR/libmbed.a(serial_api.o)
 .rodata.str1.4
                0x0000000000009430      0x1d0 /Users/shinkichi/Documents/MCUXpressoIDE_10.0.2/workspace/Robocon2018-Slave/mbed/TARGET_LPC1768/TOOLCHAIN_GCC_CR/libmbed.a(serial_api.o)
                                        0x1e8 (size before relaxing)
 .rodata.PinMap_UART_TX
                0x0000000000009600       0x6c /Users/shinkichi/Documents/MCUXpressoIDE_10.0.2/workspace/Robocon2018-Slave/mbed/TARGET_LPC1768/TOOLCHAIN_GCC_CR/libmbed.a(serial_api.o)
 .rodata.PinMap_UART_CTS
                0x000000000000966c       0x24 /Users/shinkichi/Documents/MCUXpressoIDE_10.0.2/workspace/Robocon2018-Slave/mbed/TARGET_LPC1768/TOOLCHAIN_GCC_CR/libmbed.a(serial_api.o)
 .rodata._ZTVN4mbed3CANE
                0x0000000000009690       0x10 /Users/shinkichi/Documents/MCUXpressoIDE_10.0.2/workspace/Robocon2018-Slave/mbed/TARGET_LPC1768/TOOLCHAIN_GCC_CR/libmbed.a(CAN.o)
                0x0000000000009690                vtable for mbed::CAN
 .rodata.str1.4
                0x00000000000096a0       0x31 /Users/shinkichi/Documents/MCUXpressoIDE_10.0.2/workspace/Robocon2018-Slave/mbed/TARGET_LPC1768/TOOLCHAIN_GCC_CR/libmbed.a(assert.o)
                                         0x34 (size before relaxing)
 .rodata.str1.4
                0x00000000000096d1       0x80 /Users/shinkichi/Documents/MCUXpressoIDE_10.0.2/workspace/Robocon2018-Slave/mbed/TARGET_LPC1768/TOOLCHAIN_GCC_CR/libmbed.a(gpio.o)
 *fill*         0x00000000000096d1        0x3 ff
 .rodata.str1.4
                0x00000000000096d4       0x66 /Users/shinkichi/Documents/MCUXpressoIDE_10.0.2/workspace/Robocon2018-Slave/mbed/TARGET_LPC1768/TOOLCHAIN_GCC_CR/libmbed.a(pinmap_common.o)
                                         0x68 (size before relaxing)
 *fill*         0x000000000000973a        0x2 ff
 .rodata.us_interface
                0x000000000000973c       0x14 /Users/shinkichi/Documents/MCUXpressoIDE_10.0.2/workspace/Robocon2018-Slave/mbed/TARGET_LPC1768/TOOLCHAIN_GCC_CR/libmbed.a(us_ticker_api.o)
 .rodata.us_data
                0x0000000000009750        0x8 /Users/shinkichi/Documents/MCUXpressoIDE_10.0.2/workspace/Robocon2018-Slave/mbed/TARGET_LPC1768/TOOLCHAIN_GCC_CR/libmbed.a(us_ticker_api.o)
 .rodata.timing_pts
                0x0000000000009758       0xb8 /Users/shinkichi/Documents/MCUXpressoIDE_10.0.2/workspace/Robocon2018-Slave/mbed/TARGET_LPC1768/TOOLCHAIN_GCC_CR/libmbed.a(can_api.o)
 .rodata.PinMap_CAN_RD
                0x0000000000009810       0x3c /Users/shinkichi/Documents/MCUXpressoIDE_10.0.2/workspace/Robocon2018-Slave/mbed/TARGET_LPC1768/TOOLCHAIN_GCC_CR/libmbed.a(can_api.o)
 .rodata.PinMap_CAN_TD
                0x000000000000984c       0x3c /Users/shinkichi/Documents/MCUXpressoIDE_10.0.2/workspace/Robocon2018-Slave/mbed/TARGET_LPC1768/TOOLCHAIN_GCC_CR/libmbed.a(can_api.o)
 .rodata.str1.4
                0x0000000000009888       0x79 /Users/shinkichi/Documents/MCUXpressoIDE_10.0.2/workspace/Robocon2018-Slave/mbed/TARGET_LPC1768/TOOLCHAIN_GCC_CR/libmbed.a(can_api.o)
                                         0x7c (size before relaxing)
 *fill*         0x0000000000009901        0x3 ff
 .rodata.CSWTCH.24
                0x0000000000009904        0xc /Users/shinkichi/Documents/MCUXpressoIDE_10.0.2/workspace/Robocon2018-Slave/mbed/TARGET_LPC1768/TOOLCHAIN_GCC_CR/libmbed.a(can_api.o)
 .rodata.str1.4
                0x0000000000009910       0x7a /Users/shinkichi/Documents/MCUXpressoIDE_10.0.2/workspace/Robocon2018-Slave/mbed/TARGET_LPC1768/TOOLCHAIN_GCC_CR/libmbed.a(gpio_api.o)
                                         0x94 (size before relaxing)
 *fill*         0x000000000000998a        0x2 ff
 .rodata.str1.4
                0x000000000000998c       0x64 /Users/shinkichi/Documents/MCUXpressoIDE_10.0.2/workspace/Robocon2018-Slave/mbed/TARGET_LPC1768/TOOLCHAIN_GCC_CR/libmbed.a(pinmap.o)
                                         0x78 (size before relaxing)
 .rodata._global_impure_ptr
                0x00000000000099f0        0x4 /Applications/MCUXpressoIDE_10.0.2_411/ide/tools/bin/../lib/gcc/arm-none-eabi/5.4.1/../../../../arm-none-eabi/lib/armv7-m/libc.a(lib_a-impure.o)
                0x00000000000099f0                _global_impure_ptr
 .rodata.zeroes.7271
                0x00000000000099f4       0x10 /Applications/MCUXpressoIDE_10.0.2_411/ide/tools/bin/../lib/gcc/arm-none-eabi/5.4.1/../../../../arm-none-eabi/lib/armv7-m/libc.a(lib_a-vfprintf.o)
 .rodata.str1.4
                0x0000000000009a04       0x42 /Applications/MCUXpressoIDE_10.0.2_411/ide/tools/bin/../lib/gcc/arm-none-eabi/5.4.1/../../../../arm-none-eabi/lib/armv7-m/libc.a(lib_a-vfprintf.o)
 *fill*         0x0000000000009a46        0x2 ff
 .rodata.blanks.7270
                0x0000000000009a48       0x10 /Applications/MCUXpressoIDE_10.0.2_411/ide/tools/bin/../lib/gcc/arm-none-eabi/5.4.1/../../../../arm-none-eabi/lib/armv7-m/libc.a(lib_a-vfprintf.o)
 .rodata.str1.4
                0x0000000000009a58       0x10 /Applications/MCUXpressoIDE_10.0.2_411/ide/tools/bin/../lib/gcc/arm-none-eabi/5.4.1/../../../../arm-none-eabi/lib/armv7-m/libc.a(lib_a-dtoa.o)
                                         0x12 (size before relaxing)
 .rodata.str1.4
                0x0000000000009a68        0xe /Applications/MCUXpressoIDE_10.0.2_411/ide/tools/bin/../lib/gcc/arm-none-eabi/5.4.1/../../../../arm-none-eabi/lib/armv7-m/libc.a(lib_a-locale.o)
                                         0x12 (size before relaxing)
 *fill*         0x0000000000009a76        0x2 ff
 .rodata.__mprec_tens
                0x0000000000009a78       0xc8 /Applications/MCUXpressoIDE_10.0.2_411/ide/tools/bin/../lib/gcc/arm-none-eabi/5.4.1/../../../../arm-none-eabi/lib/armv7-m/libc.a(lib_a-mprec.o)
                0x0000000000009a78                __mprec_tens
 .rodata.p05.6085
                0x0000000000009b40        0xc /Applications/MCUXpressoIDE_10.0.2_411/ide/tools/bin/../lib/gcc/arm-none-eabi/5.4.1/../../../../arm-none-eabi/lib/armv7-m/libc.a(lib_a-mprec.o)
 *fill*         0x0000000000009b4c        0x4 ff
 .rodata.__mprec_bigtens
                0x0000000000009b50       0x28 /Applications/MCUXpressoIDE_10.0.2_411/ide/tools/bin/../lib/gcc/arm-none-eabi/5.4.1/../../../../arm-none-eabi/lib/armv7-m/libc.a(lib_a-mprec.o)
                0x0000000000009b50                __mprec_bigtens
 .rodata._ctype_
                0x0000000000009b78      0x101 /Applications/MCUXpressoIDE_10.0.2_411/ide/tools/bin/../lib/gcc/arm-none-eabi/5.4.1/../../../../arm-none-eabi/lib/armv7-m/libc.a(lib_a-ctype_.o)
                0x0000000000009b78                _ctype_
 *fill*         0x0000000000009c79        0x3 ff
 .rodata.str1.4
                0x0000000000009c7c        0x5 /Applications/MCUXpressoIDE_10.0.2_411/ide/tools/bin/../lib/gcc/arm-none-eabi/5.4.1/../../../../arm-none-eabi/lib/armv7-m/libm.a(lib_a-w_fmod.o)
 *fill*         0x0000000000009c81        0x3 ff
 .rodata.str1.4
                0x0000000000009c84        0x8 /Applications/MCUXpressoIDE_10.0.2_411/ide/tools/bin/../lib/gcc/arm-none-eabi/5.4.1/../../../../arm-none-eabi/lib/armv7-m/libm.a(lib_a-w_hypot.o)
                                          0x6 (size before relaxing)
 *fill*         0x0000000000009c8c        0x4 ff
 .rodata.Zero   0x0000000000009c90       0x10 /Applications/MCUXpressoIDE_10.0.2_411/ide/tools/bin/../lib/gcc/arm-none-eabi/5.4.1/../../../../arm-none-eabi/lib/armv7-m/libm.a(lib_a-e_fmod.o)
 .rodata.atanlo
                0x0000000000009ca0       0x20 /Applications/MCUXpressoIDE_10.0.2_411/ide/tools/bin/../lib/gcc/arm-none-eabi/5.4.1/../../../../arm-none-eabi/lib/armv7-m/libm.a(lib_a-s_atan.o)
 .rodata.atanhi
                0x0000000000009cc0       0x20 /Applications/MCUXpressoIDE_10.0.2_411/ide/tools/bin/../lib/gcc/arm-none-eabi/5.4.1/../../../../arm-none-eabi/lib/armv7-m/libm.a(lib_a-s_atan.o)
                0x0000000000009ce0                . = ALIGN (0x4)
                0x0000000000009ce0                . = ALIGN (0x4)
 *(.init)
 .init          0x0000000000009ce0        0x4 /Applications/MCUXpressoIDE_10.0.2_411/ide/tools/bin/../lib/gcc/arm-none-eabi/5.4.1/armv7-m/crti.o
                0x0000000000009ce0                _init
 .init          0x0000000000009ce4        0x8 /Applications/MCUXpressoIDE_10.0.2_411/ide/tools/bin/../lib/gcc/arm-none-eabi/5.4.1/armv7-m/crtn.o
                0x0000000000009cec                . = ALIGN (0x4)
                0x0000000000009cec                __preinit_array_start = .
 *(.preinit_array)
                0x0000000000009cec                __preinit_array_end = .
                0x0000000000009cec                . = ALIGN (0x4)
                0x0000000000009cec                __init_array_start = .
 *(SORT(.init_array.*))
 *(.init_array)
 .init_array    0x0000000000009cec        0x4 ./main.o
 .init_array    0x0000000000009cf0        0x4 /Applications/MCUXpressoIDE_10.0.2_411/ide/tools/bin/../lib/gcc/arm-none-eabi/5.4.1/armv7-m/crtbegin.o
                0x0000000000009cf4                __init_array_end = .
 *(.fini)
 .fini          0x0000000000009cf4        0x4 /Applications/MCUXpressoIDE_10.0.2_411/ide/tools/bin/../lib/gcc/arm-none-eabi/5.4.1/armv7-m/crti.o
                0x0000000000009cf4                _fini
 .fini          0x0000000000009cf8        0x8 /Applications/MCUXpressoIDE_10.0.2_411/ide/tools/bin/../lib/gcc/arm-none-eabi/5.4.1/armv7-m/crtn.o
                0x0000000000009d00                . = ALIGN (0x4)
 *crtbegin.o(.ctors)
 *(EXCLUDE_FILE(*crtend.o) .ctors)
 *(SORT(.ctors.*))
 *crtend.o(.ctors)
                0x0000000000009d00                . = ALIGN (0x4)
 *crtbegin.o(.dtors)
 *(EXCLUDE_FILE(*crtend.o) .dtors)
 *(SORT(.dtors.*))
 *crtend.o(.dtors)

.glue_7         0x0000000000009d00        0x0
 .glue_7        0x0000000000009d00        0x0 linker stubs

.glue_7t        0x0000000000009d00        0x0
 .glue_7t       0x0000000000009d00        0x0 linker stubs

.vfp11_veneer   0x0000000000009d00        0x0
 .vfp11_veneer  0x0000000000009d00        0x0 linker stubs

.v4_bx          0x0000000000009d00        0x0
 .v4_bx         0x0000000000009d00        0x0 linker stubs

.iplt           0x0000000000009d00        0x0
 .iplt          0x0000000000009d00        0x0 ./MyLib/MWCtrl-v1.o

.ARM.extab
 *(.ARM.extab* .gnu.linkonce.armextab.*)
                0x0000000000009d00                __exidx_start = .

.ARM.exidx      0x0000000000009d00        0x8
 *(.ARM.exidx* .gnu.linkonce.armexidx.*)
 .ARM.exidx     0x0000000000009d00        0x8 /Applications/MCUXpressoIDE_10.0.2_411/ide/tools/bin/../lib/gcc/arm-none-eabi/5.4.1/armv7-m/libgcc.a(_udivmoddi4.o)
                0x0000000000009d08                __exidx_end = .
                0x0000000000009d08                _etext = .

.rel.dyn        0x0000000000009d08        0x0
 .rel.iplt      0x0000000000009d08        0x0 ./MyLib/MWCtrl-v1.o

.eh_frame       0x0000000000009d08        0x0
 .eh_frame      0x0000000000009d08        0x0 /Applications/MCUXpressoIDE_10.0.2_411/ide/tools/bin/../lib/gcc/arm-none-eabi/5.4.1/armv7-m/crtbegin.o

.data_RAM2      0x000000002007c000        0x0 load address 0x0000000000009d08
 FILL mask 0xff
 *(.data.$RAM2*)
 *(.data.$RamAHB32*)
                0x000000002007c000                . = ALIGN (0x4)

.uninit_RESERVED
 *(.bss.$RESERVED*)

.data           0x00000000100000c8      0x9d0 load address 0x0000000000009d08
 FILL mask 0xff
                0x00000000100000c8                _data = .
 *(vtable)
 *(.data*)
 .data.SystemCoreClock
                0x00000000100000c8        0x4 /Users/shinkichi/Documents/MCUXpressoIDE_10.0.2/workspace/Robocon2018-Slave/mbed/TARGET_LPC1768/TOOLCHAIN_GCC_CR/system_LPC17xx.o
                0x00000000100000c8                SystemCoreClock
 .data.PWM_MATCH
                0x00000000100000cc       0x1c /Users/shinkichi/Documents/MCUXpressoIDE_10.0.2/workspace/Robocon2018-Slave/mbed/TARGET_LPC1768/TOOLCHAIN_GCC_CR/libmbed.a(pwmout_api.o)
                0x00000000100000cc                PWM_MATCH
 .data.impure_data
                0x00000000100000e8      0x428 /Applications/MCUXpressoIDE_10.0.2_411/ide/tools/bin/../lib/gcc/arm-none-eabi/5.4.1/../../../../arm-none-eabi/lib/armv7-m/libc.a(lib_a-impure.o)
 .data._impure_ptr
                0x0000000010000510        0x4 /Applications/MCUXpressoIDE_10.0.2_411/ide/tools/bin/../lib/gcc/arm-none-eabi/5.4.1/../../../../arm-none-eabi/lib/armv7-m/libc.a(lib_a-impure.o)
                0x0000000010000510                _impure_ptr
 .data.__malloc_av_
                0x0000000010000514      0x408 /Applications/MCUXpressoIDE_10.0.2_411/ide/tools/bin/../lib/gcc/arm-none-eabi/5.4.1/../../../../arm-none-eabi/lib/armv7-m/libc.a(lib_a-mallocr.o)
                0x0000000010000514                __malloc_av_
 .data.__malloc_trim_threshold
                0x000000001000091c        0x4 /Applications/MCUXpressoIDE_10.0.2_411/ide/tools/bin/../lib/gcc/arm-none-eabi/5.4.1/../../../../arm-none-eabi/lib/armv7-m/libc.a(lib_a-mallocr.o)
                0x000000001000091c                __malloc_trim_threshold
 .data.__malloc_sbrk_base
                0x0000000010000920        0x4 /Applications/MCUXpressoIDE_10.0.2_411/ide/tools/bin/../lib/gcc/arm-none-eabi/5.4.1/../../../../arm-none-eabi/lib/armv7-m/libc.a(lib_a-mallocr.o)
                0x0000000010000920                __malloc_sbrk_base
 .data.__global_locale
                0x0000000010000924      0x16c /Applications/MCUXpressoIDE_10.0.2_411/ide/tools/bin/../lib/gcc/arm-none-eabi/5.4.1/../../../../arm-none-eabi/lib/armv7-m/libc.a(lib_a-locale.o)
                0x0000000010000924                __global_locale
 .data.__fdlib_version
                0x0000000010000a90        0x1 /Applications/MCUXpressoIDE_10.0.2_411/ide/tools/bin/../lib/gcc/arm-none-eabi/5.4.1/../../../../arm-none-eabi/lib/armv7-m/libm.a(lib_a-s_lib_ver.o)
                0x0000000010000a90                __fdlib_version
 *fill*         0x0000000010000a91        0x3 ff
 .data          0x0000000010000a94        0x4 /Applications/MCUXpressoIDE_10.0.2_411/ide/tools/bin/../lib/gcc/arm-none-eabi/5.4.1/armv7-m/crtbegin.o
                0x0000000010000a94                __dso_handle
                0x0000000010000a98                . = ALIGN (0x4)
                0x0000000010000a98                _edata = .

.igot.plt       0x0000000010000a98        0x0 load address 0x000000000000a6d8
 .igot.plt      0x0000000010000a98        0x0 ./MyLib/MWCtrl-v1.o

.jcr            0x0000000010000a98        0x0 load address 0x000000000000a6d8
 .jcr           0x0000000010000a98        0x0 /Applications/MCUXpressoIDE_10.0.2_411/ide/tools/bin/../lib/gcc/arm-none-eabi/5.4.1/armv7-m/crtbegin.o

.bss_RAM2       0x000000002007c000        0x0
 *(.bss.$RAM2*)
 *(.bss.$RamAHB32*)
 *(AHBSRAM0)
                0x000000002007c000                . = ALIGN (0x4)

.bss_RAM3       0x0000000020080000        0x0
 *(AHBSRAM1)
                0x0000000020080000                . = ALIGN (0x4)

.bss            0x0000000010000a98      0x53c
                0x0000000010000a98                _bss = .
 *(.bss*)
 .bss.msg       0x0000000010000a98       0x10 ./main.o
                0x0000000010000a98                msg
 .bss.Pwm0      0x0000000010000aa8        0x8 ./main.o
                0x0000000010000aa8                Pwm0
 .bss.LEDR      0x0000000010000ab0       0x18 ./main.o
                0x0000000010000ab0                LEDR
 .bss.Pwm2      0x0000000010000ac8        0x8 ./main.o
                0x0000000010000ac8                Pwm2
 .bss.Pwm3      0x0000000010000ad0        0x8 ./main.o
                0x0000000010000ad0                Pwm3
 .bss.Digi2     0x0000000010000ad8       0x18 ./main.o
                0x0000000010000ad8                Digi2
 .bss.Mechanum  0x0000000010000af0      0x108 ./main.o
                0x0000000010000af0                Mechanum
 .bss.LEDY      0x0000000010000bf8       0x18 ./main.o
                0x0000000010000bf8                LEDY
 .bss.Mother    0x0000000010000c10       0xe4 ./main.o
                0x0000000010000c10                Mother
 .bss.Pwm1      0x0000000010000cf4        0x8 ./main.o
                0x0000000010000cf4                Pwm1
 .bss.mistake   0x0000000010000cfc        0x4 ./main.o
                0x0000000010000cfc                mistake
 .bss.LEDG      0x0000000010000d00       0x18 ./main.o
                0x0000000010000d00                LEDG
 .bss.Digi0     0x0000000010000d18       0x18 ./main.o
                0x0000000010000d18                Digi0
 .bss.Digi1     0x0000000010000d30       0x18 ./main.o
                0x0000000010000d30                Digi1
 .bss.TimeOut   0x0000000010000d48       0x10 ./main.o
                0x0000000010000d48                TimeOut
 .bss.Digi3     0x0000000010000d58       0x18 ./main.o
                0x0000000010000d58                Digi3
 .bss._ZL11filehandles
                0x0000000010000d70      0x100 /Users/shinkichi/Documents/MCUXpressoIDE_10.0.2/workspace/Robocon2018-Slave/mbed/TARGET_LPC1768/TOOLCHAIN_GCC_CR/retarget.o
 .bss.pwm_clock_mhz
                0x0000000010000e70        0x4 /Users/shinkichi/Documents/MCUXpressoIDE_10.0.2/workspace/Robocon2018-Slave/mbed/TARGET_LPC1768/TOOLCHAIN_GCC_CR/libmbed.a(pwmout_api.o)
 .bss.stdio_uart_inited
                0x0000000010000e74        0x4 /Users/shinkichi/Documents/MCUXpressoIDE_10.0.2/workspace/Robocon2018-Slave/mbed/TARGET_LPC1768/TOOLCHAIN_GCC_CR/libmbed.a(serial_api.o)
                0x0000000010000e74                stdio_uart_inited
 .bss.irq_handler
                0x0000000010000e78        0x4 /Users/shinkichi/Documents/MCUXpressoIDE_10.0.2/workspace/Robocon2018-Slave/mbed/TARGET_LPC1768/TOOLCHAIN_GCC_CR/libmbed.a(serial_api.o)
 .bss.uart_data
                0x0000000010000e7c       0xe0 /Users/shinkichi/Documents/MCUXpressoIDE_10.0.2/workspace/Robocon2018-Slave/mbed/TARGET_LPC1768/TOOLCHAIN_GCC_CR/libmbed.a(serial_api.o)
 .bss.events    0x0000000010000f5c        0x8 /Users/shinkichi/Documents/MCUXpressoIDE_10.0.2/workspace/Robocon2018-Slave/mbed/TARGET_LPC1768/TOOLCHAIN_GCC_CR/libmbed.a(us_ticker_api.o)
 .bss.irq_handler
                0x0000000010000f64        0x4 /Users/shinkichi/Documents/MCUXpressoIDE_10.0.2/workspace/Robocon2018-Slave/mbed/TARGET_LPC1768/TOOLCHAIN_GCC_CR/libmbed.a(can_api.o)
 .bss.can_irq_ids
                0x0000000010000f68        0x8 /Users/shinkichi/Documents/MCUXpressoIDE_10.0.2/workspace/Robocon2018-Slave/mbed/TARGET_LPC1768/TOOLCHAIN_GCC_CR/libmbed.a(can_api.o)
 .bss.us_ticker_inited
                0x0000000010000f70        0x4 /Users/shinkichi/Documents/MCUXpressoIDE_10.0.2/workspace/Robocon2018-Slave/mbed/TARGET_LPC1768/TOOLCHAIN_GCC_CR/libmbed.a(us_ticker.o)
                0x0000000010000f70                us_ticker_inited
 .bss.__malloc_max_total_mem
                0x0000000010000f74        0x4 /Applications/MCUXpressoIDE_10.0.2_411/ide/tools/bin/../lib/gcc/arm-none-eabi/5.4.1/../../../../arm-none-eabi/lib/armv7-m/libc.a(lib_a-mallocr.o)
                0x0000000010000f74                __malloc_max_total_mem
 .bss.__malloc_max_sbrked_mem
                0x0000000010000f78        0x4 /Applications/MCUXpressoIDE_10.0.2_411/ide/tools/bin/../lib/gcc/arm-none-eabi/5.4.1/../../../../arm-none-eabi/lib/armv7-m/libc.a(lib_a-mallocr.o)
                0x0000000010000f78                __malloc_max_sbrked_mem
 .bss.__malloc_top_pad
                0x0000000010000f7c        0x4 /Applications/MCUXpressoIDE_10.0.2_411/ide/tools/bin/../lib/gcc/arm-none-eabi/5.4.1/../../../../arm-none-eabi/lib/armv7-m/libc.a(lib_a-mallocr.o)
                0x0000000010000f7c                __malloc_top_pad
 .bss.__malloc_current_mallinfo
                0x0000000010000f80       0x28 /Applications/MCUXpressoIDE_10.0.2_411/ide/tools/bin/../lib/gcc/arm-none-eabi/5.4.1/../../../../arm-none-eabi/lib/armv7-m/libc.a(lib_a-mallocr.o)
                0x0000000010000f80                __malloc_current_mallinfo
 .bss.__end_of_heap
                0x0000000010000fa8        0x4 /Applications/MCUXpressoIDE_10.0.2_411/ide/tools/bin/../lib/gcc/arm-none-eabi/5.4.1/../../../../arm-none-eabi/lib/armv7-m/libcr_newlib_nohost.a(_cr_sbrk.o)
                0x0000000010000fa8                __end_of_heap
 .bss           0x0000000010000fac       0x1c /Applications/MCUXpressoIDE_10.0.2_411/ide/tools/bin/../lib/gcc/arm-none-eabi/5.4.1/armv7-m/crtbegin.o
 *(COMMON)
 COMMON         0x0000000010000fc8        0x8 /Users/shinkichi/Documents/MCUXpressoIDE_10.0.2/workspace/Robocon2018-Slave/mbed/TARGET_LPC1768/TOOLCHAIN_GCC_CR/libmbed.a(serial_api.o)
                0x0000000010000fc8                stdio_uart
 COMMON         0x0000000010000fd0        0x4 /Applications/MCUXpressoIDE_10.0.2_411/ide/tools/bin/../lib/gcc/arm-none-eabi/5.4.1/../../../../arm-none-eabi/lib/armv7-m/libc.a(lib_a-reent.o)
                0x0000000010000fd0                errno
                0x0000000010000fd4                . = ALIGN (0x4)
                0x0000000010000fd4                _ebss = .
                [!provide]                        PROVIDE (end, .)
                0x0000000010000fd4                __end__ = .
                0x0000000010000fd4                PROVIDE (_pvHeapStart, .)
                0x0000000010008000                PROVIDE (_vStackTop, (__top_RamLoc32 - 0x0))
OUTPUT(Robocon2018-Slave.axf elf32-littlearm)

.debug_info     0x0000000000000000     0x6a2d
 .debug_info    0x0000000000000000     0x3245 ./MyLib/MWCtrl-v1.o
 .debug_info    0x0000000000003245     0x365a ./main.o
 .debug_info    0x000000000000689f      0x124 /Applications/MCUXpressoIDE_10.0.2_411/ide/tools/bin/../lib/gcc/arm-none-eabi/5.4.1/../../../../arm-none-eabi/lib/armv7-m/libcr_newlib_nohost.a(_cr_sbrk.o)
 .debug_info    0x00000000000069c3       0x6a /Applications/MCUXpressoIDE_10.0.2_411/ide/tools/bin/../lib/gcc/arm-none-eabi/5.4.1/../../../../arm-none-eabi/lib/armv7-m/libcr_newlib_nohost.a(_cr_check_heap.o)

.debug_abbrev   0x0000000000000000      0xcef
 .debug_abbrev  0x0000000000000000      0x5ce ./MyLib/MWCtrl-v1.o
 .debug_abbrev  0x00000000000005ce      0x5f0 ./main.o
 .debug_abbrev  0x0000000000000bbe       0xcf /Applications/MCUXpressoIDE_10.0.2_411/ide/tools/bin/../lib/gcc/arm-none-eabi/5.4.1/../../../../arm-none-eabi/lib/armv7-m/libcr_newlib_nohost.a(_cr_sbrk.o)
 .debug_abbrev  0x0000000000000c8d       0x62 /Applications/MCUXpressoIDE_10.0.2_411/ide/tools/bin/../lib/gcc/arm-none-eabi/5.4.1/../../../../arm-none-eabi/lib/armv7-m/libcr_newlib_nohost.a(_cr_check_heap.o)

.debug_loc      0x0000000000000000      0xf5b
 .debug_loc     0x0000000000000000      0xb7e ./MyLib/MWCtrl-v1.o
 .debug_loc     0x0000000000000b7e      0x35c ./main.o
 .debug_loc     0x0000000000000eda       0x47 /Applications/MCUXpressoIDE_10.0.2_411/ide/tools/bin/../lib/gcc/arm-none-eabi/5.4.1/../../../../arm-none-eabi/lib/armv7-m/libcr_newlib_nohost.a(_cr_sbrk.o)
 .debug_loc     0x0000000000000f21       0x3a /Applications/MCUXpressoIDE_10.0.2_411/ide/tools/bin/../lib/gcc/arm-none-eabi/5.4.1/../../../../arm-none-eabi/lib/armv7-m/libcr_newlib_nohost.a(_cr_check_heap.o)

.debug_aranges  0x0000000000000000      0x178
 .debug_aranges
                0x0000000000000000       0xd0 ./MyLib/MWCtrl-v1.o
 .debug_aranges
                0x00000000000000d0       0x68 ./main.o
 .debug_aranges
                0x0000000000000138       0x20 /Applications/MCUXpressoIDE_10.0.2_411/ide/tools/bin/../lib/gcc/arm-none-eabi/5.4.1/../../../../arm-none-eabi/lib/armv7-m/libcr_newlib_nohost.a(_cr_sbrk.o)
 .debug_aranges
                0x0000000000000158       0x20 /Applications/MCUXpressoIDE_10.0.2_411/ide/tools/bin/../lib/gcc/arm-none-eabi/5.4.1/../../../../arm-none-eabi/lib/armv7-m/libcr_newlib_nohost.a(_cr_check_heap.o)

.debug_ranges   0x0000000000000000      0x2a8
 .debug_ranges  0x0000000000000000      0x1d0 ./MyLib/MWCtrl-v1.o
 .debug_ranges  0x00000000000001d0       0xb8 ./main.o
 .debug_ranges  0x0000000000000288       0x10 /Applications/MCUXpressoIDE_10.0.2_411/ide/tools/bin/../lib/gcc/arm-none-eabi/5.4.1/../../../../arm-none-eabi/lib/armv7-m/libcr_newlib_nohost.a(_cr_sbrk.o)
 .debug_ranges  0x0000000000000298       0x10 /Applications/MCUXpressoIDE_10.0.2_411/ide/tools/bin/../lib/gcc/arm-none-eabi/5.4.1/../../../../arm-none-eabi/lib/armv7-m/libcr_newlib_nohost.a(_cr_check_heap.o)

.debug_macro    0x0000000000000000     0x4545
 .debug_macro   0x0000000000000000      0x5bd ./MyLib/MWCtrl-v1.o
 .debug_macro   0x00000000000005bd      0x98e ./MyLib/MWCtrl-v1.o
 .debug_macro   0x0000000000000f4b       0x10 ./MyLib/MWCtrl-v1.o
 .debug_macro   0x0000000000000f5b       0x10 ./MyLib/MWCtrl-v1.o
 .debug_macro   0x0000000000000f6b       0x9a ./MyLib/MWCtrl-v1.o
 .debug_macro   0x0000000000001005       0x1c ./MyLib/MWCtrl-v1.o
 .debug_macro   0x0000000000001021       0x3a ./MyLib/MWCtrl-v1.o
 .debug_macro   0x000000000000105b       0x22 ./MyLib/MWCtrl-v1.o
 .debug_macro   0x000000000000107d       0x87 ./MyLib/MWCtrl-v1.o
 .debug_macro   0x0000000000001104       0x44 ./MyLib/MWCtrl-v1.o
 .debug_macro   0x0000000000001148       0xfd ./MyLib/MWCtrl-v1.o
 .debug_macro   0x0000000000001245       0x5e ./MyLib/MWCtrl-v1.o
 .debug_macro   0x00000000000012a3      0x1df ./MyLib/MWCtrl-v1.o
 .debug_macro   0x0000000000001482       0x34 ./MyLib/MWCtrl-v1.o
 .debug_macro   0x00000000000014b6      0xc91 ./MyLib/MWCtrl-v1.o
 .debug_macro   0x0000000000002147      0x2c7 ./MyLib/MWCtrl-v1.o
 .debug_macro   0x000000000000240e       0x10 ./MyLib/MWCtrl-v1.o
 .debug_macro   0x000000000000241e       0x17 ./MyLib/MWCtrl-v1.o
 .debug_macro   0x0000000000002435       0x9a ./MyLib/MWCtrl-v1.o
 .debug_macro   0x00000000000024cf       0x10 ./MyLib/MWCtrl-v1.o
 .debug_macro   0x00000000000024df      0x136 ./MyLib/MWCtrl-v1.o
 .debug_macro   0x0000000000002615      0x353 ./MyLib/MWCtrl-v1.o
 .debug_macro   0x0000000000002968      0x16d ./MyLib/MWCtrl-v1.o
 .debug_macro   0x0000000000002ad5       0x52 ./MyLib/MWCtrl-v1.o
 .debug_macro   0x0000000000002b27       0x35 ./MyLib/MWCtrl-v1.o
 .debug_macro   0x0000000000002b5c       0x9c ./MyLib/MWCtrl-v1.o
 .debug_macro   0x0000000000002bf8       0x16 ./MyLib/MWCtrl-v1.o
 .debug_macro   0x0000000000002c0e       0x35 ./MyLib/MWCtrl-v1.o
 .debug_macro   0x0000000000002c43       0x52 ./MyLib/MWCtrl-v1.o
 .debug_macro   0x0000000000002c95       0x1f ./MyLib/MWCtrl-v1.o
 .debug_macro   0x0000000000002cb4       0x43 ./MyLib/MWCtrl-v1.o
 .debug_macro   0x0000000000002cf7       0x20 ./MyLib/MWCtrl-v1.o
 .debug_macro   0x0000000000002d17      0x187 ./MyLib/MWCtrl-v1.o
 .debug_macro   0x0000000000002e9e      0x330 ./MyLib/MWCtrl-v1.o
 .debug_macro   0x00000000000031ce       0x16 ./MyLib/MWCtrl-v1.o
 .debug_macro   0x00000000000031e4       0x29 ./MyLib/MWCtrl-v1.o
 .debug_macro   0x000000000000320d       0xac ./MyLib/MWCtrl-v1.o
 .debug_macro   0x00000000000032b9       0x1c ./MyLib/MWCtrl-v1.o
 .debug_macro   0x00000000000032d5       0x10 ./MyLib/MWCtrl-v1.o
 .debug_macro   0x00000000000032e5       0x10 ./MyLib/MWCtrl-v1.o
 .debug_macro   0x00000000000032f5       0x1c ./MyLib/MWCtrl-v1.o
 .debug_macro   0x0000000000003311       0x52 ./MyLib/MWCtrl-v1.o
 .debug_macro   0x0000000000003363       0x40 ./MyLib/MWCtrl-v1.o
 .debug_macro   0x00000000000033a3       0x10 ./MyLib/MWCtrl-v1.o
 .debug_macro   0x00000000000033b3       0x40 ./MyLib/MWCtrl-v1.o
 .debug_macro   0x00000000000033f3       0xd7 ./MyLib/MWCtrl-v1.o
 .debug_macro   0x00000000000034ca       0x16 ./MyLib/MWCtrl-v1.o
 .debug_macro   0x00000000000034e0      0x18b ./MyLib/MWCtrl-v1.o
 .debug_macro   0x000000000000366b      0x100 ./MyLib/MWCtrl-v1.o
 .debug_macro   0x000000000000376b       0x16 ./MyLib/MWCtrl-v1.o
 .debug_macro   0x0000000000003781       0x8e ./MyLib/MWCtrl-v1.o
 .debug_macro   0x000000000000380f      0x1da ./MyLib/MWCtrl-v1.o
 .debug_macro   0x00000000000039e9       0x16 ./MyLib/MWCtrl-v1.o
 .debug_macro   0x00000000000039ff       0x10 ./MyLib/MWCtrl-v1.o
 .debug_macro   0x0000000000003a0f       0x41 ./MyLib/MWCtrl-v1.o
 .debug_macro   0x0000000000003a50       0x3a ./MyLib/MWCtrl-v1.o
 .debug_macro   0x0000000000003a8a      0x1da ./MyLib/MWCtrl-v1.o
 .debug_macro   0x0000000000003c64      0x128 ./MyLib/MWCtrl-v1.o
 .debug_macro   0x0000000000003d8c       0x10 ./MyLib/MWCtrl-v1.o
 .debug_macro   0x0000000000003d9c       0x7c ./MyLib/MWCtrl-v1.o
 .debug_macro   0x0000000000003e18       0x4c ./MyLib/MWCtrl-v1.o
 .debug_macro   0x0000000000003e64       0x10 ./MyLib/MWCtrl-v1.o
 .debug_macro   0x0000000000003e74       0x5e ./MyLib/MWCtrl-v1.o
 .debug_macro   0x0000000000003ed2       0x2e ./MyLib/MWCtrl-v1.o
 .debug_macro   0x0000000000003f00       0x28 ./MyLib/MWCtrl-v1.o
 .debug_macro   0x0000000000003f28      0x61d ./main.o

.debug_line     0x0000000000000000     0x1ed8
 .debug_line    0x0000000000000000     0x10ba ./MyLib/MWCtrl-v1.o
 .debug_line    0x00000000000010ba      0xcd6 ./main.o
 .debug_line    0x0000000000001d90       0xfb /Applications/MCUXpressoIDE_10.0.2_411/ide/tools/bin/../lib/gcc/arm-none-eabi/5.4.1/../../../../arm-none-eabi/lib/armv7-m/libcr_newlib_nohost.a(_cr_sbrk.o)
 .debug_line    0x0000000000001e8b       0x4d /Applications/MCUXpressoIDE_10.0.2_411/ide/tools/bin/../lib/gcc/arm-none-eabi/5.4.1/../../../../arm-none-eabi/lib/armv7-m/libcr_newlib_nohost.a(_cr_check_heap.o)

.debug_str      0x0000000000000000    0x11670
 .debug_str     0x0000000000000000    0x10f0a ./MyLib/MWCtrl-v1.o
                                      0x11295 (size before relaxing)
 .debug_str     0x0000000000010f0a      0x5bc ./main.o
                                      0x11871 (size before relaxing)
 .debug_str     0x00000000000114c6      0x185 /Applications/MCUXpressoIDE_10.0.2_411/ide/tools/bin/../lib/gcc/arm-none-eabi/5.4.1/../../../../arm-none-eabi/lib/armv7-m/libcr_newlib_nohost.a(_cr_sbrk.o)
                                        0x22a (size before relaxing)
 .debug_str     0x000000000001164b       0x25 /Applications/MCUXpressoIDE_10.0.2_411/ide/tools/bin/../lib/gcc/arm-none-eabi/5.4.1/../../../../arm-none-eabi/lib/armv7-m/libcr_newlib_nohost.a(_cr_check_heap.o)
                                        0x16c (size before relaxing)

.comment        0x0000000000000000       0xde
 .comment       0x0000000000000000       0x6e ./MyLib/MWCtrl-v1.o
                                         0x6f (size before relaxing)
 .comment       0x000000000000006e       0x6f ./main.o
 .comment       0x000000000000006e       0x70 /Users/shinkichi/Documents/MCUXpressoIDE_10.0.2/workspace/Robocon2018-Slave/mbed/TARGET_LPC1768/TOOLCHAIN_GCC_CR/board.o
                                         0x71 (size before relaxing)
 .comment       0x00000000000000de       0x71 /Users/shinkichi/Documents/MCUXpressoIDE_10.0.2/workspace/Robocon2018-Slave/mbed/TARGET_LPC1768/TOOLCHAIN_GCC_CR/cmsis_nvic.o
 .comment       0x00000000000000de       0x71 /Users/shinkichi/Documents/MCUXpressoIDE_10.0.2/workspace/Robocon2018-Slave/mbed/TARGET_LPC1768/TOOLCHAIN_GCC_CR/retarget.o
 .comment       0x00000000000000de       0x71 /Users/shinkichi/Documents/MCUXpressoIDE_10.0.2/workspace/Robocon2018-Slave/mbed/TARGET_LPC1768/TOOLCHAIN_GCC_CR/startup_LPC17xx.o
 .comment       0x00000000000000de       0x71 /Users/shinkichi/Documents/MCUXpressoIDE_10.0.2/workspace/Robocon2018-Slave/mbed/TARGET_LPC1768/TOOLCHAIN_GCC_CR/system_LPC17xx.o
 .comment       0x00000000000000de       0x71 /Users/shinkichi/Documents/MCUXpressoIDE_10.0.2/workspace/Robocon2018-Slave/mbed/TARGET_LPC1768/TOOLCHAIN_GCC_CR/libmbed.a(pwmout_api.o)
 .comment       0x00000000000000de       0x71 /Users/shinkichi/Documents/MCUXpressoIDE_10.0.2/workspace/Robocon2018-Slave/mbed/TARGET_LPC1768/TOOLCHAIN_GCC_CR/libmbed.a(serial_api.o)
 .comment       0x00000000000000de       0x71 /Users/shinkichi/Documents/MCUXpressoIDE_10.0.2/workspace/Robocon2018-Slave/mbed/TARGET_LPC1768/TOOLCHAIN_GCC_CR/libmbed.a(CAN.o)
 .comment       0x00000000000000de       0x71 /Users/shinkichi/Documents/MCUXpressoIDE_10.0.2/workspace/Robocon2018-Slave/mbed/TARGET_LPC1768/TOOLCHAIN_GCC_CR/libmbed.a(Timer.o)
 .comment       0x00000000000000de       0x71 /Users/shinkichi/Documents/MCUXpressoIDE_10.0.2/workspace/Robocon2018-Slave/mbed/TARGET_LPC1768/TOOLCHAIN_GCC_CR/libmbed.a(assert.o)
 .comment       0x00000000000000de       0x71 /Users/shinkichi/Documents/MCUXpressoIDE_10.0.2/workspace/Robocon2018-Slave/mbed/TARGET_LPC1768/TOOLCHAIN_GCC_CR/libmbed.a(error.o)
 .comment       0x00000000000000de       0x71 /Users/shinkichi/Documents/MCUXpressoIDE_10.0.2/workspace/Robocon2018-Slave/mbed/TARGET_LPC1768/TOOLCHAIN_GCC_CR/libmbed.a(gpio.o)
 .comment       0x00000000000000de       0x71 /Users/shinkichi/Documents/MCUXpressoIDE_10.0.2/workspace/Robocon2018-Slave/mbed/TARGET_LPC1768/TOOLCHAIN_GCC_CR/libmbed.a(mbed_interface.o)
 .comment       0x00000000000000de       0x71 /Users/shinkichi/Documents/MCUXpressoIDE_10.0.2/workspace/Robocon2018-Slave/mbed/TARGET_LPC1768/TOOLCHAIN_GCC_CR/libmbed.a(pinmap_common.o)
 .comment       0x00000000000000de       0x71 /Users/shinkichi/Documents/MCUXpressoIDE_10.0.2/workspace/Robocon2018-Slave/mbed/TARGET_LPC1768/TOOLCHAIN_GCC_CR/libmbed.a(semihost_api.o)
 .comment       0x00000000000000de       0x71 /Users/shinkichi/Documents/MCUXpressoIDE_10.0.2/workspace/Robocon2018-Slave/mbed/TARGET_LPC1768/TOOLCHAIN_GCC_CR/libmbed.a(wait_api.o)
 .comment       0x00000000000000de       0x71 /Users/shinkichi/Documents/MCUXpressoIDE_10.0.2/workspace/Robocon2018-Slave/mbed/TARGET_LPC1768/TOOLCHAIN_GCC_CR/libmbed.a(ticker_api.o)
 .comment       0x00000000000000de       0x71 /Users/shinkichi/Documents/MCUXpressoIDE_10.0.2/workspace/Robocon2018-Slave/mbed/TARGET_LPC1768/TOOLCHAIN_GCC_CR/libmbed.a(us_ticker_api.o)