Archive member included to satisfy reference by file (symbol)

/Users/shinkichi/Documents/MCUXpressoIDE_10.0.2/workspace/LabProject/mbed/TARGET_LPC1768/TOOLCHAIN_GCC_CR/libmbed.a(pwmout_api.o)
                              ./MyLib/StairCtrl-Servo.o (pwmout_period_ms)
/Users/shinkichi/Documents/MCUXpressoIDE_10.0.2/workspace/LabProject/mbed/TARGET_LPC1768/TOOLCHAIN_GCC_CR/libmbed.a(serial_api.o)
                              /Users/shinkichi/Documents/MCUXpressoIDE_10.0.2/workspace/LabProject/mbed/TARGET_LPC1768/TOOLCHAIN_GCC_CR/retarget.o (serial_getc)
/Users/shinkichi/Documents/MCUXpressoIDE_10.0.2/workspace/LabProject/mbed/TARGET_LPC1768/TOOLCHAIN_GCC_CR/libmbed.a(CAN.o)
                              ./main.o (mbed::CAN::~CAN())
/Users/shinkichi/Documents/MCUXpressoIDE_10.0.2/workspace/LabProject/mbed/TARGET_LPC1768/TOOLCHAIN_GCC_CR/libmbed.a(FilePath.o)
                              /Users/shinkichi/Documents/MCUXpressoIDE_10.0.2/workspace/LabProject/mbed/TARGET_LPC1768/TOOLCHAIN_GCC_CR/retarget.o (mbed::FilePath::FilePath(char const*))
/Users/shinkichi/Documents/MCUXpressoIDE_10.0.2/workspace/LabProject/mbed/TARGET_LPC1768/TOOLCHAIN_GCC_CR/libmbed.a(FileSystemLike.o)
                              /Users/shinkichi/Documents/MCUXpressoIDE_10.0.2/workspace/LabProject/mbed/TARGET_LPC1768/TOOLCHAIN_GCC_CR/retarget.o (mbed::FileSystemLike::opendir())
/Users/shinkichi/Documents/MCUXpressoIDE_10.0.2/workspace/LabProject/mbed/TARGET_LPC1768/TOOLCHAIN_GCC_CR/libmbed.a(InterruptIn.o)
                              ./main.o (mbed::InterruptIn::~InterruptIn())
/Users/shinkichi/Documents/MCUXpressoIDE_10.0.2/workspace/LabProject/mbed/TARGET_LPC1768/TOOLCHAIN_GCC_CR/libmbed.a(Serial.o)
                              ./main.o (mbed::Serial::Serial(PinName, PinName, char const*))
/Users/shinkichi/Documents/MCUXpressoIDE_10.0.2/workspace/LabProject/mbed/TARGET_LPC1768/TOOLCHAIN_GCC_CR/libmbed.a(SerialBase.o)
                              /Users/shinkichi/Documents/MCUXpressoIDE_10.0.2/workspace/LabProject/mbed/TARGET_LPC1768/TOOLCHAIN_GCC_CR/libmbed.a(Serial.o) (mbed::SerialBase::SerialBase(PinName, PinName))
/Users/shinkichi/Documents/MCUXpressoIDE_10.0.2/workspace/LabProject/mbed/TARGET_LPC1768/TOOLCHAIN_GCC_CR/libmbed.a(Timeout.o)
                              ./main.o (vtable for mbed::Timeout)
/Users/shinkichi/Documents/MCUXpressoIDE_10.0.2/workspace/LabProject/mbed/TARGET_LPC1768/TOOLCHAIN_GCC_CR/libmbed.a(Stream.o)
                              /Users/shinkichi/Documents/MCUXpressoIDE_10.0.2/workspace/LabProject/mbed/TARGET_LPC1768/TOOLCHAIN_GCC_CR/libmbed.a(Serial.o) (mbed::Stream::close())
/Users/shinkichi/Documents/MCUXpressoIDE_10.0.2/workspace/LabProject/mbed/TARGET_LPC1768/TOOLCHAIN_GCC_CR/libmbed.a(Ticker.o)
                              ./main.o (mbed::Ticker::detach())
/Users/shinkichi/Documents/MCUXpressoIDE_10.0.2/workspace/LabProject/mbed/TARGET_LPC1768/TOOLCHAIN_GCC_CR/libmbed.a(Timer.o)
                              ./MyLib/SerialCtrl-v1b.o (mbed::Timer::Timer())
/Users/shinkichi/Documents/MCUXpressoIDE_10.0.2/workspace/LabProject/mbed/TARGET_LPC1768/TOOLCHAIN_GCC_CR/libmbed.a(assert.o)
                              ./main.o (mbed_assert_internal)
/Users/shinkichi/Documents/MCUXpressoIDE_10.0.2/workspace/LabProject/mbed/TARGET_LPC1768/TOOLCHAIN_GCC_CR/libmbed.a(TimerEvent.o)
                              ./main.o (mbed::TimerEvent::~TimerEvent())
/Users/shinkichi/Documents/MCUXpressoIDE_10.0.2/workspace/LabProject/mbed/TARGET_LPC1768/TOOLCHAIN_GCC_CR/libmbed.a(error.o)
                              /Users/shinkichi/Documents/MCUXpressoIDE_10.0.2/workspace/LabProject/mbed/TARGET_LPC1768/TOOLCHAIN_GCC_CR/retarget.o (error)
/Users/shinkichi/Documents/MCUXpressoIDE_10.0.2/workspace/LabProject/mbed/TARGET_LPC1768/TOOLCHAIN_GCC_CR/libmbed.a(gpio.o)
                              /Users/shinkichi/Documents/MCUXpressoIDE_10.0.2/workspace/LabProject/mbed/TARGET_LPC1768/TOOLCHAIN_GCC_CR/libmbed.a(serial_api.o) (gpio_init_in)
/Users/shinkichi/Documents/MCUXpressoIDE_10.0.2/workspace/LabProject/mbed/TARGET_LPC1768/TOOLCHAIN_GCC_CR/libmbed.a(mbed_interface.o)
                              /Users/shinkichi/Documents/MCUXpressoIDE_10.0.2/workspace/LabProject/mbed/TARGET_LPC1768/TOOLCHAIN_GCC_CR/retarget.o (mbed_interface_connected)
/Users/shinkichi/Documents/MCUXpressoIDE_10.0.2/workspace/LabProject/mbed/TARGET_LPC1768/TOOLCHAIN_GCC_CR/libmbed.a(pinmap_common.o)
                              /Users/shinkichi/Documents/MCUXpressoIDE_10.0.2/workspace/LabProject/mbed/TARGET_LPC1768/TOOLCHAIN_GCC_CR/libmbed.a(pwmout_api.o) (pinmap_pinout)
/Users/shinkichi/Documents/MCUXpressoIDE_10.0.2/workspace/LabProject/mbed/TARGET_LPC1768/TOOLCHAIN_GCC_CR/libmbed.a(semihost_api.o)
                              /Users/shinkichi/Documents/MCUXpressoIDE_10.0.2/workspace/LabProject/mbed/TARGET_LPC1768/TOOLCHAIN_GCC_CR/retarget.o (semihost_exit)
[...]
Memory Configuration

Name             Origin             Length             Attributes
MFlash512        0x0000000000000000 0x0000000000080000 xr
RamLoc32         0x00000000100000c8 0x0000000000007f38 xrw
RamAHB_USB       0x000000002007c000 0x0000000000004000 xrw
RamAHB_Eth       0x0000000020080000 0x0000000000004000 xrw
*default*        0x0000000000000000 0xffffffffffffffff

Linker script and memory map

LOAD ./MyLib/Utilities/ButtonCtrl.o
LOAD ./MyLib/Utilities/Vector.o
LOAD ./MyLib/SerialCtrl-v1b.o
LOAD ./MyLib/StairCtrl-Servo.o
LOAD ./main.o
LOAD /Users/shinkichi/Documents/MCUXpressoIDE_10.0.2/workspace/LabProject/mbed/TARGET_LPC1768/TOOLCHAIN_GCC_CR/board.o
LOAD /Users/shinkichi/Documents/MCUXpressoIDE_10.0.2/workspace/LabProject/mbed/TARGET_LPC1768/TOOLCHAIN_GCC_CR/cmsis_nvic.o
LOAD /Users/shinkichi/Documents/MCUXpressoIDE_10.0.2/workspace/LabProject/mbed/TARGET_LPC1768/TOOLCHAIN_GCC_CR/retarget.o
LOAD /Users/shinkichi/Documents/MCUXpressoIDE_10.0.2/workspace/LabProject/mbed/TARGET_LPC1768/TOOLCHAIN_GCC_CR/startup_LPC17xx.o
LOAD /Users/shinkichi/Documents/MCUXpressoIDE_10.0.2/workspace/LabProject/mbed/TARGET_LPC1768/TOOLCHAIN_GCC_CR/system_LPC17xx.o
LOAD /Users/shinkichi/Documents/MCUXpressoIDE_10.0.2/workspace/LabProject/mbed/TARGET_LPC1768/TOOLCHAIN_GCC_CR/libmbed.a
START GROUP
LOAD /Applications/MCUXpressoIDE_10.0.2_411/ide/tools/bin/../lib/gcc/arm-none-eabi/5.4.1/armv7-m/libgcc.a
LOAD /Applications/MCUXpressoIDE_10.0.2_411/ide/tools/bin/../lib/gcc/arm-none-eabi/5.4.1/../../../../arm-none-eabi/lib/armv7-m/libc.a
LOAD /Applications/MCUXpressoIDE_10.0.2_411/ide/tools/bin/../lib/gcc/arm-none-eabi/5.4.1/../../../../arm-none-eabi/lib/armv7-m/libstdc++.a
LOAD /Applications/MCUXpressoIDE_10.0.2_411/ide/tools/bin/../lib/gcc/arm-none-eabi/5.4.1/../../../../arm-none-eabi/lib/armv7-m/libm.a
LOAD /Applications/MCUXpressoIDE_10.0.2_411/ide/tools/bin/../lib/gcc/arm-none-eabi/5.4.1/../../../../arm-none-eabi/lib/armv7-m/libcr_newlib_nohost.a
LOAD /Applications/MCUXpressoIDE_10.0.2_411/ide/tools/bin/../lib/gcc/arm-none-eabi/5.4.1/armv7-m/crti.o
LOAD /Applications/MCUXpressoIDE_10.0.2_411/ide/tools/bin/../lib/gcc/arm-none-eabi/5.4.1/armv7-m/crtn.o
LOAD /Applications/MCUXpressoIDE_10.0.2_411/ide/tools/bin/../lib/gcc/arm-none-eabi/5.4.1/armv7-m/crtbegin.o
LOAD /Applications/MCUXpressoIDE_10.0.2_411/ide/tools/bin/../lib/gcc/arm-none-eabi/5.4.1/armv7-m/crtend.o
END GROUP
                0x0000000000080000                __top_MFlash512 = 0x80000
                0x0000000010008000                __top_RamLoc32 = 0x10008000
                0x0000000020084000                __top_RamAHB32 = 0x20084000

.text           0x0000000000000000     0xe7c0
 FILL mask 0xff
 *(.isr_vector)
 .isr_vector    0x0000000000000000       0xcc /Users/shinkichi/Documents/MCUXpressoIDE_10.0.2/workspace/LabProject/mbed/TARGET_LPC1768/TOOLCHAIN_GCC_CR/startup_LPC17xx.o
                0x0000000000000000                g_pfnVectors
                0x00000000000000cc                . = ALIGN (0x4)
                0x00000000000000cc                __section_table_start = .
                0x00000000000000cc                __data_section_table = .
                0x00000000000000cc        0x4 LONG 0xe7c8 LOADADDR (.data)
                0x00000000000000d0        0x4 LONG 0x100000c8 ADDR (.data)
                0x00000000000000d4        0x4 LONG 0x9cc SIZEOF (.data)
                0x00000000000000d8        0x4 LONG 0xe7c8 LOADADDR (.data_RAM2)
                0x00000000000000dc        0x4 LONG 0x2007c000 ADDR (.data_RAM2)
                0x00000000000000e0        0x4 LONG 0x0 SIZEOF (.data_RAM2)
                0x00000000000000e4                __data_section_table_end = .
                0x00000000000000e4                __bss_section_table = .
                0x00000000000000e4        0x4 LONG 0x10000a98 ADDR (.bss)
                0x00000000000000e8        0x4 LONG 0x680 SIZEOF (.bss)
                0x00000000000000ec        0x4 LONG 0x2007c000 ADDR (.bss_RAM2)
                0x00000000000000f0        0x4 LONG 0x0 SIZEOF (.bss_RAM2)
                0x00000000000000f4                __bss_section_table_end = .
                0x00000000000000f4                __section_table_end = .
 *(.after_vectors*)
 .after_vectors
                0x00000000000000f4       0xd0 /Users/shinkichi/Documents/MCUXpressoIDE_10.0.2/workspace/LabProject/mbed/TARGET_LPC1768/TOOLCHAIN_GCC_CR/startup_LPC17xx.o
                0x00000000000000f4                NMI_Handler
                0x00000000000000f8                HardFault_Handler
                0x00000000000000fc                MemManage_Handler
                0x0000000000000100                BusFault_Handler
                0x0000000000000104                UsageFault_Handler
                0x0000000000000108                SVC_Handler
                0x000000000000010c                DebugMon_Handler
                0x0000000000000110                PendSV_Handler
                0x0000000000000114                SysTick_Handler
                0x0000000000000118                CANActivity_IRQHandler
                0x0000000000000118                TIMER3_IRQHandler
                0x0000000000000118                UART0_IRQHandler
                0x0000000000000118                IntDefaultHandler
                0x0000000000000118                PLL0_IRQHandler
                0x0000000000000118                CAN_IRQHandler
                0x0000000000000118                PLL1_IRQHandler
                0x0000000000000118                SSP0_IRQHandler
                0x0000000000000118                I2S_IRQHandler
                0x0000000000000118                I2C2_IRQHandler
                0x0000000000000118                RTC_IRQHandler
                0x0000000000000118                TIMER0_IRQHandler
                0x0000000000000118                SPI_IRQHandler
                0x0000000000000118                EINT1_IRQHandler
                0x0000000000000118                TIMER1_IRQHandler
                0x0000000000000118                UART2_IRQHandler
                0x0000000000000118                ADC_IRQHandler
                0x0000000000000118                SSP1_IRQHandler
                0x0000000000000118                USB_IRQHandler
                0x0000000000000118                BOD_IRQHandler
                0x0000000000000118                WDT_IRQHandler
                0x0000000000000118                ENET_IRQHandler
                0x0000000000000118                RIT_IRQHandler
                0x0000000000000118                I2C0_IRQHandler
                0x0000000000000118                USBActivity_IRQHandler
                0x0000000000000118                PWM1_IRQHandler
                0x0000000000000118                I2C1_IRQHandler
                0x0000000000000118                EINT2_IRQHandler
                0x0000000000000118                UART1_IRQHandler
                0x0000000000000118                EINT3_IRQHandler
                0x0000000000000118                UART3_IRQHandler
                0x0000000000000118                MCPWM_IRQHandler
                0x0000000000000118                TIMER2_IRQHandler
                0x0000000000000118                QEI_IRQHandler
                0x0000000000000118                EINT0_IRQHandler
                0x0000000000000118                DMA_IRQHandler
                0x000000000000011c                ResetISR
                0x000000000000019c                data_init
                0x00000000000001b4                bss_init
 *(.text*)
 .text._ZN10SerialCtrlC2EPN4mbed6SerialE
                0x00000000000001c4       0x40 ./MyLib/SerialCtrl-v1b.o
                0x00000000000001c4                SerialCtrl::SerialCtrl(mbed::Serial*)
                0x00000000000001c4                SerialCtrl::SerialCtrl(mbed::Serial*)
 .text._ZN10SerialCtrl4FuncEPFvvES1_
                0x0000000000000204        0x6 ./MyLib/SerialCtrl-v1b.o
                0x0000000000000204                SerialCtrl::Func(void (*)(), void (*)())
 .text._ZN11StairCtrl_SC2Ev
                0x000000000000020a       0x2c ./MyLib/StairCtrl-Servo.o
                0x000000000000020a                StairCtrl_S::StairCtrl_S()
                0x000000000000020a                StairCtrl_S::StairCtrl_S()
 .text._ZN11StairCtrl_S7PwmPinsEPN4mbed6PwmOutES2_S2_S2_i
                0x0000000000000236       0x34 ./MyLib/StairCtrl-Servo.o
                0x0000000000000236                StairCtrl_S::PwmPins(mbed::PwmOut*, mbed::PwmOut*, mbed::PwmOut*, mbed::PwmOut*, int)
 *fill*         0x000000000000026a        0x6 ff
 .text._ZN11StairCtrl_S9InvldAreaEv
                0x0000000000000270       0x18 ./MyLib/StairCtrl-Servo.o
                0x0000000000000270                StairCtrl_S::InvldArea()
 .text._ZN4mbed10SerialBaseD2Ev
                0x0000000000000288        0x2 ./main.o
                0x0000000000000288                mbed::SerialBase::~SerialBase()
                0x0000000000000288                mbed::SerialBase::~SerialBase()
 *fill*         0x000000000000028a        0x2 ff
 .text.gpio_write
                0x000000000000028c       0x2c ./main.o
 .text._Z5LEDONv
                0x00000000000002b8        0xc ./main.o
                0x00000000000002b8                LEDON()
 .text._Z6LEDOFFv
                0x00000000000002c4        0xc ./main.o
                0x00000000000002c4                LEDOFF()
 .text.gpio_read
                0x00000000000002d0       0x2c ./main.o
 .text._Z7senrisev
                0x00000000000002fc       0x18 ./main.o
                0x00000000000002fc                senrise()
 .text._Z7senfallv
                0x0000000000000314        0xc ./main.o
                0x0000000000000314                senfall()
 .text._ZN4mbed10SerialBaseD0Ev
                0x0000000000000320        0xc ./main.o
                0x0000000000000320                mbed::SerialBase::~SerialBase()
 .text._ZN4mbed6SerialD2Ev
                0x000000000000032c       0x30 ./main.o
                0x000000000000032c                mbed::Serial::~Serial()
                0x000000000000032c                mbed::Serial::~Serial()
                0x0000000000000350                non-virtual thunk to mbed::Serial::~Serial()
                0x0000000000000356                non-virtual thunk to mbed::Serial::~Serial()
 .text._ZN4mbed7TimeoutD2Ev
                0x000000000000035c       0x1c ./main.o
                0x000000000000035c                mbed::Timeout::~Timeout()
                0x000000000000035c                mbed::Timeout::~Timeout()
 .text._ZN4mbed10DigitalOutC2E7PinName
                0x0000000000000378       0x1a ./main.o
                0x0000000000000378                mbed::DigitalOut::DigitalOut(PinName)
                0x0000000000000378                mbed::DigitalOut::DigitalOut(PinName)
 *fill*         0x0000000000000392        0x2 ff
 .text._Z5setupv
                0x0000000000000394       0xcc ./main.o
                0x0000000000000394                setup()
 .text._Z4loopv
                0x0000000000000460       0x58 ./main.o
                0x0000000000000460                loop()
 .text.startup.main
                0x00000000000004b8        0xc ./main.o
                0x00000000000004b8                main
 .text._ZN4mbed6SerialD0Ev
                0x00000000000004c4       0x1e ./main.o
                0x00000000000004c4                mbed::Serial::~Serial()
                0x00000000000004d6                non-virtual thunk to mbed::Serial::~Serial()
                0x00000000000004dc                non-virtual thunk to mbed::Serial::~Serial()
 .text._ZN4mbed7TimeoutD0Ev
                0x00000000000004e2       0x12 ./main.o
                0x00000000000004e2                mbed::Timeout::~Timeout()
 .text.startup._GLOBAL__sub_I_LEDG
                0x00000000000004f4      0x180 ./main.o
 .text.mbed_die
                0x0000000000000674      0x10c /Users/shinkichi/Documents/MCUXpressoIDE_10.0.2/workspace/LabProject/mbed/TARGET_LPC1768/TOOLCHAIN_GCC_CR/board.o
                0x0000000000000674                mbed_die
 .text.NVIC_SetVector
                0x0000000000000780       0x3c /Users/shinkichi/Documents/MCUXpressoIDE_10.0.2/workspace/LabProject/mbed/TARGET_LPC1768/TOOLCHAIN_GCC_CR/cmsis_nvic.o
                0x0000000000000780                NVIC_SetVector
 .text._ZN4mbed10FileHandle4flenEv
                0x00000000000007bc       0x34 /Users/shinkichi/Documents/MCUXpressoIDE_10.0.2/workspace/LabProject/mbed/TARGET_LPC1768/TOOLCHAIN_GCC_CR/retarget.o
                0x00000000000007bc                mbed::FileHandle::flen()
 .text._ZN4mbed10FileHandleD2Ev
                0x00000000000007f0       0x2c /Users/shinkichi/Documents/MCUXpressoIDE_10.0.2/workspace/LabProject/mbed/TARGET_LPC1768/TOOLCHAIN_GCC_CR/retarget.o
                0x00000000000007f0                mbed::FileHandle::~FileHandle()
                0x00000000000007f0                mbed::FileHandle::~FileHandle()
 .text._ZN4mbed10FileHandleD0Ev
                0x000000000000081c       0x34 /Users/shinkichi/Documents/MCUXpressoIDE_10.0.2/workspace/LabProject/mbed/TARGET_LPC1768/TOOLCHAIN_GCC_CR/retarget.o
                0x000000000000081c                mbed::FileHandle::~FileHandle()
 .text._ZL11init_serialv.part.0
                0x0000000000000850       0x18 /Users/shinkichi/Documents/MCUXpressoIDE_10.0.2/workspace/LabProject/mbed/TARGET_LPC1768/TOOLCHAIN_GCC_CR/retarget.o
 .text._open    0x0000000000000868       0xfc /Users/shinkichi/Documents/MCUXpressoIDE_10.0.2/workspace/LabProject/mbed/TARGET_LPC1768/TOOLCHAIN_GCC_CR/retarget.o
                0x0000000000000868                _open
 .text._close   0x0000000000000964       0x2c /Users/shinkichi/Documents/MCUXpressoIDE_10.0.2/workspace/LabProject/mbed/TARGET_LPC1768/TOOLCHAIN_GCC_CR/retarget.o
                0x0000000000000964                _close
 .text._write   0x0000000000000990       0x50 /Users/shinkichi/Documents/MCUXpressoIDE_10.0.2/workspace/LabProject/mbed/TARGET_LPC1768/TOOLCHAIN_GCC_CR/retarget.o
                0x0000000000000990                _write
 .text._read    0x00000000000009e0       0x4c /Users/shinkichi/Documents/MCUXpressoIDE_10.0.2/workspace/LabProject/mbed/TARGET_LPC1768/TOOLCHAIN_GCC_CR/retarget.o
                0x00000000000009e0                _read
 .text._isatty  0x0000000000000a2c       0x28 /Users/shinkichi/Documents/MCUXpressoIDE_10.0.2/workspace/LabProject/mbed/TARGET_LPC1768/TOOLCHAIN_GCC_CR/retarget.o
                0x0000000000000a2c                _isatty
 .text._lseek   0x0000000000000a54       0x28 /Users/shinkichi/Documents/MCUXpressoIDE_10.0.2/workspace/LabProject/mbed/TARGET_LPC1768/TOOLCHAIN_GCC_CR/retarget.o
                0x0000000000000a54                _lseek
 .text._fstat   0x0000000000000a7c       0x20 /Users/shinkichi/Documents/MCUXpressoIDE_10.0.2/workspace/LabProject/mbed/TARGET_LPC1768/TOOLCHAIN_GCC_CR/retarget.o
                0x0000000000000a7c                _fstat
 .text.exit     0x0000000000000a9c       0x30 /Users/shinkichi/Documents/MCUXpressoIDE_10.0.2/workspace/LabProject/mbed/TARGET_LPC1768/TOOLCHAIN_GCC_CR/retarget.o
                0x0000000000000a9c                exit
 .text.__cxa_pure_virtual
                0x0000000000000acc        0x8 /Users/shinkichi/Documents/MCUXpressoIDE_10.0.2/workspace/LabProject/mbed/TARGET_LPC1768/TOOLCHAIN_GCC_CR/retarget.o
                0x0000000000000acc                __cxa_pure_virtual
 .text._ZN4mbed26mbed_set_unbuffered_streamEP7__sFILE
                0x0000000000000ad4        0x8 /Users/shinkichi/Documents/MCUXpressoIDE_10.0.2/workspace/LabProject/mbed/TARGET_LPC1768/TOOLCHAIN_GCC_CR/retarget.o
                0x0000000000000ad4                mbed::mbed_set_unbuffered_stream(__sFILE*)
 .text.__aeabi_atexit
                0x0000000000000adc        0x4 /Users/shinkichi/Documents/MCUXpressoIDE_10.0.2/workspace/LabProject/mbed/TARGET_LPC1768/TOOLCHAIN_GCC_CR/startup_LPC17xx.o
                0x0000000000000adc                __aeabi_atexit
 .text._ZdlPv   0x0000000000000ae0        0x4 /Users/shinkichi/Documents/MCUXpressoIDE_10.0.2/workspace/LabProject/mbed/TARGET_LPC1768/TOOLCHAIN_GCC_CR/startup_LPC17xx.o
                0x0000000000000ae0                operator delete(void*)
 .text.SystemInit
                0x0000000000000ae4       0xb8 /Users/shinkichi/Documents/MCUXpressoIDE_10.0.2/workspace/LabProject/mbed/TARGET_LPC1768/TOOLCHAIN_GCC_CR/system_LPC17xx.o
                0x0000000000000ae4                SystemInit
 .text.pwmout_period_us
                0x0000000000000b9c       0x44 /Users/shinkichi/Documents/MCUXpressoIDE_10.0.2/workspace/LabProject/mbed/TARGET_LPC1768/TOOLCHAIN_GCC_CR/libmbed.a(pwmout_api.o)
                0x0000000000000b9c                pwmout_period_us
 .text.pwmout_period_ms
                0x0000000000000be0        0xc /Users/shinkichi/Documents/MCUXpressoIDE_10.0.2/workspace/LabProject/mbed/TARGET_LPC1768/TOOLCHAIN_GCC_CR/libmbed.a(pwmout_api.o)
                0x0000000000000be0                pwmout_period_ms
 .text.pwmout_init
                0x0000000000000bec       0xd8 /Users/shinkichi/Documents/MCUXpressoIDE_10.0.2/workspace/LabProject/mbed/TARGET_LPC1768/TOOLCHAIN_GCC_CR/libmbed.a(pwmout_api.o)
                0x0000000000000bec                pwmout_init
 .text.pwmout_pulsewidth_us
                0x0000000000000cc4       0x34 /Users/shinkichi/Documents/MCUXpressoIDE_10.0.2/workspace/LabProject/mbed/TARGET_LPC1768/TOOLCHAIN_GCC_CR/libmbed.a(pwmout_api.o)
                0x0000000000000cc4                pwmout_pulsewidth_us
 .text.uart2_irq
                0x0000000000000cf8       0x64 /Users/shinkichi/Documents/MCUXpressoIDE_10.0.2/workspace/LabProject/mbed/TARGET_LPC1768/TOOLCHAIN_GCC_CR/libmbed.a(serial_api.o)
                0x0000000000000cf8                uart2_irq
 .text.serial_irq_set_internal
                0x0000000000000d5c       0xcc /Users/shinkichi/Documents/MCUXpressoIDE_10.0.2/workspace/LabProject/mbed/TARGET_LPC1768/TOOLCHAIN_GCC_CR/libmbed.a(serial_api.o)
 .text.uart0_irq
                0x0000000000000e28       0x64 /Users/shinkichi/Documents/MCUXpressoIDE_10.0.2/workspace/LabProject/mbed/TARGET_LPC1768/TOOLCHAIN_GCC_CR/libmbed.a(serial_api.o)
                0x0000000000000e28                uart0_irq
 .text.uart3_irq
                0x0000000000000e8c       0x6c /Users/shinkichi/Documents/MCUXpressoIDE_10.0.2/workspace/LabProject/mbed/TARGET_LPC1768/TOOLCHAIN_GCC_CR/libmbed.a(serial_api.o)
                0x0000000000000e8c                uart3_irq
 .text.uart1_irq
                0x0000000000000ef8       0x64 /Users/shinkichi/Documents/MCUXpressoIDE_10.0.2/workspace/LabProject/mbed/TARGET_LPC1768/TOOLCHAIN_GCC_CR/libmbed.a(serial_api.o)
                0x0000000000000ef8                uart1_irq
 .text.serial_baud
                0x0000000000000f5c      0x244 /Users/shinkichi/Documents/MCUXpressoIDE_10.0.2/workspace/LabProject/mbed/TARGET_LPC1768/TOOLCHAIN_GCC_CR/libmbed.a(serial_api.o)
                0x0000000000000f5c                serial_baud
 .text.serial_format
                0x00000000000011a0       0x78 /Users/shinkichi/Documents/MCUXpressoIDE_10.0.2/workspace/LabProject/mbed/TARGET_LPC1768/TOOLCHAIN_GCC_CR/libmbed.a(serial_api.o)
                0x00000000000011a0                serial_format
 .text.serial_irq_handler
                0x0000000000001218       0x20 /Users/shinkichi/Documents/MCUXpressoIDE_10.0.2/workspace/LabProject/mbed/TARGET_LPC1768/TOOLCHAIN_GCC_CR/libmbed.a(serial_api.o)
                0x0000000000001218                serial_irq_handler
 .text.serial_getc
                0x0000000000001238       0x38 /Users/shinkichi/Documents/MCUXpressoIDE_10.0.2/workspace/LabProject/mbed/TARGET_LPC1768/TOOLCHAIN_GCC_CR/libmbed.a(serial_api.o)
                0x0000000000001238                serial_getc
 .text.serial_writable
                0x0000000000001270       0x74 /Users/shinkichi/Documents/MCUXpressoIDE_10.0.2/workspace/LabProject/mbed/TARGET_LPC1768/TOOLCHAIN_GCC_CR/libmbed.a(serial_api.o)
                0x0000000000001270                serial_writable
 .text.serial_putc
                0x00000000000012e4       0x34 /Users/shinkichi/Documents/MCUXpressoIDE_10.0.2/workspace/LabProject/mbed/TARGET_LPC1768/TOOLCHAIN_GCC_CR/libmbed.a(serial_api.o)
                0x00000000000012e4                serial_putc
 .text.serial_set_flow_control
                0x0000000000001318      0x12c /Users/shinkichi/Documents/MCUXpressoIDE_10.0.2/workspace/LabProject/mbed/TARGET_LPC1768/TOOLCHAIN_GCC_CR/libmbed.a(serial_api.o)
                0x0000000000001318                serial_set_flow_control
 .text.serial_init
                0x0000000000001444      0x1bc /Users/shinkichi/Documents/MCUXpressoIDE_10.0.2/workspace/LabProject/mbed/TARGET_LPC1768/TOOLCHAIN_GCC_CR/libmbed.a(serial_api.o)
                0x0000000000001444                serial_init
 .text._ZN4mbed3CAN12_irq_handlerEm10CanIrqType
                0x0000000000001600       0x28 /Users/shinkichi/Documents/MCUXpressoIDE_10.0.2/workspace/LabProject/mbed/TARGET_LPC1768/TOOLCHAIN_GCC_CR/libmbed.a(CAN.o)
                0x0000000000001600                mbed::CAN::_irq_handler(unsigned long, CanIrqType)
 .text._ZN4mbed3CAND2Ev
                0x0000000000001628       0x20 /Users/shinkichi/Documents/MCUXpressoIDE_10.0.2/workspace/LabProject/mbed/TARGET_LPC1768/TOOLCHAIN_GCC_CR/libmbed.a(CAN.o)
                0x0000000000001628                mbed::CAN::~CAN()
                0x0000000000001628                mbed::CAN::~CAN()
 .text._ZN4mbed3CAND0Ev
                0x0000000000001648       0x28 /Users/shinkichi/Documents/MCUXpressoIDE_10.0.2/workspace/LabProject/mbed/TARGET_LPC1768/TOOLCHAIN_GCC_CR/libmbed.a(CAN.o)
                0x0000000000001648                mbed::CAN::~CAN()
 .text._ZN4mbed3CANC2E7PinNameS1_
                0x0000000000001670       0x44 /Users/shinkichi/Documents/MCUXpressoIDE_10.0.2/workspace/LabProject/mbed/TARGET_LPC1768/TOOLCHAIN_GCC_CR/libmbed.a(CAN.o)
                0x0000000000001670                mbed::CAN::CAN(PinName, PinName)
                0x0000000000001670                mbed::CAN::CAN(PinName, PinName)
 .text._ZN4mbed3CAN9frequencyEi
                0x00000000000016b4        0x8 /Users/shinkichi/Documents/MCUXpressoIDE_10.0.2/workspace/LabProject/mbed/TARGET_LPC1768/TOOLCHAIN_GCC_CR/libmbed.a(CAN.o)
                0x00000000000016b4                mbed::CAN::frequency(int)
 .text._ZN4mbed8FilePathC2EPKc
                0x00000000000016bc       0x58 /Users/shinkichi/Documents/MCUXpressoIDE_10.0.2/workspace/LabProject/mbed/TARGET_LPC1768/TOOLCHAIN_GCC_CR/libmbed.a(FilePath.o)
                0x00000000000016bc                mbed::FilePath::FilePath(char const*)
                0x00000000000016bc                mbed::FilePath::FilePath(char const*)
 .text._ZN4mbed8FilePath8fileNameEv
                0x0000000000001714        0x4 /Users/shinkichi/Documents/MCUXpressoIDE_10.0.2/workspace/LabProject/mbed/TARGET_LPC1768/TOOLCHAIN_GCC_CR/libmbed.a(FilePath.o)
                0x0000000000001714                mbed::FilePath::fileName()
 .text._ZN4mbed8FilePath10fileSystemEv
                0x0000000000001718       0x18 /Users/shinkichi/Documents/MCUXpressoIDE_10.0.2/workspace/LabProject/mbed/TARGET_LPC1768/TOOLCHAIN_GCC_CR/libmbed.a(FilePath.o)
                0x0000000000001718                mbed::FilePath::fileSystem()
 .text._ZN4mbed8FilePath6isFileEv
                0x0000000000001730       0x14 /Users/shinkichi/Documents/MCUXpressoIDE_10.0.2/workspace/LabProject/mbed/TARGET_LPC1768/TOOLCHAIN_GCC_CR/libmbed.a(FilePath.o)
                0x0000000000001730                mbed::FilePath::isFile()
 .text._ZN4mbed8FilePath4fileEv
                0x0000000000001744       0x1c /Users/shinkichi/Documents/MCUXpressoIDE_10.0.2/workspace/LabProject/mbed/TARGET_LPC1768/TOOLCHAIN_GCC_CR/libmbed.a(FilePath.o)
                0x0000000000001744                mbed::FilePath::file()
 .text._ZN4mbed8FilePath6existsEv
                0x0000000000001760        0xc /Users/shinkichi/Documents/MCUXpressoIDE_10.0.2/workspace/LabProject/mbed/TARGET_LPC1768/TOOLCHAIN_GCC_CR/libmbed.a(FilePath.o)
                0x0000000000001760                mbed::FilePath::exists()
 .text._ZN4mbed11InterruptInD2Ev
                0x000000000000176c       0x18 /Users/shinkichi/Documents/MCUXpressoIDE_10.0.2/workspace/LabProject/mbed/TARGET_LPC1768/TOOLCHAIN_GCC_CR/libmbed.a(InterruptIn.o)
                0x000000000000176c                mbed::InterruptIn::~InterruptIn()
                0x000000000000176c                mbed::InterruptIn::~InterruptIn()
 .text._ZN4mbed11InterruptInD0Ev
                0x0000000000001784       0x1c /Users/shinkichi/Documents/MCUXpressoIDE_10.0.2/workspace/LabProject/mbed/TARGET_LPC1768/TOOLCHAIN_GCC_CR/libmbed.a(InterruptIn.o)
                0x0000000000001784                mbed::InterruptIn::~InterruptIn()
 .text._ZN4mbed11InterruptIn12_irq_handlerEm14gpio_irq_event
                0x00000000000017a0       0x44 /Users/shinkichi/Documents/MCUXpressoIDE_10.0.2/workspace/LabProject/mbed/TARGET_LPC1768/TOOLCHAIN_GCC_CR/libmbed.a(InterruptIn.o)
                0x00000000000017a0                mbed::InterruptIn::_irq_handler(unsigned long, gpio_irq_event)
 .text._ZN4mbed11InterruptInC2E7PinName
                0x00000000000017e4       0x44 /Users/shinkichi/Documents/MCUXpressoIDE_10.0.2/workspace/LabProject/mbed/TARGET_LPC1768/TOOLCHAIN_GCC_CR/libmbed.a(InterruptIn.o)
                0x00000000000017e4                mbed::InterruptIn::InterruptIn(PinName)
                0x00000000000017e4                mbed::InterruptIn::InterruptIn(PinName)
 .text._ZN4mbed11InterruptIn4riseEPFvvE
                0x0000000000001828       0x20 /Users/shinkichi/Documents/MCUXpressoIDE_10.0.2/workspace/LabProject/mbed/TARGET_LPC1768/TOOLCHAIN_GCC_CR/libmbed.a(InterruptIn.o)
                0x0000000000001828                mbed::InterruptIn::rise(void (*)())
 .text._ZN4mbed11InterruptIn4fallEPFvvE
                0x0000000000001848       0x20 /Users/shinkichi/Documents/MCUXpressoIDE_10.0.2/workspace/LabProject/mbed/TARGET_LPC1768/TOOLCHAIN_GCC_CR/libmbed.a(InterruptIn.o)
                0x0000000000001848                mbed::InterruptIn::fall(void (*)())
 .text._ZN4mbed6Serial5_getcEv
                0x0000000000001868        0x4 /Users/shinkichi/Documents/MCUXpressoIDE_10.0.2/workspace/LabProject/mbed/TARGET_LPC1768/TOOLCHAIN_GCC_CR/libmbed.a(Serial.o)
                0x0000000000001868                mbed::Serial::_getc()
 .text._ZThn64_N4mbed6Serial5_getcEv
                0x000000000000186c        0x8 /Users/shinkichi/Documents/MCUXpressoIDE_10.0.2/workspace/LabProject/mbed/TARGET_LPC1768/TOOLCHAIN_GCC_CR/libmbed.a(Serial.o)
                0x000000000000186c                non-virtual thunk to mbed::Serial::_getc()
 .text._ZN4mbed6Serial5_putcEi
                0x0000000000001874        0x4 /Users/shinkichi/Documents/MCUXpressoIDE_10.0.2/workspace/LabProject/mbed/TARGET_LPC1768/TOOLCHAIN_GCC_CR/libmbed.a(Serial.o)
                0x0000000000001874                mbed::Serial::_putc(int)
 .text._ZThn64_N4mbed6Serial5_putcEi
                0x0000000000001878        0x8 /Users/shinkichi/Documents/MCUXpressoIDE_10.0.2/workspace/LabProject/mbed/TARGET_LPC1768/TOOLCHAIN_GCC_CR/libmbed.a(Serial.o)
                0x0000000000001878                non-virtual thunk to mbed::Serial::_putc(int)
 .text._ZN4mbed6SerialC2E7PinNameS1_PKc
                0x0000000000001880       0x30 /Users/shinkichi/Documents/MCUXpressoIDE_10.0.2/workspace/LabProject/mbed/TARGET_LPC1768/TOOLCHAIN_GCC_CR/libmbed.a(Serial.o)
                0x0000000000001880                mbed::Serial::Serial(PinName, PinName, char const*)
                0x0000000000001880                mbed::Serial::Serial(PinName, PinName, char const*)
 .text._ZN4mbed10SerialBase12_irq_handlerEm9SerialIrq
                0x00000000000018b0       0x28 /Users/shinkichi/Documents/MCUXpressoIDE_10.0.2/workspace/LabProject/mbed/TARGET_LPC1768/TOOLCHAIN_GCC_CR/libmbed.a(SerialBase.o)
                0x00000000000018b0                mbed::SerialBase::_irq_handler(unsigned long, SerialIrq)
 .text._ZN4mbed10SerialBaseC2E7PinNameS1_
                0x00000000000018d8       0x3c /Users/shinkichi/Documents/MCUXpressoIDE_10.0.2/workspace/LabProject/mbed/TARGET_LPC1768/TOOLCHAIN_GCC_CR/libmbed.a(SerialBase.o)
                0x00000000000018d8                mbed::SerialBase::SerialBase(PinName, PinName)
                0x00000000000018d8                mbed::SerialBase::SerialBase(PinName, PinName)
 .text._ZN4mbed10SerialBase4baudEi
                0x0000000000001914       0x10 /Users/shinkichi/Documents/MCUXpressoIDE_10.0.2/workspace/LabProject/mbed/TARGET_LPC1768/TOOLCHAIN_GCC_CR/libmbed.a(SerialBase.o)
                0x0000000000001914                mbed::SerialBase::baud(int)
 .text._ZN4mbed10SerialBase10_base_getcEv
                0x0000000000001924        0x8 /Users/shinkichi/Documents/MCUXpressoIDE_10.0.2/workspace/LabProject/mbed/TARGET_LPC1768/TOOLCHAIN_GCC_CR/libmbed.a(SerialBase.o)
                0x0000000000001924                mbed::SerialBase::_base_getc()
 .text._ZN4mbed10SerialBase10_base_putcEi
                0x000000000000192c       0x10 /Users/shinkichi/Documents/MCUXpressoIDE_10.0.2/workspace/LabProject/mbed/TARGET_LPC1768/TOOLCHAIN_GCC_CR/libmbed.a(SerialBase.o)
                0x000000000000192c                mbed::SerialBase::_base_putc(int)
 .text._ZN4mbed7Timeout7handlerEv
                0x000000000000193c       0x1c /Users/shinkichi/Documents/MCUXpressoIDE_10.0.2/workspace/LabProject/mbed/TARGET_LPC1768/TOOLCHAIN_GCC_CR/libmbed.a(Timeout.o)
                0x000000000000193c                mbed::Timeout::handler()
 .text._ZN4mbed6Stream5closeEv
                0x0000000000001958        0x4 /Users/shinkichi/Documents/MCUXpressoIDE_10.0.2/workspace/LabProject/mbed/TARGET_LPC1768/TOOLCHAIN_GCC_CR/libmbed.a(Stream.o)
                0x0000000000001958                mbed::Stream::close()
 .text._ZN4mbed6Stream5writeEPKvj
                0x000000000000195c       0x30 /Users/shinkichi/Documents/MCUXpressoIDE_10.0.2/workspace/LabProject/mbed/TARGET_LPC1768/TOOLCHAIN_GCC_CR/libmbed.a(Stream.o)
                0x000000000000195c                mbed::Stream::write(void const*, unsigned int)
 .text._ZN4mbed6Stream4readEPvj
                0x000000000000198c       0x30 /Users/shinkichi/Documents/MCUXpressoIDE_10.0.2/workspace/LabProject/mbed/TARGET_LPC1768/TOOLCHAIN_GCC_CR/libmbed.a(Stream.o)
                0x000000000000198c                mbed::Stream::read(void*, unsigned int)
 .text._ZN4mbed6Stream5lseekEli
                0x00000000000019bc        0x4 /Users/shinkichi/Documents/MCUXpressoIDE_10.0.2/workspace/LabProject/mbed/TARGET_LPC1768/TOOLCHAIN_GCC_CR/libmbed.a(Stream.o)
                0x00000000000019bc                mbed::Stream::lseek(long, int)
 .text._ZN4mbed6Stream6isattyEv
                0x00000000000019c0        0x4 /Users/shinkichi/Documents/MCUXpressoIDE_10.0.2/workspace/LabProject/mbed/TARGET_LPC1768/TOOLCHAIN_GCC_CR/libmbed.a(Stream.o)
                0x00000000000019c0                mbed::Stream::isatty()
 .text._ZN4mbed6Stream5fsyncEv
                0x00000000000019c4        0x4 /Users/shinkichi/Documents/MCUXpressoIDE_10.0.2/workspace/LabProject/mbed/TARGET_LPC1768/TOOLCHAIN_GCC_CR/libmbed.a(Stream.o)
                0x00000000000019c4                mbed::Stream::fsync()
 .text._ZN4mbed6Stream4flenEv
                0x00000000000019c8        0x4 /Users/shinkichi/Documents/MCUXpressoIDE_10.0.2/workspace/LabProject/mbed/TARGET_LPC1768/TOOLCHAIN_GCC_CR/libmbed.a(Stream.o)
                0x00000000000019c8                mbed::Stream::flen()
 .text._ZN4mbed6StreamD2Ev
                0x00000000000019cc       0x24 /Users/shinkichi/Documents/MCUXpressoIDE_10.0.2/workspace/LabProject/mbed/TARGET_LPC1768/TOOLCHAIN_GCC_CR/libmbed.a(Stream.o)
                0x00000000000019cc                mbed::Stream::~Stream()
                0x00000000000019cc                mbed::Stream::~Stream()
 .text._ZThn4_N4mbed6StreamD1Ev
                0x00000000000019f0        0x8 /Users/shinkichi/Documents/MCUXpressoIDE_10.0.2/workspace/LabProject/mbed/TARGET_LPC1768/TOOLCHAIN_GCC_CR/libmbed.a(Stream.o)
                0x00000000000019f0                non-virtual thunk to mbed::Stream::~Stream()
 .text._ZN4mbed6StreamD0Ev
                0x00000000000019f8       0x14 /Users/shinkichi/Documents/MCUXpressoIDE_10.0.2/workspace/LabProject/mbed/TARGET_LPC1768/TOOLCHAIN_GCC_CR/libmbed.a(Stream.o)
                0x00000000000019f8                mbed::Stream::~Stream()
 .text._ZThn4_N4mbed6StreamD0Ev
                0x0000000000001a0c        0x8 /Users/shinkichi/Documents/MCUXpressoIDE_10.0.2/workspace/LabProject/mbed/TARGET_LPC1768/TOOLCHAIN_GCC_CR/libmbed.a(Stream.o)
                0x0000000000001a0c                non-virtual thunk to mbed::Stream::~Stream()
 .text._ZN4mbed6StreamC2EPKc
                0x0000000000001a14       0x44 /Users/shinkichi/Documents/MCUXpressoIDE_10.0.2/workspace/LabProject/mbed/TARGET_LPC1768/TOOLCHAIN_GCC_CR/libmbed.a(Stream.o)
                0x0000000000001a14                mbed::Stream::Stream(char const*)
                0x0000000000001a14                mbed::Stream::Stream(char const*)
 .text._ZN4mbed6TickerD2Ev
                0x0000000000001a58       0x20 /Users/shinkichi/Documents/MCUXpressoIDE_10.0.2/workspace/LabProject/mbed/TARGET_LPC1768/TOOLCHAIN_GCC_CR/libmbed.a(Ticker.o)
                0x0000000000001a58                mbed::Ticker::~Ticker()
                0x0000000000001a58                mbed::Ticker::~Ticker()
 .text._ZN4mbed6Ticker7handlerEv
                0x0000000000001a78       0x28 /Users/shinkichi/Documents/MCUXpressoIDE_10.0.2/workspace/LabProject/mbed/TARGET_LPC1768/TOOLCHAIN_GCC_CR/libmbed.a(Ticker.o)
                0x0000000000001a78                mbed::Ticker::handler()
 .text._ZN4mbed6TickerD0Ev
                0x0000000000001aa0       0x28 /Users/shinkichi/Documents/MCUXpressoIDE_10.0.2/workspace/LabProject/mbed/TARGET_LPC1768/TOOLCHAIN_GCC_CR/libmbed.a(Ticker.o)
                0x0000000000001aa0                mbed::Ticker::~Ticker()
 .text._ZN4mbed6Ticker6detachEv
                0x0000000000001ac8       0x10 /Users/shinkichi/Documents/MCUXpressoIDE_10.0.2/workspace/LabProject/mbed/TARGET_LPC1768/TOOLCHAIN_GCC_CR/libmbed.a(Ticker.o)
                0x0000000000001ac8                mbed::Ticker::detach()
 .text._ZN4mbed5Timer9slicetimeEv.part.0
                0x0000000000001ad8       0x10 /Users/shinkichi/Documents/MCUXpressoIDE_10.0.2/workspace/LabProject/mbed/TARGET_LPC1768/TOOLCHAIN_GCC_CR/libmbed.a(Timer.o)
 .text._ZN4mbed5TimerC2Ev
                0x0000000000001ae8       0x20 /Users/shinkichi/Documents/MCUXpressoIDE_10.0.2/workspace/LabProject/mbed/TARGET_LPC1768/TOOLCHAIN_GCC_CR/libmbed.a(Timer.o)
                0x0000000000001ae8                mbed::Timer::Timer()
                0x0000000000001ae8                mbed::Timer::Timer()
 .text._ZN4mbed5Timer5startEv
                0x0000000000001b08       0x18 /Users/shinkichi/Documents/MCUXpressoIDE_10.0.2/workspace/LabProject/mbed/TARGET_LPC1768/TOOLCHAIN_GCC_CR/libmbed.a(Timer.o)
                0x0000000000001b08                mbed::Timer::start()
 .text._ZN4mbed5Timer4stopEv
                0x0000000000001b20       0x1c /Users/shinkichi/Documents/MCUXpressoIDE_10.0.2/workspace/LabProject/mbed/TARGET_LPC1768/TOOLCHAIN_GCC_CR/libmbed.a(Timer.o)
                0x0000000000001b20                mbed::Timer::stop()
 .text._ZN4mbed5Timer7read_usEv
                0x0000000000001b3c       0x14 /Users/shinkichi/Documents/MCUXpressoIDE_10.0.2/workspace/LabProject/mbed/TARGET_LPC1768/TOOLCHAIN_GCC_CR/libmbed.a(Timer.o)
                0x0000000000001b3c                mbed::Timer::read_us()
 .text._ZN4mbed5Timer5resetEv
                0x0000000000001b50       0x14 /Users/shinkichi/Documents/MCUXpressoIDE_10.0.2/workspace/LabProject/mbed/TARGET_LPC1768/TOOLCHAIN_GCC_CR/libmbed.a(Timer.o)
                0x0000000000001b50                mbed::Timer::reset()
 .text.mbed_assert_internal
                0x0000000000001b64       0x18 /Users/shinkichi/Documents/MCUXpressoIDE_10.0.2/workspace/LabProject/mbed/TARGET_LPC1768/TOOLCHAIN_GCC_CR/libmbed.a(assert.o)
                0x0000000000001b64                mbed_assert_internal
 .text._ZN4mbed10TimerEvent3irqEm
                0x0000000000001b7c        0xc /Users/shinkichi/Documents/MCUXpressoIDE_10.0.2/workspace/LabProject/mbed/TARGET_LPC1768/TOOLCHAIN_GCC_CR/libmbed.a(TimerEvent.o)
                0x0000000000001b7c                mbed::TimerEvent::irq(unsigned long)
 .text._ZN4mbed10TimerEventD2Ev
                0x0000000000001b88       0x18 /Users/shinkichi/Documents/MCUXpressoIDE_10.0.2/workspace/LabProject/mbed/TARGET_LPC1768/TOOLCHAIN_GCC_CR/libmbed.a(TimerEvent.o)
                0x0000000000001b88                mbed::TimerEvent::~TimerEvent()
                0x0000000000001b88                mbed::TimerEvent::~TimerEvent()
 .text._ZN4mbed10TimerEventD0Ev
                0x0000000000001ba0       0x20 /Users/shinkichi/Documents/MCUXpressoIDE_10.0.2/workspace/LabProject/mbed/TARGET_LPC1768/TOOLCHAIN_GCC_CR/libmbed.a(TimerEvent.o)
                0x0000000000001ba0                mbed::TimerEvent::~TimerEvent()
 .text._ZN4mbed10TimerEventC2Ev
                0x0000000000001bc0       0x28 /Users/shinkichi/Documents/MCUXpressoIDE_10.0.2/workspace/LabProject/mbed/TARGET_LPC1768/TOOLCHAIN_GCC_CR/libmbed.a(TimerEvent.o)
                0x0000000000001bc0                mbed::TimerEvent::TimerEvent()
                0x0000000000001bc0                mbed::TimerEvent::TimerEvent()
 .text._ZN4mbed10TimerEvent6insertEm
                0x0000000000001be8        0xc /Users/shinkichi/Documents/MCUXpressoIDE_10.0.2/workspace/LabProject/mbed/TARGET_LPC1768/TOOLCHAIN_GCC_CR/libmbed.a(TimerEvent.o)
                0x0000000000001be8                mbed::TimerEvent::insert(unsigned long)
 .text._ZN4mbed10TimerEvent6removeEv
                0x0000000000001bf4        0xc /Users/shinkichi/Documents/MCUXpressoIDE_10.0.2/workspace/LabProject/mbed/TARGET_LPC1768/TOOLCHAIN_GCC_CR/libmbed.a(TimerEvent.o)
                0x0000000000001bf4                mbed::TimerEvent::remove()
 .text.error    0x0000000000001c00       0x24 /Users/shinkichi/Documents/MCUXpressoIDE_10.0.2/workspace/LabProject/mbed/TARGET_LPC1768/TOOLCHAIN_GCC_CR/libmbed.a(error.o)
                0x0000000000001c00                error
 .text.gpio_init_in
                0x0000000000001c24       0x24 /Users/shinkichi/Documents/MCUXpressoIDE_10.0.2/workspace/LabProject/mbed/TARGET_LPC1768/TOOLCHAIN_GCC_CR/libmbed.a(gpio.o)
                0x0000000000001c24                gpio_init_in
 .text.gpio_init_out
                0x0000000000001c48       0x44 /Users/shinkichi/Documents/MCUXpressoIDE_10.0.2/workspace/LabProject/mbed/TARGET_LPC1768/TOOLCHAIN_GCC_CR/libmbed.a(gpio.o)
                0x0000000000001c48                gpio_init_out
 .text.gpio_init_out_ex
                0x0000000000001c8c       0x54 /Users/shinkichi/Documents/MCUXpressoIDE_10.0.2/workspace/LabProject/mbed/TARGET_LPC1768/TOOLCHAIN_GCC_CR/libmbed.a(gpio.o)
                0x0000000000001c8c                gpio_init_out_ex
 .text.mbed_interface_connected
                0x0000000000001ce0        0x4 /Users/shinkichi/Documents/MCUXpressoIDE_10.0.2/workspace/LabProject/mbed/TARGET_LPC1768/TOOLCHAIN_GCC_CR/libmbed.a(mbed_interface.o)
                0x0000000000001ce0                mbed_interface_connected
 .text.pinmap_pinout
                0x0000000000001ce4       0x40 /Users/shinkichi/Documents/MCUXpressoIDE_10.0.2/workspace/LabProject/mbed/TARGET_LPC1768/TOOLCHAIN_GCC_CR/libmbed.a(pinmap_common.o)
                0x0000000000001ce4                pinmap_pinout
 .text.pinmap_merge
                0x0000000000001d24       0x24 /Users/shinkichi/Documents/MCUXpressoIDE_10.0.2/workspace/LabProject/mbed/TARGET_LPC1768/TOOLCHAIN_GCC_CR/libmbed.a(pinmap_common.o)
                0x0000000000001d24                pinmap_merge
 .text.pinmap_find_peripheral
                0x0000000000001d48       0x1c /Users/shinkichi/Documents/MCUXpressoIDE_10.0.2/workspace/LabProject/mbed/TARGET_LPC1768/TOOLCHAIN_GCC_CR/libmbed.a(pinmap_common.o)
                0x0000000000001d48                pinmap_find_peripheral
 .text.pinmap_peripheral
                0x0000000000001d64       0x34 /Users/shinkichi/Documents/MCUXpressoIDE_10.0.2/workspace/LabProject/mbed/TARGET_LPC1768/TOOLCHAIN_GCC_CR/libmbed.a(pinmap_common.o)
                0x0000000000001d64                pinmap_peripheral
 .text.semihost_exit
                0x0000000000001d98       0x18 /Users/shinkichi/Documents/MCUXpressoIDE_10.0.2/workspace/LabProject/mbed/TARGET_LPC1768/TOOLCHAIN_GCC_CR/libmbed.a(semihost_api.o)
                0x0000000000001d98                semihost_exit
 .text.semihost_connected
                0x0000000000001db0       0x10 /Users/shinkichi/Documents/MCUXpressoIDE_10.0.2/workspace/LabProject/mbed/TARGET_LPC1768/TOOLCHAIN_GCC_CR/libmbed.a(semihost_api.o)
                0x0000000000001db0                semihost_connected
 .text.wait_us  0x0000000000001dc0       0x18 /Users/shinkichi/Documents/MCUXpressoIDE_10.0.2/workspace/LabProject/mbed/TARGET_LPC1768/TOOLCHAIN_GCC_CR/libmbed.a(wait_api.o)
                0x0000000000001dc0                wait_us
 .text.wait     0x0000000000001dd8       0x18 /Users/shinkichi/Documents/MCUXpressoIDE_10.0.2/workspace/LabProject/mbed/TARGET_LPC1768/TOOLCHAIN_GCC_CR/libmbed.a(wait_api.o)
                0x0000000000001dd8                wait
 .text.wait_ms  0x0000000000001df0        0xc /Users/shinkichi/Documents/MCUXpressoIDE_10.0.2/workspace/LabProject/mbed/TARGET_LPC1768/TOOLCHAIN_GCC_CR/libmbed.a(wait_api.o)
                0x0000000000001df0                wait_ms
 .text.ticker_set_handler
                0x0000000000001dfc       0x14 /Users/shinkichi/Documents/MCUXpressoIDE_10.0.2/workspace/LabProject/mbed/TARGET_LPC1768/TOOLCHAIN_GCC_CR/libmbed.a(ticker_api.o)
                0x0000000000001dfc                ticker_set_handler
 .text.ticker_irq_handler
                0x0000000000001e10       0x48 /Users/shinkichi/Documents/MCUXpressoIDE_10.0.2/workspace/LabProject/mbed/TARGET_LPC1768/TOOLCHAIN_GCC_CR/libmbed.a(ticker_api.o)
                0x0000000000001e10                ticker_irq_handler
 .text.ticker_insert_event
                0x0000000000001e58       0x48 /Users/shinkichi/Documents/MCUXpressoIDE_10.0.2/workspace/LabProject/mbed/TARGET_LPC1768/TOOLCHAIN_GCC_CR/libmbed.a(ticker_api.o)
                0x0000000000001e58                ticker_insert_event
 .text.ticker_remove_event
                0x0000000000001ea0       0x48 /Users/shinkichi/Documents/MCUXpressoIDE_10.0.2/workspace/LabProject/mbed/TARGET_LPC1768/TOOLCHAIN_GCC_CR/libmbed.a(ticker_api.o)
                0x0000000000001ea0                ticker_remove_event
 .text.ticker_read
                0x0000000000001ee8        0xc /Users/shinkichi/Documents/MCUXpressoIDE_10.0.2/workspace/LabProject/mbed/TARGET_LPC1768/TOOLCHAIN_GCC_CR/libmbed.a(ticker_api.o)
                0x0000000000001ee8                ticker_read
 .text.get_us_ticker_data
                0x0000000000001ef4        0x8 /Users/shinkichi/Documents/MCUXpressoIDE_10.0.2/workspace/LabProject/mbed/TARGET_LPC1768/TOOLCHAIN_GCC_CR/libmbed.a(us_ticker_api.o)
                0x0000000000001ef4                get_us_ticker_data
 .text.us_ticker_irq_handler
                0x0000000000001efc        0xc /Users/shinkichi/Documents/MCUXpressoIDE_10.0.2/workspace/LabProject/mbed/TARGET_LPC1768/TOOLCHAIN_GCC_CR/libmbed.a(us_ticker_api.o)
                0x0000000000001efc                us_ticker_irq_handler
 .text.can_irq_init
                0x0000000000001f08       0x1c /Users/shinkichi/Documents/MCUXpressoIDE_10.0.2/workspace/LabProject/mbed/TARGET_LPC1768/TOOLCHAIN_GCC_CR/libmbed.a(can_api.o)
                0x0000000000001f08                can_irq_init
 .text.can_irq_free
                0x0000000000001f24       0x30 /Users/shinkichi/Documents/MCUXpressoIDE_10.0.2/workspace/LabProject/mbed/TARGET_LPC1768/TOOLCHAIN_GCC_CR/libmbed.a(can_api.o)
                0x0000000000001f24                can_irq_free
 .text.can_free
                0x0000000000001f54       0x3c /Users/shinkichi/Documents/MCUXpressoIDE_10.0.2/workspace/LabProject/mbed/TARGET_LPC1768/TOOLCHAIN_GCC_CR/libmbed.a(can_api.o)
                0x0000000000001f54                can_free
 .text.can_frequency
                0x0000000000001f90       0xc8 /Users/shinkichi/Documents/MCUXpressoIDE_10.0.2/workspace/LabProject/mbed/TARGET_LPC1768/TOOLCHAIN_GCC_CR/libmbed.a(can_api.o)
                0x0000000000001f90                can_frequency
 .text.can_init
                0x0000000000002058       0xd0 /Users/shinkichi/Documents/MCUXpressoIDE_10.0.2/workspace/LabProject/mbed/TARGET_LPC1768/TOOLCHAIN_GCC_CR/libmbed.a(can_api.o)
                0x0000000000002058                can_init
 .text.gpio_set
                0x0000000000002128       0x30 /Users/shinkichi/Documents/MCUXpressoIDE_10.0.2/workspace/LabProject/mbed/TARGET_LPC1768/TOOLCHAIN_GCC_CR/libmbed.a(gpio_api.o)
                0x0000000000002128                gpio_set
 .text.gpio_init
                0x0000000000002158       0x30 /Users/shinkichi/Documents/MCUXpressoIDE_10.0.2/workspace/LabProject/mbed/TARGET_LPC1768/TOOLCHAIN_GCC_CR/libmbed.a(gpio_api.o)
                0x0000000000002158                gpio_init
 .text.gpio_mode
                0x0000000000002188        0x8 /Users/shinkichi/Documents/MCUXpressoIDE_10.0.2/workspace/LabProject/mbed/TARGET_LPC1768/TOOLCHAIN_GCC_CR/libmbed.a(gpio_api.o)
                0x0000000000002188                gpio_mode
 .text.gpio_dir
                0x0000000000002190       0x44 /Users/shinkichi/Documents/MCUXpressoIDE_10.0.2/workspace/LabProject/mbed/TARGET_LPC1768/TOOLCHAIN_GCC_CR/libmbed.a(gpio_api.o)
                0x0000000000002190                gpio_dir
 .text.handle_interrupt_in
                0x00000000000021d4      0x118 /Users/shinkichi/Documents/MCUXpressoIDE_10.0.2/workspace/LabProject/mbed/TARGET_LPC1768/TOOLCHAIN_GCC_CR/libmbed.a(gpio_irq_api.o)
 .text.gpio_irq_init
                0x00000000000022ec       0x70 /Users/shinkichi/Documents/MCUXpressoIDE_10.0.2/workspace/LabProject/mbed/TARGET_LPC1768/TOOLCHAIN_GCC_CR/libmbed.a(gpio_irq_api.o)
                0x00000000000022ec                gpio_irq_init
 .text.gpio_irq_free
                0x000000000000235c       0x10 /Users/shinkichi/Documents/MCUXpressoIDE_10.0.2/workspace/LabProject/mbed/TARGET_LPC1768/TOOLCHAIN_GCC_CR/libmbed.a(gpio_irq_api.o)
                0x000000000000235c                gpio_irq_free
 .text.gpio_irq_set
                0x000000000000236c       0xd8 /Users/shinkichi/Documents/MCUXpressoIDE_10.0.2/workspace/LabProject/mbed/TARGET_LPC1768/TOOLCHAIN_GCC_CR/libmbed.a(gpio_irq_api.o)
                0x000000000000236c                gpio_irq_set
 .text.pin_function
                0x0000000000002444       0x50 /Users/shinkichi/Documents/MCUXpressoIDE_10.0.2/workspace/LabProject/mbed/TARGET_LPC1768/TOOLCHAIN_GCC_CR/libmbed.a(pinmap.o)
                0x0000000000002444                pin_function
 .text.pin_mode
                0x0000000000002494       0x78 /Users/shinkichi/Documents/MCUXpressoIDE_10.0.2/workspace/LabProject/mbed/TARGET_LPC1768/TOOLCHAIN_GCC_CR/libmbed.a(pinmap.o)
                0x0000000000002494                pin_mode
 .text.us_ticker_init
                0x000000000000250c       0x68 /Users/shinkichi/Documents/MCUXpressoIDE_10.0.2/workspace/LabProject/mbed/TARGET_LPC1768/TOOLCHAIN_GCC_CR/libmbed.a(us_ticker.o)
                0x000000000000250c                us_ticker_init
 .text.us_ticker_read
                0x0000000000002574       0x1c /Users/shinkichi/Documents/MCUXpressoIDE_10.0.2/workspace/LabProject/mbed/TARGET_LPC1768/TOOLCHAIN_GCC_CR/libmbed.a(us_ticker.o)
                0x0000000000002574                us_ticker_read
 .text.us_ticker_set_interrupt
                0x0000000000002590       0x14 /Users/shinkichi/Documents/MCUXpressoIDE_10.0.2/workspace/LabProject/mbed/TARGET_LPC1768/TOOLCHAIN_GCC_CR/libmbed.a(us_ticker.o)
                0x0000000000002590                us_ticker_set_interrupt
 .text.us_ticker_disable_interrupt
                0x00000000000025a4       0x10 /Users/shinkichi/Documents/MCUXpressoIDE_10.0.2/workspace/LabProject/mbed/TARGET_LPC1768/TOOLCHAIN_GCC_CR/libmbed.a(us_ticker.o)
                0x00000000000025a4                us_ticker_disable_interrupt
 .text.us_ticker_clear_interrupt
                0x00000000000025b4        0xc /Users/shinkichi/Documents/MCUXpressoIDE_10.0.2/workspace/LabProject/mbed/TARGET_LPC1768/TOOLCHAIN_GCC_CR/libmbed.a(us_ticker.o)
                0x00000000000025b4                us_ticker_clear_interrupt
 .text._ZN4mbed8FileLikeD2Ev
                0x00000000000025c0       0x24 /Users/shinkichi/Documents/MCUXpressoIDE_10.0.2/workspace/LabProject/mbed/TARGET_LPC1768/TOOLCHAIN_GCC_CR/libmbed.a(FileLike.o)
                0x00000000000025c0                mbed::FileLike::~FileLike()
                0x00000000000025c0                mbed::FileLike::~FileLike()
 .text._ZThn4_N4mbed8FileLikeD1Ev
                0x00000000000025e4        0x8 /Users/shinkichi/Documents/MCUXpressoIDE_10.0.2/workspace/LabProject/mbed/TARGET_LPC1768/TOOLCHAIN_GCC_CR/libmbed.a(FileLike.o)
                0x00000000000025e4                non-virtual thunk to mbed::FileLike::~FileLike()
 .text._ZN4mbed8FileLikeD0Ev
                0x00000000000025ec       0x2c /Users/shinkichi/Documents/MCUXpressoIDE_10.0.2/workspace/LabProject/mbed/TARGET_LPC1768/TOOLCHAIN_GCC_CR/libmbed.a(FileLike.o)
                0x00000000000025ec                mbed::FileLike::~FileLike()
 .text._ZThn4_N4mbed8FileLikeD0Ev
                0x0000000000002618        0x8 /Users/shinkichi/Documents/MCUXpressoIDE_10.0.2/workspace/LabProject/mbed/TARGET_LPC1768/TOOLCHAIN_GCC_CR/libmbed.a(FileLike.o)
                0x0000000000002618                non-virtual thunk to mbed::FileLike::~FileLike()
 .text._ZN4mbed8FileLikeC2EPKc
                0x0000000000002620       0x28 /Users/shinkichi/Documents/MCUXpressoIDE_10.0.2/workspace/LabProject/mbed/TARGET_LPC1768/TOOLCHAIN_GCC_CR/libmbed.a(FileLike.o)
                0x0000000000002620                mbed::FileLike::FileLike(char const*)
                0x0000000000002620                mbed::FileLike::FileLike(char const*)
 .text._ZN4mbed8FileBaseD2Ev
                0x0000000000002648       0x30 /Users/shinkichi/Documents/MCUXpressoIDE_10.0.2/workspace/LabProject/mbed/TARGET_LPC1768/TOOLCHAIN_GCC_CR/libmbed.a(FileBase.o)
                0x0000000000002648                mbed::FileBase::~FileBase()
                0x0000000000002648                mbed::FileBase::~FileBase()
 .text._ZN4mbed8FileBaseD0Ev
                0x0000000000002678       0x3c /Users/shinkichi/Documents/MCUXpressoIDE_10.0.2/workspace/LabProject/mbed/TARGET_LPC1768/TOOLCHAIN_GCC_CR/libmbed.a(FileBase.o)
                0x0000000000002678                mbed::FileBase::~FileBase()
 .text._ZN4mbed8FileBaseC2EPKcNS_8PathTypeE
                0x00000000000026b4       0x28 /Users/shinkichi/Documents/MCUXpressoIDE_10.0.2/workspace/LabProject/mbed/TARGET_LPC1768/TOOLCHAIN_GCC_CR/libmbed.a(FileBase.o)
                0x00000000000026b4                mbed::FileBase::FileBase(char const*, mbed::PathType)
                0x00000000000026b4                mbed::FileBase::FileBase(char const*, mbed::PathType)
 .text._ZN4mbed8FileBase6lookupEPKcj
                0x00000000000026dc       0x3c /Users/shinkichi/Documents/MCUXpressoIDE_10.0.2/workspace/LabProject/mbed/TARGET_LPC1768/TOOLCHAIN_GCC_CR/libmbed.a(FileBase.o)
                0x00000000000026dc                mbed::FileBase::lookup(char const*, unsigned int)
 .text._ZN4mbed8FileBase11getPathTypeEv
                0x0000000000002718        0x4 /Users/shinkichi/Documents/MCUXpressoIDE_10.0.2/workspace/LabProject/mbed/TARGET_LPC1768/TOOLCHAIN_GCC_CR/libmbed.a(FileBase.o)
                0x0000000000002718                mbed::FileBase::getPathType()
 .text          0x000000000000271c      0x370 /Applications/MCUXpressoIDE_10.0.2_411/ide/tools/bin/../lib/gcc/arm-none-eabi/5.4.1/armv7-m/libgcc.a(_arm_addsubdf3.o)
                0x000000000000271c                __aeabi_drsub
                0x0000000000002724                __subdf3
                0x0000000000002724                __aeabi_dsub
                0x0000000000002728                __aeabi_dadd
                0x0000000000002728                __adddf3
                0x00000000000029a0                __aeabi_ui2d
                0x00000000000029a0                __floatunsidf
                0x00000000000029c0                __floatsidf
                0x00000000000029c0                __aeabi_i2d
                0x00000000000029e4                __extendsfdf2
                0x00000000000029e4                __aeabi_f2d
                0x0000000000002a20                __aeabi_ul2d
                0x0000000000002a20                __floatundidf
                0x0000000000002a30                __aeabi_l2d
                0x0000000000002a30                __floatdidf
 .text          0x0000000000002a8c      0x424 /Applications/MCUXpressoIDE_10.0.2_411/ide/tools/bin/../lib/gcc/arm-none-eabi/5.4.1/armv7-m/libgcc.a(_arm_muldivdf3.o)
                0x0000000000002a8c                __aeabi_dmul
                0x0000000000002a8c                __muldf3
                0x0000000000002ce0                __aeabi_ddiv
                0x0000000000002ce0                __divdf3
 .text          0x0000000000002eb0      0x110 /Applications/MCUXpressoIDE_10.0.2_411/ide/tools/bin/../lib/gcc/arm-none-eabi/5.4.1/armv7-m/libgcc.a(_arm_cmpdf2.o)
                0x0000000000002eb0                __gedf2
                0x0000000000002eb0                __gtdf2
                0x0000000000002eb8                __ledf2
                0x0000000000002eb8                __ltdf2
                0x0000000000002ec0                __cmpdf2
                0x0000000000002ec0                __eqdf2
                0x0000000000002ec0                __nedf2
                0x0000000000002f3c                __aeabi_cdrcmple
                0x0000000000002f4c                __aeabi_cdcmple
                0x0000000000002f4c                __aeabi_cdcmpeq
                0x0000000000002f5c                __aeabi_dcmpeq
                0x0000000000002f70                __aeabi_dcmplt
                0x0000000000002f84                __aeabi_dcmple
                0x0000000000002f98                __aeabi_dcmpge
                0x0000000000002fac                __aeabi_dcmpgt
 .text          0x0000000000002fc0       0x50 /Applications/MCUXpressoIDE_10.0.2_411/ide/tools/bin/../lib/gcc/arm-none-eabi/5.4.1/armv7-m/libgcc.a(_arm_fixdfsi.o)
                0x0000000000002fc0                __fixdfsi
                0x0000000000002fc0                __aeabi_d2iz
 .text          0x0000000000003010      0x21c /Applications/MCUXpressoIDE_10.0.2_411/ide/tools/bin/../lib/gcc/arm-none-eabi/5.4.1/armv7-m/libgcc.a(_arm_addsubsf3.o)
                0x0000000000003010                __aeabi_frsub
                0x0000000000003018                __aeabi_fsub
                0x0000000000003018                __subsf3
                0x000000000000301c                __aeabi_fadd
                0x000000000000301c                __addsf3
                0x000000000000317c                __aeabi_ui2f
                0x000000000000317c                __floatunsisf
                0x0000000000003184                __floatsisf
                0x0000000000003184                __aeabi_i2f
                0x00000000000031a0                __aeabi_ul2f
                0x00000000000031a0                __floatundisf
                0x00000000000031b0                __aeabi_l2f
                0x00000000000031b0                __floatdisf
 .text          0x000000000000322c      0x2a0 /Applications/MCUXpressoIDE_10.0.2_411/ide/tools/bin/../lib/gcc/arm-none-eabi/5.4.1/armv7-m/libgcc.a(_arm_muldivsf3.o)
                0x000000000000322c                __mulsf3
                0x000000000000322c                __aeabi_fmul
                0x0000000000003394                __divsf3
                0x0000000000003394                __aeabi_fdiv
 .text          0x00000000000034cc       0x4c /Applications/MCUXpressoIDE_10.0.2_411/ide/tools/bin/../lib/gcc/arm-none-eabi/5.4.1/armv7-m/libgcc.a(_arm_fixsfsi.o)
                0x00000000000034cc                __fixsfsi
                0x00000000000034cc                __aeabi_f2iz
 .text          0x0000000000003518       0x40 /Applications/MCUXpressoIDE_10.0.2_411/ide/tools/bin/../lib/gcc/arm-none-eabi/5.4.1/armv7-m/libgcc.a(_arm_fixunssfsi.o)
                0x0000000000003518                __aeabi_f2uiz
                0x0000000000003518                __fixunssfsi
 .text          0x0000000000003558       0x30 /Applications/MCUXpressoIDE_10.0.2_411/ide/tools/bin/../lib/gcc/arm-none-eabi/5.4.1/armv7-m/libgcc.a(_aeabi_uldivmod.o)
                0x0000000000003558                __aeabi_uldivmod
 .text          0x0000000000003588      0x2ec /Applications/MCUXpressoIDE_10.0.2_411/ide/tools/bin/../lib/gcc/arm-none-eabi/5.4.1/armv7-m/libgcc.a(_udivmoddi4.o)
                0x0000000000003588                __udivmoddi4
 .text          0x0000000000003874        0x4 /Applications/MCUXpressoIDE_10.0.2_411/ide/tools/bin/../lib/gcc/arm-none-eabi/5.4.1/armv7-m/libgcc.a(_dvmd_tls.o)
                0x0000000000003874                __aeabi_ldiv0
                0x0000000000003874                __aeabi_idiv0
 .text.abs      0x0000000000003878        0x8 /Applications/MCUXpressoIDE_10.0.2_411/ide/tools/bin/../lib/gcc/arm-none-eabi/5.4.1/../../../../arm-none-eabi/lib/armv7-m/libc.a(lib_a-abs.o)
                0x0000000000003878                abs
 .text.__errno  0x0000000000003880        0xc /Applications/MCUXpressoIDE_10.0.2_411/ide/tools/bin/../lib/gcc/arm-none-eabi/5.4.1/../../../../arm-none-eabi/lib/armv7-m/libc.a(lib_a-errno.o)
                0x0000000000003880                __errno
 .text._fclose_r
                0x000000000000388c       0x84 /Applications/MCUXpressoIDE_10.0.2_411/ide/tools/bin/../lib/gcc/arm-none-eabi/5.4.1/../../../../arm-none-eabi/lib/armv7-m/libc.a(lib_a-fclose.o)
                0x000000000000388c                _fclose_r
 .text.fclose   0x0000000000003910       0x10 /Applications/MCUXpressoIDE_10.0.2_411/ide/tools/bin/../lib/gcc/arm-none-eabi/5.4.1/../../../../arm-none-eabi/lib/armv7-m/libc.a(lib_a-fclose.o)
                0x0000000000003910                fclose
 .text.__sflush_r
                0x0000000000003920      0x148 /Applications/MCUXpressoIDE_10.0.2_411/ide/tools/bin/../lib/gcc/arm-none-eabi/5.4.1/../../../../arm-none-eabi/lib/armv7-m/libc.a(lib_a-fflush.o)
                0x0000000000003920                __sflush_r
 .text._fflush_r
                0x0000000000003a68       0x2c /Applications/MCUXpressoIDE_10.0.2_411/ide/tools/bin/../lib/gcc/arm-none-eabi/5.4.1/../../../../arm-none-eabi/lib/armv7-m/libc.a(lib_a-fflush.o)
                0x0000000000003a68                _fflush_r
 .text.fflush   0x0000000000003a94       0x24 /Applications/MCUXpressoIDE_10.0.2_411/ide/tools/bin/../lib/gcc/arm-none-eabi/5.4.1/../../../../arm-none-eabi/lib/armv7-m/libc.a(lib_a-fflush.o)
                0x0000000000003a94                fflush
 .text._cleanup_r
                0x0000000000003ab8        0xc /Applications/MCUXpressoIDE_10.0.2_411/ide/tools/bin/../lib/gcc/arm-none-eabi/5.4.1/../../../../arm-none-eabi/lib/armv7-m/libc.a(lib_a-findfp.o)
                0x0000000000003ab8                _cleanup_r
 .text.__sinit.part.1
                0x0000000000003ac4       0xf0 /Applications/MCUXpressoIDE_10.0.2_411/ide/tools/bin/../lib/gcc/arm-none-eabi/5.4.1/../../../../arm-none-eabi/lib/armv7-m/libc.a(lib_a-findfp.o)
 .text.__sfmoreglue
                0x0000000000003bb4       0x30 /Applications/MCUXpressoIDE_10.0.2_411/ide/tools/bin/../lib/gcc/arm-none-eabi/5.4.1/../../../../arm-none-eabi/lib/armv7-m/libc.a(lib_a-findfp.o)
                0x0000000000003bb4                __sfmoreglue
 .text.__sfp    0x0000000000003be4       0x88 /Applications/MCUXpressoIDE_10.0.2_411/ide/tools/bin/../lib/gcc/arm-none-eabi/5.4.1/../../../../arm-none-eabi/lib/armv7-m/libc.a(lib_a-findfp.o)
                0x0000000000003be4                __sfp
 .text.__sinit  0x0000000000003c6c        0xc /Applications/MCUXpressoIDE_10.0.2_411/ide/tools/bin/../lib/gcc/arm-none-eabi/5.4.1/../../../../arm-none-eabi/lib/armv7-m/libc.a(lib_a-findfp.o)
                0x0000000000003c6c                __sinit
 .text.__sfp_lock_acquire
                0x0000000000003c78        0x4 /Applications/MCUXpressoIDE_10.0.2_411/ide/tools/bin/../lib/gcc/arm-none-eabi/5.4.1/../../../../arm-none-eabi/lib/armv7-m/libc.a(lib_a-findfp.o)
                0x0000000000003c78                __sfp_lock_acquire
 .text.__sfp_lock_release
                0x0000000000003c7c        0x4 /Applications/MCUXpressoIDE_10.0.2_411/ide/tools/bin/../lib/gcc/arm-none-eabi/5.4.1/../../../../arm-none-eabi/lib/armv7-m/libc.a(lib_a-findfp.o)
                0x0000000000003c7c                __sfp_lock_release
 .text._fopen_r
                0x0000000000003c80       0x8c /Applications/MCUXpressoIDE_10.0.2_411/ide/tools/bin/../lib/gcc/arm-none-eabi/5.4.1/../../../../arm-none-eabi/lib/armv7-m/libc.a(lib_a-fopen.o)
                0x0000000000003c80                _fopen_r
 .text.fopen    0x0000000000003d0c       0x10 /Applications/MCUXpressoIDE_10.0.2_411/ide/tools/bin/../lib/gcc/arm-none-eabi/5.4.1/../../../../arm-none-eabi/lib/armv7-m/libc.a(lib_a-fopen.o)
                0x0000000000003d0c                fopen
 .text._malloc_trim_r
                0x0000000000003d1c       0x9c /Applications/MCUXpressoIDE_10.0.2_411/ide/tools/bin/../lib/gcc/arm-none-eabi/5.4.1/../../../../arm-none-eabi/lib/armv7-m/libc.a(lib_a-freer.o)
                0x0000000000003d1c                _malloc_trim_r
 .text._free_r  0x0000000000003db8      0x1d0 /Applications/MCUXpressoIDE_10.0.2_411/ide/tools/bin/../lib/gcc/arm-none-eabi/5.4.1/../../../../arm-none-eabi/lib/armv7-m/libc.a(lib_a-freer.o)
                0x0000000000003db8                _free_r
 .text._fseek_r
                0x0000000000003f88        0x4 /Applications/MCUXpressoIDE_10.0.2_411/ide/tools/bin/../lib/gcc/arm-none-eabi/5.4.1/../../../../arm-none-eabi/lib/armv7-m/libc.a(lib_a-fseek.o)
                0x0000000000003f88                _fseek_r
 .text._fseeko_r
                0x0000000000003f8c      0x2c4 /Applications/MCUXpressoIDE_10.0.2_411/ide/tools/bin/../lib/gcc/arm-none-eabi/5.4.1/../../../../arm-none-eabi/lib/armv7-m/libc.a(lib_a-fseeko.o)
                0x0000000000003f8c                _fseeko_r
 .text._fstat_r
                0x0000000000004250       0x28 /Applications/MCUXpressoIDE_10.0.2_411/ide/tools/bin/../lib/gcc/arm-none-eabi/5.4.1/../../../../arm-none-eabi/lib/armv7-m/libc.a(lib_a-fstatr.o)
                0x0000000000004250                _fstat_r
 .text.__sfvwrite_r
                0x0000000000004278      0x308 /Applications/MCUXpressoIDE_10.0.2_411/ide/tools/bin/../lib/gcc/arm-none-eabi/5.4.1/../../../../arm-none-eabi/lib/armv7-m/libc.a(lib_a-fvwrite.o)
                0x0000000000004278                __sfvwrite_r
 .text._fwalk   0x0000000000004580       0x48 /Applications/MCUXpressoIDE_10.0.2_411/ide/tools/bin/../lib/gcc/arm-none-eabi/5.4.1/../../../../arm-none-eabi/lib/armv7-m/libc.a(lib_a-fwalk.o)
                0x0000000000004580                _fwalk
 .text._fwalk_reent
                0x00000000000045c8       0x50 /Applications/MCUXpressoIDE_10.0.2_411/ide/tools/bin/../lib/gcc/arm-none-eabi/5.4.1/../../../../arm-none-eabi/lib/armv7-m/libc.a(lib_a-fwalk.o)
                0x00000000000045c8                _fwalk_reent
 .text.__libc_init_array
                0x0000000000004618       0x50 /Applications/MCUXpressoIDE_10.0.2_411/ide/tools/bin/../lib/gcc/arm-none-eabi/5.4.1/../../../../arm-none-eabi/lib/armv7-m/libc.a(lib_a-init.o)
                0x0000000000004618                __libc_init_array
 .text.__swhatbuf_r
                0x0000000000004668       0x60 /Applications/MCUXpressoIDE_10.0.2_411/ide/tools/bin/../lib/gcc/arm-none-eabi/5.4.1/../../../../arm-none-eabi/lib/armv7-m/libc.a(lib_a-makebuf.o)
                0x0000000000004668                __swhatbuf_r
 .text.__smakebuf_r
                0x00000000000046c8       0x88 /Applications/MCUXpressoIDE_10.0.2_411/ide/tools/bin/../lib/gcc/arm-none-eabi/5.4.1/../../../../arm-none-eabi/lib/armv7-m/libc.a(lib_a-makebuf.o)
                0x00000000000046c8                __smakebuf_r
 .text.malloc   0x0000000000004750       0x10 /Applications/MCUXpressoIDE_10.0.2_411/ide/tools/bin/../lib/gcc/arm-none-eabi/5.4.1/../../../../arm-none-eabi/lib/armv7-m/libc.a(lib_a-malloc.o)
                0x0000000000004750                malloc
 .text.free     0x0000000000004760       0x10 /Applications/MCUXpressoIDE_10.0.2_411/ide/tools/bin/../lib/gcc/arm-none-eabi/5.4.1/../../../../arm-none-eabi/lib/armv7-m/libc.a(lib_a-malloc.o)
                0x0000000000004760                free
 .text._malloc_r
                0x0000000000004770      0x558 /Applications/MCUXpressoIDE_10.0.2_411/ide/tools/bin/../lib/gcc/arm-none-eabi/5.4.1/../../../../arm-none-eabi/lib/armv7-m/libc.a(lib_a-mallocr.o)
                0x0000000000004770                _malloc_r
 .text.memchr   0x0000000000004cc8       0x8c /Applications/MCUXpressoIDE_10.0.2_411/ide/tools/bin/../lib/gcc/arm-none-eabi/5.4.1/../../../../arm-none-eabi/lib/armv7-m/libc.a(lib_a-memchr-stub.o)
                0x0000000000004cc8                memchr
 .text          0x0000000000004d54       0xec /Applications/MCUXpressoIDE_10.0.2_411/ide/tools/bin/../lib/gcc/arm-none-eabi/5.4.1/../../../../arm-none-eabi/lib/armv7-m/libc.a(lib_a-memcpy.o)
                0x0000000000004d54                memcpy
 .text.memmove  0x0000000000004e40       0xc8 /Applications/MCUXpressoIDE_10.0.2_411/ide/tools/bin/../lib/gcc/arm-none-eabi/5.4.1/../../../../arm-none-eabi/lib/armv7-m/libc.a(lib_a-memmove.o)
                0x0000000000004e40                memmove
 .text.memset   0x0000000000004f08       0x9c /Applications/MCUXpressoIDE_10.0.2_411/ide/tools/bin/../lib/gcc/arm-none-eabi/5.4.1/../../../../arm-none-eabi/lib/armv7-m/libc.a(lib_a-memset.o)
                0x0000000000004f08                memset
 .text.__malloc_lock
                0x0000000000004fa4        0x4 /Applications/MCUXpressoIDE_10.0.2_411/ide/tools/bin/../lib/gcc/arm-none-eabi/5.4.1/../../../../arm-none-eabi/lib/armv7-m/libc.a(lib_a-mlock.o)
                0x0000000000004fa4                __malloc_lock
 .text.__malloc_unlock
                0x0000000000004fa8        0x4 /Applications/MCUXpressoIDE_10.0.2_411/ide/tools/bin/../lib/gcc/arm-none-eabi/5.4.1/../../../../arm-none-eabi/lib/armv7-m/libc.a(lib_a-mlock.o)
                0x0000000000004fa8                __malloc_unlock
 .text._open_r  0x0000000000004fac       0x2c /Applications/MCUXpressoIDE_10.0.2_411/ide/tools/bin/../lib/gcc/arm-none-eabi/5.4.1/../../../../arm-none-eabi/lib/armv7-m/libc.a(lib_a-openr.o)
                0x0000000000004fac                _open_r
 .text.printf   0x0000000000004fd8       0x28 /Applications/MCUXpressoIDE_10.0.2_411/ide/tools/bin/../lib/gcc/arm-none-eabi/5.4.1/../../../../arm-none-eabi/lib/armv7-m/libc.a(lib_a-printf.o)
                0x0000000000004fd8                printf
 .text._realloc_r
                0x0000000000005000      0x3d4 /Applications/MCUXpressoIDE_10.0.2_411/ide/tools/bin/../lib/gcc/arm-none-eabi/5.4.1/../../../../arm-none-eabi/lib/armv7-m/libc.a(lib_a-reallocr.o)
                0x0000000000005000                _realloc_r
 .text.lflush   0x00000000000053d4       0x14 /Applications/MCUXpressoIDE_10.0.2_411/ide/tools/bin/../lib/gcc/arm-none-eabi/5.4.1/../../../../arm-none-eabi/lib/armv7-m/libc.a(lib_a-refill.o)
 .text.__srefill_r
                0x00000000000053e8      0x114 /Applications/MCUXpressoIDE_10.0.2_411/ide/tools/bin/../lib/gcc/arm-none-eabi/5.4.1/../../../../arm-none-eabi/lib/armv7-m/libc.a(lib_a-refill.o)
                0x00000000000053e8                __srefill_r
 .text._sbrk_r  0x00000000000054fc       0x24 /Applications/MCUXpressoIDE_10.0.2_411/ide/tools/bin/../lib/gcc/arm-none-eabi/5.4.1/../../../../arm-none-eabi/lib/armv7-m/libc.a(lib_a-sbrkr.o)
                0x00000000000054fc                _sbrk_r
 .text.setbuf   0x0000000000005520       0x10 /Applications/MCUXpressoIDE_10.0.2_411/ide/tools/bin/../lib/gcc/arm-none-eabi/5.4.1/../../../../arm-none-eabi/lib/armv7-m/libc.a(lib_a-setbuf.o)
                0x0000000000005520                setbuf
 .text.setvbuf  0x0000000000005530      0x150 /Applications/MCUXpressoIDE_10.0.2_411/ide/tools/bin/../lib/gcc/arm-none-eabi/5.4.1/../../../../arm-none-eabi/lib/armv7-m/libc.a(lib_a-setvbuf.o)
                0x0000000000005530                setvbuf
 .text.sprintf  0x0000000000005680       0x4c /Applications/MCUXpressoIDE_10.0.2_411/ide/tools/bin/../lib/gcc/arm-none-eabi/5.4.1/../../../../arm-none-eabi/lib/armv7-m/libc.a(lib_a-sprintf.o)
                0x0000000000005680                sprintf
 .text.sscanf   0x00000000000056cc       0x58 /Applications/MCUXpressoIDE_10.0.2_411/ide/tools/bin/../lib/gcc/arm-none-eabi/5.4.1/../../../../arm-none-eabi/lib/armv7-m/libc.a(lib_a-sscanf.o)
                0x00000000000056cc                sscanf
 .text.__sread  0x0000000000005724       0x24 /Applications/MCUXpressoIDE_10.0.2_411/ide/tools/bin/../lib/gcc/arm-none-eabi/5.4.1/../../../../arm-none-eabi/lib/armv7-m/libc.a(lib_a-stdio.o)
                0x0000000000005724                __sread
 .text.__seofread
                0x0000000000005748        0x4 /Applications/MCUXpressoIDE_10.0.2_411/ide/tools/bin/../lib/gcc/arm-none-eabi/5.4.1/../../../../arm-none-eabi/lib/armv7-m/libc.a(lib_a-stdio.o)
                0x0000000000005748                __seofread
 .text.__swrite
                0x000000000000574c       0x3c /Applications/MCUXpressoIDE_10.0.2_411/ide/tools/bin/../lib/gcc/arm-none-eabi/5.4.1/../../../../arm-none-eabi/lib/armv7-m/libc.a(lib_a-stdio.o)
                0x000000000000574c                __swrite
 .text.__sseek  0x0000000000005788       0x20 /Applications/MCUXpressoIDE_10.0.2_411/ide/tools/bin/../lib/gcc/arm-none-eabi/5.4.1/../../../../arm-none-eabi/lib/armv7-m/libc.a(lib_a-stdio.o)
                0x0000000000005788                __sseek
 .text.__sclose
                0x00000000000057a8        0x8 /Applications/MCUXpressoIDE_10.0.2_411/ide/tools/bin/../lib/gcc/arm-none-eabi/5.4.1/../../../../arm-none-eabi/lib/armv7-m/libc.a(lib_a-stdio.o)
                0x00000000000057a8                __sclose
 .text          0x00000000000057b0      0x1bc /Applications/MCUXpressoIDE_10.0.2_411/ide/tools/bin/../lib/gcc/arm-none-eabi/5.4.1/../../../../arm-none-eabi/lib/armv7-m/libc.a(lib_a-strcmp.o)
                0x00000000000057b0                strcmp
 .text.strlen   0x000000000000596c       0x5c /Applications/MCUXpressoIDE_10.0.2_411/ide/tools/bin/../lib/gcc/arm-none-eabi/5.4.1/../../../../arm-none-eabi/lib/armv7-m/libc.a(lib_a-strlen-stub.o)
                0x000000000000596c                strlen
 .text.strncmp  0x00000000000059c8       0x9c /Applications/MCUXpressoIDE_10.0.2_411/ide/tools/bin/../lib/gcc/arm-none-eabi/5.4.1/../../../../arm-none-eabi/lib/armv7-m/libc.a(lib_a-strncmp.o)
                0x00000000000059c8                strncmp
 .text._svfprintf_r
                0x0000000000005a64     0x1760 /Applications/MCUXpressoIDE_10.0.2_411/ide/tools/bin/../lib/gcc/arm-none-eabi/5.4.1/../../../../arm-none-eabi/lib/armv7-m/libc.a(lib_a-svfprintf.o)
                0x0000000000005a64                _svfprintf_r
 .text.__ssvfscanf_r
                0x00000000000071c4      0xe64 /Applications/MCUXpressoIDE_10.0.2_411/ide/tools/bin/../lib/gcc/arm-none-eabi/5.4.1/../../../../arm-none-eabi/lib/armv7-m/libc.a(lib_a-svfscanf.o)
                0x00000000000071c4                __ssvfscanf_r
 .text._vfprintf_r
                0x0000000000008028     0x1798 /Applications/MCUXpressoIDE_10.0.2_411/ide/tools/bin/../lib/gcc/arm-none-eabi/5.4.1/../../../../arm-none-eabi/lib/armv7-m/libc.a(lib_a-vfprintf.o)
                0x0000000000008028                _vfprintf_r
 .text.vfprintf
                0x00000000000097c0       0x18 /Applications/MCUXpressoIDE_10.0.2_411/ide/tools/bin/../lib/gcc/arm-none-eabi/5.4.1/../../../../arm-none-eabi/lib/armv7-m/libc.a(lib_a-vfprintf.o)
                0x00000000000097c0                vfprintf
 .text.__sbprintf
                0x00000000000097d8       0x6c /Applications/MCUXpressoIDE_10.0.2_411/ide/tools/bin/../lib/gcc/arm-none-eabi/5.4.1/../../../../arm-none-eabi/lib/armv7-m/libc.a(lib_a-vfprintf.o)
 .text.__swbuf_r
                0x0000000000009844       0xac /Applications/MCUXpressoIDE_10.0.2_411/ide/tools/bin/../lib/gcc/arm-none-eabi/5.4.1/../../../../arm-none-eabi/lib/armv7-m/libc.a(lib_a-wbuf.o)
                0x0000000000009844                __swbuf_r
 .text._write_r
                0x00000000000098f0       0x2c /Applications/MCUXpressoIDE_10.0.2_411/ide/tools/bin/../lib/gcc/arm-none-eabi/5.4.1/../../../../arm-none-eabi/lib/armv7-m/libc.a(lib_a-writer.o)
                0x00000000000098f0                _write_r
 .text.__swsetup_r
                0x000000000000991c       0xc8 /Applications/MCUXpressoIDE_10.0.2_411/ide/tools/bin/../lib/gcc/arm-none-eabi/5.4.1/../../../../arm-none-eabi/lib/armv7-m/libc.a(lib_a-wsetup.o)
                0x000000000000991c                __swsetup_r
 .text._close_r
                0x00000000000099e4       0x24 /Applications/MCUXpressoIDE_10.0.2_411/ide/tools/bin/../lib/gcc/arm-none-eabi/5.4.1/../../../../arm-none-eabi/lib/armv7-m/libc.a(lib_a-closer.o)
                0x00000000000099e4                _close_r
 .text.quorem   0x0000000000009a08      0x12c /Applications/MCUXpressoIDE_10.0.2_411/ide/tools/bin/../lib/gcc/arm-none-eabi/5.4.1/../../../../arm-none-eabi/lib/armv7-m/libc.a(lib_a-dtoa.o)
 *fill*         0x0000000000009b34        0x4 ff
 .text._dtoa_r  0x0000000000009b38      0xe4c /Applications/MCUXpressoIDE_10.0.2_411/ide/tools/bin/../lib/gcc/arm-none-eabi/5.4.1/../../../../arm-none-eabi/lib/armv7-m/libc.a(lib_a-dtoa.o)
                0x0000000000009b38                _dtoa_r
 .text.__sflags
                0x000000000000a984       0x74 /Applications/MCUXpressoIDE_10.0.2_411/ide/tools/bin/../lib/gcc/arm-none-eabi/5.4.1/../../../../arm-none-eabi/lib/armv7-m/libc.a(lib_a-flags.o)
                0x000000000000a984                __sflags
 .text._isatty_r
                0x000000000000a9f8       0x24 /Applications/MCUXpressoIDE_10.0.2_411/ide/tools/bin/../lib/gcc/arm-none-eabi/5.4.1/../../../../arm-none-eabi/lib/armv7-m/libc.a(lib_a-isattyr.o)
                0x000000000000a9f8                _isatty_r
 .text.iswspace
                0x000000000000aa1c       0x1c /Applications/MCUXpressoIDE_10.0.2_411/ide/tools/bin/../lib/gcc/arm-none-eabi/5.4.1/../../../../arm-none-eabi/lib/armv7-m/libc.a(lib_a-iswspace.o)
                0x000000000000aa1c                iswspace
 .text.__get_current_locale
                0x000000000000aa38       0x18 /Applications/MCUXpressoIDE_10.0.2_411/ide/tools/bin/../lib/gcc/arm-none-eabi/5.4.1/../../../../arm-none-eabi/lib/armv7-m/libc.a(lib_a-locale.o)
 .text.__locale_mb_cur_max
                0x000000000000aa50       0x1c /Applications/MCUXpressoIDE_10.0.2_411/ide/tools/bin/../lib/gcc/arm-none-eabi/5.4.1/../../../../arm-none-eabi/lib/armv7-m/libc.a(lib_a-locale.o)
                0x000000000000aa50                __locale_mb_cur_max
 .text.__locale_ctype_ptr_l
                0x000000000000aa6c        0x8 /Applications/MCUXpressoIDE_10.0.2_411/ide/tools/bin/../lib/gcc/arm-none-eabi/5.4.1/../../../../arm-none-eabi/lib/armv7-m/libc.a(lib_a-locale.o)
                0x000000000000aa6c                __locale_ctype_ptr_l
 .text.__locale_ctype_ptr
                0x000000000000aa74       0x14 /Applications/MCUXpressoIDE_10.0.2_411/ide/tools/bin/../lib/gcc/arm-none-eabi/5.4.1/../../../../arm-none-eabi/lib/armv7-m/libc.a(lib_a-locale.o)
                0x000000000000aa74                __locale_ctype_ptr
 .text.__localeconv_l
                0x000000000000aa88        0x4 /Applications/MCUXpressoIDE_10.0.2_411/ide/tools/bin/../lib/gcc/arm-none-eabi/5.4.1/../../../../arm-none-eabi/lib/armv7-m/libc.a(lib_a-localeconv.o)
                0x000000000000aa88                __localeconv_l
 .text._localeconv_r
                0x000000000000aa8c       0x1c /Applications/MCUXpressoIDE_10.0.2_411/ide/tools/bin/../lib/gcc/arm-none-eabi/5.4.1/../../../../arm-none-eabi/lib/armv7-m/libc.a(lib_a-localeconv.o)
                0x000000000000aa8c                _localeconv_r
 .text._lseek_r
                0x000000000000aaa8       0x2c /Applications/MCUXpressoIDE_10.0.2_411/ide/tools/bin/../lib/gcc/arm-none-eabi/5.4.1/../../../../arm-none-eabi/lib/armv7-m/libc.a(lib_a-lseekr.o)
                0x000000000000aaa8                _lseek_r
 .text._mbrtowc_r
                0x000000000000aad4       0x5c /Applications/MCUXpressoIDE_10.0.2_411/ide/tools/bin/../lib/gcc/arm-none-eabi/5.4.1/../../../../arm-none-eabi/lib/armv7-m/libc.a(lib_a-mbrtowc.o)
                0x000000000000aad4                _mbrtowc_r
 .text.__ascii_mbtowc
                0x000000000000ab30       0x2c /Applications/MCUXpressoIDE_10.0.2_411/ide/tools/bin/../lib/gcc/arm-none-eabi/5.4.1/../../../../arm-none-eabi/lib/armv7-m/libc.a(lib_a-mbtowc_r.o)
                0x000000000000ab30                __ascii_mbtowc
 .text._Balloc  0x000000000000ab5c       0x50 /Applications/MCUXpressoIDE_10.0.2_411/ide/tools/bin/../lib/gcc/arm-none-eabi/5.4.1/../../../../arm-none-eabi/lib/armv7-m/libc.a(lib_a-mprec.o)
                0x000000000000ab5c                _Balloc
 .text._Bfree   0x000000000000abac       0x14 /Applications/MCUXpressoIDE_10.0.2_411/ide/tools/bin/../lib/gcc/arm-none-eabi/5.4.1/../../../../arm-none-eabi/lib/armv7-m/libc.a(lib_a-mprec.o)
                0x000000000000abac                _Bfree
 .text.__multadd
                0x000000000000abc0       0x80 /Applications/MCUXpressoIDE_10.0.2_411/ide/tools/bin/../lib/gcc/arm-none-eabi/5.4.1/../../../../arm-none-eabi/lib/armv7-m/libc.a(lib_a-mprec.o)
                0x000000000000abc0                __multadd
 .text.__s2b    0x000000000000ac40       0x98 /Applications/MCUXpressoIDE_10.0.2_411/ide/tools/bin/../lib/gcc/arm-none-eabi/5.4.1/../../../../arm-none-eabi/lib/armv7-m/libc.a(lib_a-mprec.o)
                0x000000000000ac40                __s2b
 .text.__hi0bits
                0x000000000000acd8       0x40 /Applications/MCUXpressoIDE_10.0.2_411/ide/tools/bin/../lib/gcc/arm-none-eabi/5.4.1/../../../../arm-none-eabi/lib/armv7-m/libc.a(lib_a-mprec.o)
                0x000000000000acd8                __hi0bits
 .text.__lo0bits
                0x000000000000ad18       0x5c /Applications/MCUXpressoIDE_10.0.2_411/ide/tools/bin/../lib/gcc/arm-none-eabi/5.4.1/../../../../arm-none-eabi/lib/armv7-m/libc.a(lib_a-mprec.o)
                0x000000000000ad18                __lo0bits
 .text.__i2b    0x000000000000ad74       0x14 /Applications/MCUXpressoIDE_10.0.2_411/ide/tools/bin/../lib/gcc/arm-none-eabi/5.4.1/../../../../arm-none-eabi/lib/armv7-m/libc.a(lib_a-mprec.o)
                0x000000000000ad74                __i2b
 .text.__multiply
                0x000000000000ad88      0x13c /Applications/MCUXpressoIDE_10.0.2_411/ide/tools/bin/../lib/gcc/arm-none-eabi/5.4.1/../../../../arm-none-eabi/lib/armv7-m/libc.a(lib_a-mprec.o)
                0x000000000000ad88                __multiply
 .text.__pow5mult
                0x000000000000aec4       0xa0 /Applications/MCUXpressoIDE_10.0.2_411/ide/tools/bin/../lib/gcc/arm-none-eabi/5.4.1/../../../../arm-none-eabi/lib/armv7-m/libc.a(lib_a-mprec.o)
                0x000000000000aec4                __pow5mult
 .text.__lshift
                0x000000000000af64       0xac /Applications/MCUXpressoIDE_10.0.2_411/ide/tools/bin/../lib/gcc/arm-none-eabi/5.4.1/../../../../arm-none-eabi/lib/armv7-m/libc.a(lib_a-mprec.o)
                0x000000000000af64                __lshift
 .text.__mcmp   0x000000000000b010       0x40 /Applications/MCUXpressoIDE_10.0.2_411/ide/tools/bin/../lib/gcc/arm-none-eabi/5.4.1/../../../../arm-none-eabi/lib/armv7-m/libc.a(lib_a-mprec.o)
                0x000000000000b010                __mcmp
 .text.__mdiff  0x000000000000b050      0x128 /Applications/MCUXpressoIDE_10.0.2_411/ide/tools/bin/../lib/gcc/arm-none-eabi/5.4.1/../../../../arm-none-eabi/lib/armv7-m/libc.a(lib_a-mprec.o)
                0x000000000000b050                __mdiff
 .text.__ulp    0x000000000000b178       0x44 /Applications/MCUXpressoIDE_10.0.2_411/ide/tools/bin/../lib/gcc/arm-none-eabi/5.4.1/../../../../arm-none-eabi/lib/armv7-m/libc.a(lib_a-mprec.o)
                0x000000000000b178                __ulp
 .text.__b2d    0x000000000000b1bc       0xd4 /Applications/MCUXpressoIDE_10.0.2_411/ide/tools/bin/../lib/gcc/arm-none-eabi/5.4.1/../../../../arm-none-eabi/lib/armv7-m/libc.a(lib_a-mprec.o)
                0x000000000000b1bc                __b2d
 .text.__d2b    0x000000000000b290       0xa8 /Applications/MCUXpressoIDE_10.0.2_411/ide/tools/bin/../lib/gcc/arm-none-eabi/5.4.1/../../../../arm-none-eabi/lib/armv7-m/libc.a(lib_a-mprec.o)
                0x000000000000b290                __d2b
 .text.__ratio  0x000000000000b338       0x54 /Applications/MCUXpressoIDE_10.0.2_411/ide/tools/bin/../lib/gcc/arm-none-eabi/5.4.1/../../../../arm-none-eabi/lib/armv7-m/libc.a(lib_a-mprec.o)
                0x000000000000b338                __ratio
 .text.__copybits
                0x000000000000b38c       0x48 /Applications/MCUXpressoIDE_10.0.2_411/ide/tools/bin/../lib/gcc/arm-none-eabi/5.4.1/../../../../arm-none-eabi/lib/armv7-m/libc.a(lib_a-mprec.o)
                0x000000000000b38c                __copybits
 .text.__any_on
                0x000000000000b3d4       0x5c /Applications/MCUXpressoIDE_10.0.2_411/ide/tools/bin/../lib/gcc/arm-none-eabi/5.4.1/../../../../arm-none-eabi/lib/armv7-m/libc.a(lib_a-mprec.o)
                0x000000000000b3d4                __any_on
 .text._read_r  0x000000000000b430       0x2c /Applications/MCUXpressoIDE_10.0.2_411/ide/tools/bin/../lib/gcc/arm-none-eabi/5.4.1/../../../../arm-none-eabi/lib/armv7-m/libc.a(lib_a-readr.o)
                0x000000000000b430                _read_r
 .text.__sccl   0x000000000000b45c       0x74 /Applications/MCUXpressoIDE_10.0.2_411/ide/tools/bin/../lib/gcc/arm-none-eabi/5.4.1/../../../../arm-none-eabi/lib/armv7-m/libc.a(lib_a-sccl.o)
                0x000000000000b45c                __sccl
 .text.nanf     0x000000000000b4d0        0x8 /Applications/MCUXpressoIDE_10.0.2_411/ide/tools/bin/../lib/gcc/arm-none-eabi/5.4.1/../../../../arm-none-eabi/lib/armv7-m/libc.a(lib_a-sf_nan.o)
                0x000000000000b4d0                nanf
 .text.unlikely.sulp
                0x000000000000b4d8       0x44 /Applications/MCUXpressoIDE_10.0.2_411/ide/tools/bin/../lib/gcc/arm-none-eabi/5.4.1/../../../../arm-none-eabi/lib/armv7-m/libc.a(lib_a-strtod.o)
 *fill*         0x000000000000b51c        0x4 ff
 .text._strtod_l
                0x000000000000b520      0xe8c /Applications/MCUXpressoIDE_10.0.2_411/ide/tools/bin/../lib/gcc/arm-none-eabi/5.4.1/../../../../arm-none-eabi/lib/armv7-m/libc.a(lib_a-strtod.o)
                0x000000000000b520                _strtod_l
 .text._strtod_r
                0x000000000000c3ac       0x20 /Applications/MCUXpressoIDE_10.0.2_411/ide/tools/bin/../lib/gcc/arm-none-eabi/5.4.1/../../../../arm-none-eabi/lib/armv7-m/libc.a(lib_a-strtod.o)
                0x000000000000c3ac                _strtod_r
 .text._strtol_l.isra.0
                0x000000000000c3cc      0x138 /Applications/MCUXpressoIDE_10.0.2_411/ide/tools/bin/../lib/gcc/arm-none-eabi/5.4.1/../../../../arm-none-eabi/lib/armv7-m/libc.a(lib_a-strtol.o)
 .text._strtol_r
                0x000000000000c504       0x24 /Applications/MCUXpressoIDE_10.0.2_411/ide/tools/bin/../lib/gcc/arm-none-eabi/5.4.1/../../../../arm-none-eabi/lib/armv7-m/libc.a(lib_a-strtol.o)
                0x000000000000c504                _strtol_r
 .text._strtoll_l.isra.0
                0x000000000000c528      0x1ac /Applications/MCUXpressoIDE_10.0.2_411/ide/tools/bin/../lib/gcc/arm-none-eabi/5.4.1/../../../../arm-none-eabi/lib/armv7-m/libc.a(lib_a-strtoll.o)
 .text._strtoll_r
                0x000000000000c6d4       0x24 /Applications/MCUXpressoIDE_10.0.2_411/ide/tools/bin/../lib/gcc/arm-none-eabi/5.4.1/../../../../arm-none-eabi/lib/armv7-m/libc.a(lib_a-strtoll.o)
                0x000000000000c6d4                _strtoll_r
 .text._strtoul_l.isra.0
                0x000000000000c6f8      0x15c /Applications/MCUXpressoIDE_10.0.2_411/ide/tools/bin/../lib/gcc/arm-none-eabi/5.4.1/../../../../arm-none-eabi/lib/armv7-m/libc.a(lib_a-strtoul.o)
 .text._strtoul_r
                0x000000000000c854       0x24 /Applications/MCUXpressoIDE_10.0.2_411/ide/tools/bin/../lib/gcc/arm-none-eabi/5.4.1/../../../../arm-none-eabi/lib/armv7-m/libc.a(lib_a-strtoul.o)
                0x000000000000c854                _strtoul_r
 .text._strtoull_l.isra.0
                0x000000000000c878      0x1ec /Applications/MCUXpressoIDE_10.0.2_411/ide/tools/bin/../lib/gcc/arm-none-eabi/5.4.1/../../../../arm-none-eabi/lib/armv7-m/libc.a(lib_a-strtoull.o)
 .text._strtoull_r
                0x000000000000ca64       0x24 /Applications/MCUXpressoIDE_10.0.2_411/ide/tools/bin/../lib/gcc/arm-none-eabi/5.4.1/../../../../arm-none-eabi/lib/armv7-m/libc.a(lib_a-strtoull.o)
                0x000000000000ca64                _strtoull_r
 .text.__ssprint_r
                0x000000000000ca88      0x100 /Applications/MCUXpressoIDE_10.0.2_411/ide/tools/bin/../lib/gcc/arm-none-eabi/5.4.1/../../../../arm-none-eabi/lib/armv7-m/libc.a(lib_a-svfiprintf.o)
                0x000000000000ca88                __ssprint_r
 .text._sungetc_r
                0x000000000000cb88       0x84 /Applications/MCUXpressoIDE_10.0.2_411/ide/tools/bin/../lib/gcc/arm-none-eabi/5.4.1/../../../../arm-none-eabi/lib/armv7-m/libc.a(lib_a-svfiscanf.o)
                0x000000000000cb88                _sungetc_r
 .text.__ssrefill_r
                0x000000000000cc0c       0x3c /Applications/MCUXpressoIDE_10.0.2_411/ide/tools/bin/../lib/gcc/arm-none-eabi/5.4.1/../../../../arm-none-eabi/lib/armv7-m/libc.a(lib_a-svfiscanf.o)
                0x000000000000cc0c                __ssrefill_r
 .text._sfread_r
                0x000000000000cc48       0x84 /Applications/MCUXpressoIDE_10.0.2_411/ide/tools/bin/../lib/gcc/arm-none-eabi/5.4.1/../../../../arm-none-eabi/lib/armv7-m/libc.a(lib_a-svfiscanf.o)
                0x000000000000cc48                _sfread_r
 .text.__submore
                0x000000000000cccc       0x7c /Applications/MCUXpressoIDE_10.0.2_411/ide/tools/bin/../lib/gcc/arm-none-eabi/5.4.1/../../../../arm-none-eabi/lib/armv7-m/libc.a(lib_a-ungetc.o)
                0x000000000000cccc                __submore
 .text.__sprint_r.part.0
                0x000000000000cd48       0x78 /Applications/MCUXpressoIDE_10.0.2_411/ide/tools/bin/../lib/gcc/arm-none-eabi/5.4.1/../../../../arm-none-eabi/lib/armv7-m/libc.a(lib_a-vfiprintf.o)
 .text.__sprint_r
                0x000000000000cdc0       0x14 /Applications/MCUXpressoIDE_10.0.2_411/ide/tools/bin/../lib/gcc/arm-none-eabi/5.4.1/../../../../arm-none-eabi/lib/armv7-m/libc.a(lib_a-vfiprintf.o)
                0x000000000000cdc0                __sprint_r
 .text.__ascii_wctomb
                0x000000000000cdd4       0x1c /Applications/MCUXpressoIDE_10.0.2_411/ide/tools/bin/../lib/gcc/arm-none-eabi/5.4.1/../../../../arm-none-eabi/lib/armv7-m/libc.a(lib_a-wctomb_r.o)
                0x000000000000cdd4                __ascii_wctomb
 .text._calloc_r
                0x000000000000cdf0       0x60 /Applications/MCUXpressoIDE_10.0.2_411/ide/tools/bin/../lib/gcc/arm-none-eabi/5.4.1/../../../../arm-none-eabi/lib/armv7-m/libc.a(lib_a-callocr.o)
                0x000000000000cdf0                _calloc_r
 .text.__fputwc
                0x000000000000ce50       0x94 /Applications/MCUXpressoIDE_10.0.2_411/ide/tools/bin/../lib/gcc/arm-none-eabi/5.4.1/../../../../arm-none-eabi/lib/armv7-m/libc.a(lib_a-fputwc.o)
                0x000000000000ce50                __fputwc
 .text._fputwc_r
                0x000000000000cee4       0x24 /Applications/MCUXpressoIDE_10.0.2_411/ide/tools/bin/../lib/gcc/arm-none-eabi/5.4.1/../../../../arm-none-eabi/lib/armv7-m/libc.a(lib_a-fputwc.o)
                0x000000000000cee4                _fputwc_r
 .text.rshift   0x000000000000cf08       0xa8 /Applications/MCUXpressoIDE_10.0.2_411/ide/tools/bin/../lib/gcc/arm-none-eabi/5.4.1/../../../../arm-none-eabi/lib/armv7-m/libc.a(lib_a-gdtoa-gethex.o)
 .text.__gethex
                0x000000000000cfb0      0x510 /Applications/MCUXpressoIDE_10.0.2_411/ide/tools/bin/../lib/gcc/arm-none-eabi/5.4.1/../../../../arm-none-eabi/lib/armv7-m/libc.a(lib_a-gdtoa-gethex.o)
                0x000000000000cfb0                __gethex
 .text.__match  0x000000000000d4c0       0x30 /Applications/MCUXpressoIDE_10.0.2_411/ide/tools/bin/../lib/gcc/arm-none-eabi/5.4.1/../../../../arm-none-eabi/lib/armv7-m/libc.a(lib_a-gdtoa-hexnan.o)
                0x000000000000d4c0                __match
 .text.__hexnan
                0x000000000000d4f0      0x180 /Applications/MCUXpressoIDE_10.0.2_411/ide/tools/bin/../lib/gcc/arm-none-eabi/5.4.1/../../../../arm-none-eabi/lib/armv7-m/libc.a(lib_a-gdtoa-hexnan.o)
                0x000000000000d4f0                __hexnan
 .text._wcrtomb_r
                0x000000000000d670       0x54 /Applications/MCUXpressoIDE_10.0.2_411/ide/tools/bin/../lib/gcc/arm-none-eabi/5.4.1/../../../../arm-none-eabi/lib/armv7-m/libc.a(lib_a-wcrtomb.o)
                0x000000000000d670                _wcrtomb_r
 .text._sbrk    0x000000000000d6c4       0x3c /Applications/MCUXpressoIDE_10.0.2_411/ide/tools/bin/../lib/gcc/arm-none-eabi/5.4.1/../../../../arm-none-eabi/lib/armv7-m/libcr_newlib_nohost.a(_cr_sbrk.o)
                0x000000000000d6c4                _sbrk
 .text.__check_heap_overflow
                0x000000000000d700       0x18 /Applications/MCUXpressoIDE_10.0.2_411/ide/tools/bin/../lib/gcc/arm-none-eabi/5.4.1/../../../../arm-none-eabi/lib/armv7-m/libcr_newlib_nohost.a(_cr_check_heap.o)
                0x000000000000d700                __check_heap_overflow
 .text          0x000000000000d718       0x5c /Applications/MCUXpressoIDE_10.0.2_411/ide/tools/bin/../lib/gcc/arm-none-eabi/5.4.1/armv7-m/crtbegin.o
 .text          0x000000000000d774       0x2c /Applications/MCUXpressoIDE_10.0.2_411/ide/tools/bin/../lib/gcc/arm-none-eabi/5.4.1/armv7-m/libgcc.a(_arm_unorddf2.o)
                0x000000000000d774                __aeabi_dcmpun
                0x000000000000d774                __unorddf2
 .text          0x000000000000d7a0       0x40 /Applications/MCUXpressoIDE_10.0.2_411/ide/tools/bin/../lib/gcc/arm-none-eabi/5.4.1/armv7-m/libgcc.a(_arm_fixunsdfsi.o)
                0x000000000000d7a0                __fixunsdfsi
                0x000000000000d7a0                __aeabi_d2uiz
 .text          0x000000000000d7e0       0xa0 /Applications/MCUXpressoIDE_10.0.2_411/ide/tools/bin/../lib/gcc/arm-none-eabi/5.4.1/armv7-m/libgcc.a(_arm_truncdfsf2.o)
                0x000000000000d7e0                __aeabi_d2f
                0x000000000000d7e0                __truncdfsf2
 *(.rodata .rodata.*)
 .rodata        0x000000000000d880       0x38 ./MyLib/SerialCtrl-v1b.o
 .rodata.str1.1
                0x000000000000d8b8       0x9d ./main.o
 *fill*         0x000000000000d955        0x3 ff
 .rodata.str1.4
                0x000000000000d958       0x80 /Users/shinkichi/Documents/MCUXpressoIDE_10.0.2/workspace/LabProject/mbed/TARGET_LPC1768/TOOLCHAIN_GCC_CR/board.o
 .rodata.__stdin_name
                0x000000000000d9d8        0x8 /Users/shinkichi/Documents/MCUXpressoIDE_10.0.2/workspace/LabProject/mbed/TARGET_LPC1768/TOOLCHAIN_GCC_CR/retarget.o
                0x000000000000d9d8                __stdin_name
 .rodata.__stderr_name
                0x000000000000d9e0        0x8 /Users/shinkichi/Documents/MCUXpressoIDE_10.0.2/workspace/LabProject/mbed/TARGET_LPC1768/TOOLCHAIN_GCC_CR/retarget.o
                0x000000000000d9e0                __stderr_name
 .rodata.__stdout_name
                0x000000000000d9e8        0x8 /Users/shinkichi/Documents/MCUXpressoIDE_10.0.2/workspace/LabProject/mbed/TARGET_LPC1768/TOOLCHAIN_GCC_CR/retarget.o
                0x000000000000d9e8                __stdout_name
 .rodata._ZTVN4mbed10FileHandleE
                0x000000000000d9f0       0x30 /Users/shinkichi/Documents/MCUXpressoIDE_10.0.2/workspace/LabProject/mbed/TARGET_LPC1768/TOOLCHAIN_GCC_CR/retarget.o
                0x000000000000d9f0                vtable for mbed::FileHandle
 .rodata.str1.4
                0x000000000000da20        0xe /Users/shinkichi/Documents/MCUXpressoIDE_10.0.2/workspace/LabProject/mbed/TARGET_LPC1768/TOOLCHAIN_GCC_CR/retarget.o
                                         0x10 (size before relaxing)
 *fill*         0x000000000000da2e        0x2 ff
 .rodata.PinMap_PWM
                0x000000000000da30       0xb4 /Users/shinkichi/Documents/MCUXpressoIDE_10.0.2/workspace/LabProject/mbed/TARGET_LPC1768/TOOLCHAIN_GCC_CR/libmbed.a(pwmout_api.o)
 .rodata.str1.4
                0x000000000000dae4       0x7c /Users/shinkichi/Documents/MCUXpressoIDE_10.0.2/workspace/LabProject/mbed/TARGET_LPC1768/TOOLCHAIN_GCC_CR/libmbed.a(pwmout_api.o)
 .rodata.PinMap_UART_RTS
                0x000000000000db60       0x24 /Users/shinkichi/Documents/MCUXpressoIDE_10.0.2/workspace/LabProject/mbed/TARGET_LPC1768/TOOLCHAIN_GCC_CR/libmbed.a(serial_api.o)
 .rodata.CSWTCH.24
                0x000000000000db84       0x10 /Users/shinkichi/Documents/MCUXpressoIDE_10.0.2/workspace/LabProject/mbed/TARGET_LPC1768/TOOLCHAIN_GCC_CR/libmbed.a(serial_api.o)
 .rodata.PinMap_UART_RX
                0x000000000000db94       0x6c /Users/shinkichi/Documents/MCUXpressoIDE_10.0.2/workspace/LabProject/mbed/TARGET_LPC1768/TOOLCHAIN_GCC_CR/libmbed.a(serial_api.o)
 .rodata.str1.4
                0x000000000000dc00      0x1d0 /Users/shinkichi/Documents/MCUXpressoIDE_10.0.2/workspace/LabProject/mbed/TARGET_LPC1768/TOOLCHAIN_GCC_CR/libmbed.a(serial_api.o)
                                        0x1e8 (size before relaxing)
 .rodata.PinMap_UART_TX